Component: ARM Compiler 5.06 update 7 (build 960) Tool: armlink [4d3601]

==============================================================================

Section Cross References

    http_server.o(.text) refers to adc.o(.text) for ADC_StartConversion
    http_server.o(.text) refers to printfa.o(i.__0sprintf) for __2sprintf
    http_server.o(.text) refers to net_addr4.o(i.ip4_ntoa) for ip4_ntoa
    http_server.o(.text) refers to lcd.o(.text) for init
    http_server.o(.text) refers to rt_cmsis.o(i.osDelay) for osDelay
    http_server.o(.text) refers to leds.o(.text) for LED_SetOut
    http_server.o(.text) refers to net_sys.o(i.net_initialize) for net_initialize
    http_server.o(.text) refers to rtc.o(.text) for obtenerFechayHora
    http_server.o(.text) refers to rt_cmsis.o(i.osThreadCreate) for osThreadCreate
    http_server.o(.text) refers to startup_lpc17xx_1.o(.text) for RTC_IRQHandler
    http_server.o(.text) refers to net_sys.o(i.net_main) for net_main
    http_server.o(.text) refers to rt_cmsis.o(i.osThreadYield) for osThreadYield
    http_server.o(.text) refers to http_server.o(.bss) for .bss
    http_server.o(.text) refers to http_server.o(.data) for .data
    http_server.o(.text) refers to http_server.o(.constdata) for .constdata
    http_server.o(.constdata) refers to http_server.o(.text) for BlinkLed
    http_server_cgi.o(.text) refers to net_http_server.o(i.http_get_env_var) for http_get_env_var
    http_server_cgi.o(.text) refers to strncmp.o(.text) for strncmp
    http_server_cgi.o(.text) refers to net_addr4.o(i.ip4_aton) for ip4_aton
    http_server_cgi.o(.text) refers to strcmp.o(.text) for strcmp
    http_server_cgi.o(.text) refers to leds.o(.text) for LED_SetOut
    http_server_cgi.o(.text) refers to strcpy.o(.text) for strcpy
    http_server_cgi.o(.text) refers to net_addr4.o(i.ip4_ntoa) for ip4_ntoa
    http_server_cgi.o(.text) refers to printfa.o(i.__0sprintf) for __2sprintf
    http_server_cgi.o(.text) refers to net_tcp.o(i.tcp_ntoa) for tcp_ntoa
    http_server_cgi.o(.text) refers to net_http_server.o(i.http_server_get_lang) for http_server_get_lang
    http_server_cgi.o(.text) refers to http_server.o(.text) for AD_in
    http_server_cgi.o(.text) refers to ffltui.o(.text) for __aeabi_ui2f
    http_server_cgi.o(.text) refers to fmul.o(.text) for __aeabi_fmul
    http_server_cgi.o(.text) refers to fscalb.o(.text) for __ARM_scalbnf
    http_server_cgi.o(.text) refers to f2d.o(.text) for __aeabi_f2d
    http_server_cgi.o(.text) refers to net_sys.o(.bss) for localm
    http_server_cgi.o(.text) refers to http_server_cgi.o(.data) for .data
    http_server_cgi.o(.text) refers to http_server.o(.data) for LEDrun
    http_server_cgi.o(.text) refers to net_config.o(.constdata) for http_config
    http_server_cgi.o(.text) refers to http_server.o(.bss) for lcd_text
    http_server_cgi.o(.text) refers to net_config.o(.constdata) for tcp_config
    http_server_cgi.o(.text) refers to http_server_cgi.o(.conststring) for .conststring
    web.o(.text) refers to web.o(.constdata) for .constdata
    web.o(.constdata) refers to web.o(.constdata) for imageFileData
    leds.o(.text) refers to gpio_lpc17xx.o(.text) for GPIO_PortClock
    leds.o(.text) refers to pin_lpc17xx.o(.text) for PIN_Configure
    leds.o(.text) refers to leds.o(.constdata) for .constdata
    lcd.o(.text) refers to gpio_lpc17xx.o(.text) for GPIO_PinWrite
    lcd.o(.text) refers to strlen.o(.text) for strlen
    lcd.o(.text) refers to lcd.o(.data) for .data
    lcd.o(.text) refers to lcd.o(.bss) for .bss
    lcd.o(.text) refers to lcd.o(.constdata) for .constdata
    lcd.o(.data) refers to ssp_lpc17xx.o(.constdata) for Driver_SPI1
    adc.o(.text) refers to pin_lpc17xx.o(.text) for PIN_Configure
    adc.o(.text) refers to adc.o(.data) for .data
    lpc17xx_rtc.o(.text) refers to lpc17xx_libcfg_default.o(.text) for check_failed
    lpc17xx_rtc.o(.text) refers to lpc17xx_clkpwr.o(.text) for CLKPWR_ConfigPPWR
    lpc17xx_clkpwr.o(.text) refers to system_lpc17xx_1.o(.data) for SystemCoreClock
    rtc.o(.text) refers to lpc17xx_rtc.o(.text) for RTC_GetTime
    rtc.o(.text) refers to printfa.o(i.__0sprintf) for __2sprintf
    rtc.o(.text) refers to lcd.o(.text) for EscribeFrase
    rtc.o(.text) refers to rtc.o(.data) for .data
    rtc.o(.text) refers to rtc.o(.bss) for .bss
    rtx_conf_cm.o(.ARM.Collect$$$$000000FF) refers to rt_cmsis.o(i.osKernelInitialize) for osKernelInitialize
    rtx_conf_cm.o(.ARM.Collect$$$$000000FF) refers to rt_cmsis.o(i.osThreadCreate) for osThreadCreate
    rtx_conf_cm.o(.ARM.Collect$$$$000000FF) refers to rt_cmsis.o(i.osKernelStart) for osKernelStart
    rtx_conf_cm.o(.ARM.Collect$$$$000000FF) refers to rtx_conf_cm.o(.constdata) for .constdata
    rtx_conf_cm.o(.constdata) refers to http_server.o(.text) for main
    rtx_conf_cm.o(.constdata) refers to rt_cmsis.o(i.osTimerThread) for osTimerThread
    rtx_conf_cm.o(.constdata) refers to rtx_conf_cm.o(.bss) for os_messageQ_q_osTimerMessageQ
[...]
    CLKPWR_GetPCLKSEL                        0x000016e3   Thumb Code    26  lpc17xx_clkpwr.o(.text)
    CLKPWR_GetPCLK                           0x000016fd   Thumb Code    38  lpc17xx_clkpwr.o(.text)
    CLKPWR_ConfigPPWR                        0x00001723   Thumb Code    34  lpc17xx_clkpwr.o(.text)
    CLKPWR_Sleep                             0x00001745   Thumb Code    12  lpc17xx_clkpwr.o(.text)
    CLKPWR_DeepSleep                         0x00001751   Thumb Code    18  lpc17xx_clkpwr.o(.text)
    CLKPWR_PowerDown                         0x00001763   Thumb Code    18  lpc17xx_clkpwr.o(.text)
    CLKPWR_DeepPowerDown                     0x00001775   Thumb Code    18  lpc17xx_clkpwr.o(.text)
    obtenerFechayHora                        0x00001799   Thumb Code   122  rtc.o(.text)
    ENET_IRQHandler                          0x000020b5   Thumb Code    50  emac_lpc17xx.o(.text)
    SSPx_GPDMA_Tx_SignalEvent                0x00002d73   Thumb Code    12  ssp_lpc17xx.o(.text)
    SSPx_GPDMA_Rx_SignalEvent                0x00002d7f   Thumb Code    30  ssp_lpc17xx.o(.text)
    SSP1_GPDMA_Tx_SignalEvent                0x00002ecd   Thumb Code     4  ssp_lpc17xx.o(.text)
    SSP1_GPDMA_Rx_SignalEvent                0x00002ed1   Thumb Code     4  ssp_lpc17xx.o(.text)
    SSP1_IRQHandler                          0x00002ed5   Thumb Code     4  ssp_lpc17xx.o(.text)
    GPDMA_Initialize                         0x00002f5d   Thumb Code    98  gpdma_lpc17xx.o(.text)
    GPDMA_Uninitialize                       0x00002fbf   Thumb Code    64  gpdma_lpc17xx.o(.text)
    GPDMA_PeripheralSelect                   0x00002fff   Thumb Code    48  gpdma_lpc17xx.o(.text)
    GPDMA_ChannelConfigure                   0x0000302f   Thumb Code   186  gpdma_lpc17xx.o(.text)
    GPDMA_ChannelEnable                      0x000030e9   Thumb Code    46  gpdma_lpc17xx.o(.text)
    GPDMA_ChannelDisable                     0x00003117   Thumb Code    40  gpdma_lpc17xx.o(.text)
    GPDMA_ChannelGetStatus                   0x0000313f   Thumb Code    24  gpdma_lpc17xx.o(.text)
    GPDMA_ChannelGetCount                    0x00003157   Thumb Code    38  gpdma_lpc17xx.o(.text)
    DMA_IRQHandler                           0x0000317d   Thumb Code   220  gpdma_lpc17xx.o(.text)
    GPIO_PortClock                           0x000032c5   Thumb Code    24  gpio_lpc17xx.o(.text)
    GPIO_SetDir                              0x000032dd   Thumb Code    26  gpio_lpc17xx.o(.text)
    GPIO_PinWrite                            0x000032f7   Thumb Code    20  gpio_lpc17xx.o(.text)
    GPIO_PinRead                             0x0000330b   Thumb Code    20  gpio_lpc17xx.o(.text)
    GPIO_PortWrite                           0x0000331f   Thumb Code    14  gpio_lpc17xx.o(.text)
    GPIO_PortRead                            0x0000332d   Thumb Code    10  gpio_lpc17xx.o(.text)
    PIN_Configure                            0x00003341   Thumb Code   100  pin_lpc17xx.o(.text)
    PIN_ConfigureTPIU                        0x000033a5   Thumb Code    24  pin_lpc17xx.o(.text)
    PIN_ConfigureI2C0Pins                    0x000033bd   Thumb Code    22  pin_lpc17xx.o(.text)
    SystemCoreClockUpdate                    0x000033d9   Thumb Code   184  system_lpc17xx_1.o(.text)
    SystemInit                               0x00003491   Thumb Code   196  system_lpc17xx_1.o(.text)
    net_sys_init                             0x00003575   Thumb Code    38  net_config.o(.text)
    net_sys_run                              0x0000359b   Thumb Code    26  net_config.o(.text)
    igmp_is_member                           0x000035b5   Thumb Code     4  net_config.o(.text)
    igmp_process                             0x000035b9   Thumb Code     2  net_config.o(.text)
    dhcp_disable                             0x000035bb   Thumb Code     4  net_config.o(.text)
    ppp_send_frame                           0x000035bf   Thumb Code     4  net_config.o(.text)
    slip_send_frame                          0x000035c3   Thumb Code     4  net_config.o(.text)
    sntp_get_time                            0x000035c7   Thumb Code     4  net_config.o(.text)
    http_server_fopen                        0x000035cb   Thumb Code     4  net_config.o(.text)
    http_server_fclose                       0x000035cf   Thumb Code     2  net_config.o(.text)
    http_server_fread                        0x000035d1   Thumb Code     4  net_config.o(.text)
    http_server_fgets                        0x000035d5   Thumb Code     4  net_config.o(.text)
    http_server_ftime                        0x000035d9   Thumb Code     4  net_config.o(.text)
    net_sys_error                            0x000035dd   Thumb Code     2  net_config.o(.text)
    __aeabi_uldivmod                         0x000035df   Thumb Code    98  uldiv.o(.text)
    strlen                                   0x00003641   Thumb Code    14  strlen.o(.text)
    strcmp                                   0x0000364f   Thumb Code    28  strcmp.o(.text)
    memcmp                                   0x0000366b   Thumb Code    26  memcmp.o(.text)
    strcpy                                   0x00003685   Thumb Code    18  strcpy.o(.text)
    strncmp                                  0x00003697   Thumb Code    30  strncmp.o(.text)
    __0sscanf                                0x000036b5   Thumb Code    48  __0sscanf.o(.text)
    _scanf_int                               0x000036ed   Thumb Code   332  _scanf_int.o(.text)
    atoi                                     0x00003839   Thumb Code    26  atoi.o(.text)
    __aeabi_fmul                             0x00003853   Thumb Code   100  fmul.o(.text)
    __ARM_scalbnf                            0x000038b7   Thumb Code    24  fscalb.o(.text)
    scalbnf                                  0x000038b7   Thumb Code     0  fscalb.o(.text)
    __aeabi_ui2f                             0x000038cf   Thumb Code    10  ffltui.o(.text)
    __aeabi_f2d                              0x000038d9   Thumb Code    38  f2d.o(.text)
    __aeabi_uidiv                            0x000038ff   Thumb Code     0  uidiv.o(.text)
    __aeabi_uidivmod                         0x000038ff   Thumb Code    44  uidiv.o(.text)
    __aeabi_llsl                             0x0000392b   Thumb Code    30  llshl.o(.text)
    _ll_shift_l                              0x0000392b   Thumb Code     0  llshl.o(.text)
    __aeabi_llsr                             0x00003949   Thumb Code    32  llushr.o(.text)
    _ll_ushift_r                             0x00003949   Thumb Code     0  llushr.o(.text)
    _chval                                   0x00003969   Thumb Code    28  _chval.o(.text)
    __vfscanf_char                           0x00003991   Thumb Code    20  scanf_char.o(.text)
    _sgetc                                   0x000039ad   Thumb Code    30  _sgetc.o(.text)
    _sbackspace                              0x000039cb   Thumb Code    34  _sgetc.o(.text)
    strtol                                   0x000039ed   Thumb Code   112  strtol.o(.text)
    _float_round                             0x00003a5d   Thumb Code    18  fepilogue.o(.text)
    _float_epilogue                          0x00003a6f   Thumb Code    92  fepilogue.o(.text)
    __aeabi_dadd                             0x00003acb   Thumb Code   322  dadd.o(.text)
    __aeabi_dsub                             0x00003c0d   Thumb Code     6  dadd.o(.text)
    __aeabi_drsub                            0x00003c13   Thumb Code     6  dadd.o(.text)
    __aeabi_dmul                             0x00003c19   Thumb Code   228  dmul.o(.text)
    __aeabi_ddiv                             0x00003cfd   Thumb Code   222  ddiv.o(.text)
    __aeabi_d2ulz                            0x00003ddb   Thumb Code    48  dfixul.o(.text)
    __aeabi_cdrcmple                         0x00003e0d   Thumb Code    48  cdrcmple.o(.text)
    __scatterload                            0x00003e3d   Thumb Code    28  init.o(.text)
    __scatterload_rt2                        0x00003e3d   Thumb Code     0  init.o(.text)
    __aeabi_lasr                             0x00003e61   Thumb Code    36  llsshr.o(.text)
    _ll_sshift_r                             0x00003e61   Thumb Code     0  llsshr.o(.text)
    isspace                                  0x00003e85   Thumb Code    18  isspace_o.o(.text)
    __vfscanf                                0x00003e99   Thumb Code   810  _scanf.o(.text)
    _strtoul                                 0x000041c9   Thumb Code   158  _strtoul.o(.text)
    _double_round                            0x00004267   Thumb Code    30  depilogue.o(.text)
    _double_epilogue                         0x00004285   Thumb Code   156  depilogue.o(.text)
    SVC_Count                                0x00004320   Data           4  svc_table.o(SVC_TABLE)
    SVC_Table                                0x00004324   Data           0  svc_table.o(SVC_TABLE)
    __0sprintf                               0x00004325   Thumb Code    34  printfa.o(i.__0sprintf)
    __1sprintf                               0x00004325   Thumb Code     0  printfa.o(i.__0sprintf)
    __2sprintf                               0x00004325   Thumb Code     0  printfa.o(i.__0sprintf)
    __c89sprintf                             0x00004325   Thumb Code     0  printfa.o(i.__0sprintf)
    sprintf                                  0x00004325   Thumb Code     0  printfa.o(i.__0sprintf)
    __aeabi_errno_addr                       0x0000434d   Thumb Code     4  errno.o(i.__aeabi_errno_addr)
    __rt_errno_addr                          0x0000434d   Thumb Code     0  errno.o(i.__aeabi_errno_addr)
    __scatterload_copy                       0x00004355   Thumb Code    14  handlers.o(i.__scatterload_copy)
    __scatterload_null                       0x00004363   Thumb Code     2  handlers.o(i.__scatterload_null)
    __scatterload_zeroinit                   0x00004365   Thumb Code    14  handlers.o(i.__scatterload_zeroinit)
    _init_box                                0x000044f9   Thumb Code    70  rt_membox.o(i._init_box)
    arp_cache_add                            0x00004c85   Thumb Code   156  net_arp.o(i.arp_cache_add)
    arp_cache_early                          0x00004db1   Thumb Code   128  net_arp.o(i.arp_cache_early)
    arp_cache_find                           0x00004e39   Thumb Code   148  net_arp.o(i.arp_cache_find)
    arp_cache_update                         0x00004ed9   Thumb Code   212  net_arp.o(i.arp_cache_update)
    arp_init                                 0x00004fbd   Thumb Code    38  net_arp.o(i.arp_init)
    arp_notify                               0x00005029   Thumb Code    26  net_arp.o(i.arp_notify)
    arp_process                              0x000050c5   Thumb Code   276  net_arp.o(i.arp_process)
    b64_to_asc                               0x00005325   Thumb Code   122  net_common.o(i.b64_to_asc)
    cgi_content_type                         0x0000539f   Thumb Code     4  net_http_server.o(i.cgi_content_type)
    cgx_content_type                         0x000053a3   Thumb Code     4  net_http_server.o(i.cgx_content_type)
    chksum16                                 0x00005519   Thumb Code    50  net_common.o(i.chksum16)
    dbg_init                                 0x00005591   Thumb Code    34  hal_cm.o(i.dbg_init)
    dbg_task_notify                          0x000055c1   Thumb Code    32  hal_cm.o(i.dbg_task_notify)
    dbg_task_switch                          0x000055e1   Thumb Code    16  hal_cm.o(i.dbg_task_switch)
    eth_chk_addr                             0x000056d9   Thumb Code    28  net_eth.o(i.eth_chk_addr)
    eth_init_link                            0x00005769   Thumb Code   222  net_eth.o(i.eth_init_link)
    eth_link_notify                          0x00005861   Thumb Code     2  net_eth.o(i.eth_link_notify)
    eth_output                               0x00005879   Thumb Code    86  net_eth.o(i.eth_output)
    eth_run_link                             0x000058dd   Thumb Code   210  net_eth.o(i.eth_run_link)
    eth_send_frame                           0x000059c1   Thumb Code   146  net_eth.o(i.eth_send_frame)
    eth_thread                               0x00005a65   Thumb Code    14  net_eth.o(i.eth_thread)
    get_rnd32                                0x00005aed   Thumb Code    18  net_sys.o(i.get_rnd32)
    http_accept_client                       0x00005b1b   Thumb Code     4  net_http_server.o(i.http_accept_client)
    http_check_account                       0x00005e31   Thumb Code     4  net_http_server.o(i.http_check_account)
    http_encoding                            0x00005e35   Thumb Code     4  net_http_server.o(i.http_encoding)
    http_file_access                         0x00005fb1   Thumb Code     4  net_http_server.o(i.http_file_access)
    http_get_env_var                         0x00005fb5   Thumb Code   104  net_http_server.o(i.http_get_env_var)
    http_server_get_lang                     0x000067b5   Thumb Code    28  net_http_server.o(i.http_server_get_lang)
    http_server_init                         0x000067d9   Thumb Code    82  net_http_server.o(i.http_server_init)
    http_server_run                          0x00006835   Thumb Code   808  net_http_server.o(i.http_server_run)
    icmp_process                             0x00006c2d   Thumb Code   210  net_icmp.o(i.icmp_process)
    icmp_service_init                        0x00006d89   Thumb Code    10  net_icmp.o(i.icmp_service_init)
    icmp_service_run                         0x00006d99   Thumb Code    58  net_icmp.o(i.icmp_service_run)
    ip4_aton                                 0x00006de1   Thumb Code    82  net_addr4.o(i.ip4_aton)
    ip4_checksum                             0x00006e49   Thumb Code    76  net_ip.o(i.ip4_checksum)
    ip4_ntoa                                 0x00006e95   Thumb Code    34  net_addr4.o(i.ip4_ntoa)
    ip_chk_frame                             0x00006ecd   Thumb Code   196  net_ip.o(i.ip_chk_frame)
    ip_get_locadr                            0x00006fa9   Thumb Code    54  net_ip.o(i.ip_get_locadr)
    ip_localhost_init                        0x00007069   Thumb Code    68  net_ip.o(i.ip_localhost_init)
    ip_localhost_run                         0x000070b9   Thumb Code    86  net_ip.o(i.ip_localhost_run)
    ip_send_frame                            0x00007119   Thumb Code   312  net_ip.o(i.ip_send_frame)
    ip_tx_offload                            0x00007259   Thumb Code    40  net_ip.o(i.ip_tx_offload)
    is_subnet                                0x00007289   Thumb Code    26  net_addr4.o(i.is_subnet)
    is_subnet_bcast                          0x000072a5   Thumb Code    34  net_ip.o(i.is_subnet_bcast)
    isrMessageGet                            0x000072cd   Thumb Code    42  rt_cmsis.o(i.isrMessageGet)
    isrMessagePut                            0x000072f7   Thumb Code    44  rt_cmsis.o(i.isrMessagePut)
    isrSignalSet                             0x00007323   Thumb Code    36  rt_cmsis.o(i.isrSignalSet)
    isr_evt_set                              0x00007349   Thumb Code    34  rt_event.o(i.isr_evt_set)
    isr_mbx_receive                          0x00007371   Thumb Code    86  rt_mailbox.o(i.isr_mbx_receive)
    isr_mbx_send                             0x000073c7   Thumb Code    14  rt_mailbox.o(i.isr_mbx_send)
    mem_alloc                                0x000073d5   Thumb Code   130  net_mem.o(i.mem_alloc)
    mem_avail                                0x00007461   Thumb Code    22  net_mem.o(i.mem_avail)
    mem_crc32                                0x0000747d   Thumb Code    32  net_common.o(i.mem_crc32)
    mem_free                                 0x0000749d   Thumb Code   100  net_mem.o(i.mem_free)
    mem_init                                 0x00007509   Thumb Code    86  net_mem.o(i.mem_init)
    mem_resize                               0x0000757d   Thumb Code    50  net_mem.o(i.mem_resize)
    nbns_client_init                         0x000075c1   Thumb Code    40  net_nbns_client.o(i.nbns_client_init)
    net_initialize                           0x00007751   Thumb Code    58  net_sys.o(i.net_initialize)
    net_main                                 0x0000779d   Thumb Code    86  net_sys.o(i.net_main)
    osDelay                                  0x00007815   Thumb Code    18  rt_cmsis.o(i.osDelay)
    osKernelInitialize                       0x0000782d   Thumb Code    30  rt_cmsis.o(i.osKernelInitialize)
    osKernelStart                            0x00007851   Thumb Code    98  rt_cmsis.o(i.osKernelStart)
    osKernelSysTick                          0x000078bd   Thumb Code    18  rt_cmsis.o(i.osKernelSysTick)
    osMessageGet                             0x000078d5   Thumb Code    18  rt_cmsis.o(i.osMessageGet)
    osMutexCreate                            0x000078ed   Thumb Code    36  rt_cmsis.o(i.osMutexCreate)
    osMutexRelease                           0x00007919   Thumb Code    18  rt_cmsis.o(i.osMutexRelease)
    osMutexWait                              0x00007931   Thumb Code    18  rt_cmsis.o(i.osMutexWait)
    osSignalSet                              0x00007949   Thumb Code    18  rt_cmsis.o(i.osSignalSet)
    osSignalWait                             0x00007961   Thumb Code    18  rt_cmsis.o(i.osSignalWait)
    osThreadCreate                           0x00007979   Thumb Code    36  rt_cmsis.o(i.osThreadCreate)
    osThreadExit                             0x000079a5   Thumb Code    14  rt_cmsis.o(i.osThreadExit)
    osThreadYield                            0x000079bd   Thumb Code    18  rt_cmsis.o(i.osThreadYield)
    osTimerCall                              0x000079d5   Thumb Code     8  rt_cmsis.o(i.osTimerCall)
    osTimerCreate                            0x000079e1   Thumb Code    36  rt_cmsis.o(i.osTimerCreate)
    osTimerStart                             0x00007a0d   Thumb Code    18  rt_cmsis.o(i.osTimerStart)
    osTimerThread                            0x00007a25   Thumb Code    38  rt_cmsis.o(i.osTimerThread)
    os_tick_init                             0x00007a51   Thumb Code    32  rt_system.o(i.os_tick_init)
    os_tick_irqack                           0x00007a79   Thumb Code     2  rt_system.o(i.os_tick_irqack)
    os_tick_ovf                              0x00007a7d   Thumb Code    10  rt_system.o(i.os_tick_ovf)
    os_tick_val                              0x00007a8d   Thumb Code    14  rt_system.o(i.os_tick_val)
    rt_alloc_box                             0x00007b69   Thumb Code    26  rt_membox.o(i.rt_alloc_box)
    rt_alloc_mem                             0x00007b83   Thumb Code    62  rt_memory.o(i.rt_alloc_mem)
    rt_block                                 0x00007bc1   Thumb Code    48  rt_task.o(i.rt_block)
    rt_chk_robin                             0x00007bf9   Thumb Code    60  rt_robin.o(i.rt_chk_robin)
    rt_dec_dly                               0x00007c41   Thumb Code   102  rt_list.o(i.rt_dec_dly)
    rt_dispatch                              0x00007cb1   Thumb Code    60  rt_task.o(i.rt_dispatch)
    rt_dly_wait                              0x00007cf5   Thumb Code     6  rt_time.o(i.rt_dly_wait)
    rt_evt_psh                               0x00007cfd   Thumb Code    76  rt_event.o(i.rt_evt_psh)
    rt_evt_set                               0x00007d4d   Thumb Code    88  rt_event.o(i.rt_evt_set)
    rt_evt_wait                              0x00007da9   Thumb Code    56  rt_event.o(i.rt_evt_wait)
    rt_free_box                              0x00007de5   Thumb Code    44  rt_membox.o(i.rt_free_box)
    rt_free_mem                              0x00007e11   Thumb Code    40  rt_memory.o(i.rt_free_mem)
    rt_get_first                             0x00007e39   Thumb Code    40  rt_list.o(i.rt_get_first)
    rt_get_same_rdy_prio                     0x00007e61   Thumb Code    26  rt_list.o(i.rt_get_same_rdy_prio)
    rt_init_mem                              0x00007ed5   Thumb Code    26  rt_memory.o(i.rt_init_mem)
    rt_init_robin                            0x00007ef1   Thumb Code    14  rt_robin.o(i.rt_init_robin)
    rt_init_stack                            0x00007f09   Thumb Code   118  hal_cm.o(i.rt_init_stack)
    rt_mbx_check                             0x00007f89   Thumb Code     8  rt_mailbox.o(i.rt_mbx_check)
    rt_mbx_init                              0x00007f91   Thumb Code    26  rt_mailbox.o(i.rt_mbx_init)
    rt_mbx_psh                               0x00007fad   Thumb Code   236  rt_mailbox.o(i.rt_mbx_psh)
    rt_mbx_wait                              0x0000809d   Thumb Code   174  rt_mailbox.o(i.rt_mbx_wait)
    rt_mut_init                              0x00008195   Thumb Code    16  rt_mutex.o(i.rt_mut_init)
    rt_mut_release                           0x000081a5   Thumb Code   208  rt_mutex.o(i.rt_mut_release)
    rt_mut_wait                              0x0000827d   Thumb Code   114  rt_mutex.o(i.rt_mut_wait)
    rt_pop_req                               0x000082f5   Thumb Code   112  rt_system.o(i.rt_pop_req)
    rt_psh_req                               0x00008371   Thumb Code    22  rt_system.o(i.rt_psh_req)
    rt_psq_enq                               0x00008391   Thumb Code    88  rt_list.o(i.rt_psq_enq)
    rt_put_dly                               0x000083ed   Thumb Code    68  rt_list.o(i.rt_put_dly)
    rt_put_prio                              0x00008435   Thumb Code    54  rt_list.o(i.rt_put_prio)
    rt_put_rdy_first                         0x0000846d   Thumb Code    14  rt_list.o(i.rt_put_rdy_first)
    rt_resort_prio                           0x00008481   Thumb Code    46  rt_list.o(i.rt_resort_prio)
    rt_ret_val                               0x000084b5   Thumb Code     6  hal_cm.o(i.rt_ret_val)
    rt_ret_val2                              0x000084bb   Thumb Code     8  hal_cm.o(i.rt_ret_val2)
    rt_rmv_dly                               0x000084c3   Thumb Code    40  rt_list.o(i.rt_rmv_dly)
    rt_rmv_list                              0x000084ed   Thumb Code    44  rt_list.o(i.rt_rmv_list)
    rt_sem_psh                               0x0000851d   Thumb Code    48  rt_semaphore.o(i.rt_sem_psh)
    rt_stk_check                             0x00008551   Thumb Code    28  rt_system.o(i.rt_stk_check)
    rt_switch_req                            0x00008575   Thumb Code    30  rt_task.o(i.rt_switch_req)
    rt_sys_init                              0x0000859d   Thumb Code   138  rt_task.o(i.rt_sys_init)
    rt_sys_start                             0x00008669   Thumb Code   110  rt_task.o(i.rt_sys_start)
    rt_systick                               0x000086e1   Thumb Code    50  rt_system.o(i.rt_systick)
    rt_tsk_create                            0x000087a5   Thumb Code   118  rt_task.o(i.rt_tsk_create)
    rt_tsk_delete                            0x0000882d   Thumb Code   352  rt_task.o(i.rt_tsk_delete)
    rt_tsk_pass                              0x000089a9   Thumb Code    38  rt_task.o(i.rt_tsk_pass)
    rt_tsk_prio                              0x000089d9   Thumb Code   108  rt_task.o(i.rt_tsk_prio)
    rt_tsk_self                              0x00008a55   Thumb Code    12  rt_task.o(i.rt_tsk_self)
    str_copy                                 0x00008aad   Thumb Code    18  net_common.o(i.str_copy)
    str_pos                                  0x00008abf   Thumb Code    22  net_common.o(i.str_pos)
    str_scomp                                0x00008ad5   Thumb Code    26  net_common.o(i.str_scomp)
    str_up_case                              0x00008aef   Thumb Code    26  net_common.o(i.str_up_case)
    svcDelay                                 0x00008b09   Thumb Code    18  rt_cmsis.o(i.svcDelay)
    svcKernelInitialize                      0x00008b1d   Thumb Code    80  rt_cmsis.o(i.svcKernelInitialize)
    svcKernelStart                           0x00008b8d   Thumb Code    62  rt_cmsis.o(i.svcKernelStart)
    svcKernelSysTick                         0x00008bd5   Thumb Code    46  rt_cmsis.o(i.svcKernelSysTick)
    svcMessageCreate                         0x00008c0d   Thumb Code    36  rt_cmsis.o(i.svcMessageCreate)
    svcMessageGet                            0x00008c31   Thumb Code    58  rt_cmsis.o(i.svcMessageGet)
    svcMutexCreate                           0x00008c6b   Thumb Code    28  rt_cmsis.o(i.svcMutexCreate)
    svcMutexRelease                          0x00008c87   Thumb Code    34  rt_cmsis.o(i.svcMutexRelease)
    svcMutexWait                             0x00008ca9   Thumb Code    58  rt_cmsis.o(i.svcMutexWait)
    svcSignalSet                             0x00008ce3   Thumb Code    36  rt_cmsis.o(i.svcSignalSet)
    svcSignalWait                            0x00008d09   Thumb Code    80  rt_cmsis.o(i.svcSignalWait)
    svcThreadCreate                          0x00008d5d   Thumb Code    96  rt_cmsis.o(i.svcThreadCreate)
    svcThreadGetId                           0x00008dc9   Thumb Code    22  rt_cmsis.o(i.svcThreadGetId)
    svcThreadTerminate                       0x00008de5   Thumb Code    50  rt_cmsis.o(i.svcThreadTerminate)
    svcThreadYield                           0x00008e1d   Thumb Code    10  rt_cmsis.o(i.svcThreadYield)
    svcTimerCall                             0x00008e27   Thumb Code    24  rt_cmsis.o(i.svcTimerCall)
    svcTimerCreate                           0x00008e41   Thumb Code    52  rt_cmsis.o(i.svcTimerCreate)
    svcTimerStart                            0x00008e79   Thumb Code    96  rt_cmsis.o(i.svcTimerStart)
    sysTimerTick                             0x00008edd   Thumb Code    84  rt_cmsis.o(i.sysTimerTick)
    tcp_abort                                0x00008f39   Thumb Code    82  net_tcp.o(i.tcp_abort)
    tcp_close                                0x00008f91   Thumb Code   154  net_tcp.o(i.tcp_close)
    tcp_get_buf                              0x00009031   Thumb Code    30  net_tcp.o(i.tcp_get_buf)
    tcp_get_socket                           0x00009051   Thumb Code    76  net_tcp.o(i.tcp_get_socket)
    tcp_get_state                            0x000090a1   Thumb Code    34  net_tcp.o(i.tcp_get_state)
    tcp_listen                               0x000090c9   Thumb Code   102  net_tcp.o(i.tcp_listen)
    tcp_max_data_size                        0x000091b1   Thumb Code    30  net_tcp.o(i.tcp_max_data_size)
    tcp_ntoa                                 0x000091d5   Thumb Code     8  net_tcp.o(i.tcp_ntoa)
    tcp_process                              0x00009359   Thumb Code  1178  net_tcp.o(i.tcp_process)
    tcp_send                                 0x000098bd   Thumb Code   214  net_tcp.o(i.tcp_send)
    tcp_socket_init                          0x00009ad5   Thumb Code    16  net_tcp.o(i.tcp_socket_init)
    tcp_socket_poll                          0x00009ae9   Thumb Code   668  net_tcp.o(i.tcp_socket_poll)
    udp_get_buf                              0x00009e9d   Thumb Code    30  net_udp.o(i.udp_get_buf)
    udp_get_socket                           0x00009ebd   Thumb Code    68  net_udp.o(i.udp_get_socket)
    udp_open                                 0x00009f05   Thumb Code    98  net_udp.o(i.udp_open)
    udp_process                              0x00009f9d   Thumb Code   142  net_udp.o(i.udp_process)
    udp_send                                 0x0000a035   Thumb Code   260  net_udp.o(i.udp_send)
    udp_socket_init                          0x0000a13d   Thumb Code    16  net_udp.o(i.udp_socket_init)
    os_thread_def_BlinkLed                   0x0000a240   Data          16  http_server.o(.constdata)
    os_thread_def_Display                    0x0000a250   Data          16  http_server.o(.constdata)
    imageLastModified                        0x0000a260   Data           4  web.o(.constdata)
    Arial12x12                               0x00010fd4   Data        2400  lcd.o(.constdata)
    os_maxtaskrun                            0x00011934   Data           2  rtx_conf_cm.o(.constdata)
    os_stackinfo                             0x00011938   Data           4  rtx_conf_cm.o(.constdata)
    os_rrobin                                0x0001193c   Data           4  rtx_conf_cm.o(.constdata)
    os_tickus_i                              0x00011940   Data           2  rtx_conf_cm.o(.constdata)
    os_tickus_f                              0x00011942   Data           2  rtx_conf_cm.o(.constdata)
    os_trv                                   0x00011944   Data           4  rtx_conf_cm.o(.constdata)
    os_flags                                 0x00011948   Data           1  rtx_conf_cm.o(.constdata)
    CMSIS_RTOS_API_Version                   0x0001194c   Data           4  rtx_conf_cm.o(.constdata)
    CMSIS_RTOS_RTX_Version                   0x00011950   Data           4  rtx_conf_cm.o(.constdata)
    os_clockrate                             0x00011954   Data           4  rtx_conf_cm.o(.constdata)
    os_timernum                              0x00011958   Data           4  rtx_conf_cm.o(.constdata)
    os_thread_def_main                       0x0001195c   Data          16  rtx_conf_cm.o(.constdata)
    mp_tcb_size                              0x0001196c   Data           2  rtx_conf_cm.o(.constdata)
    mp_stk_size                              0x00011970   Data           4  rtx_conf_cm.o(.constdata)
    os_stack_sz                              0x00011974   Data           4  rtx_conf_cm.o(.constdata)
    os_fifo_size                             0x00011978   Data           1  rtx_conf_cm.o(.constdata)
    os_thread_def_osTimerThread              0x0001197c   Data          16  rtx_conf_cm.o(.constdata)
    os_messageQ_def_osTimerMessageQ          0x0001198c   Data           8  rtx_conf_cm.o(.constdata)
    mp_tmr_size                              0x00011994   Data           2  rtx_conf_cm.o(.constdata)
    Driver_ETH_PHY0                          0x0001199c   Data          32  phy_dp83848c.o(.constdata)
    Driver_ETH_MAC0                          0x000119c4   Data          68  emac_lpc17xx.o(.constdata)
    Driver_SPI1                              0x00011a58   Data          44  ssp_lpc17xx.o(.constdata)
    nlocalm                                  0x00011a84   Data          60  net_config.o(.constdata)
    sys_config                               0x00011ac0   Data          16  net_config.o(.constdata)
    eth0_config                              0x00011ad0   Data          40  net_config.o(.constdata)
    udp_config                               0x00011af8   Data           8  net_config.o(.constdata)
    tcp_config                               0x00011b00   Data          24  net_config.o(.constdata)
    http_config                              0x00011b18   Data          24  net_config.o(.constdata)
    eth_bcast                                0x00011b30   Data           6  net_eth.o(.constdata)
    os_thread_def_eth_thread                 0x00011b3c   Data          16  net_eth.o(.constdata)
    ip_bcast                                 0x00011b4c   Data           4  net_ip.o(.constdata)
    net_addr_null                            0x00011c82   Data           8  net_addr4.o(.constdata)
    os_timer_def_net_tick                    0x00011c8c   Data           8  net_sys.o(.constdata)
    http_error                               0x00011c94   Data          24  net_http_server_err.o(.constdata)
    os_mutex_def_mem_lock                    0x00011cac   Data           4  net_mem.o(.constdata)
    __ctype_table                            0x00011cb0   Data         129  ctype_o.o(.constdata)
    Region$$Table$$Base                      0x000120a8   Number         0  anon$$obj.o(Region$$Table)
    Region$$Table$$Limit                     0x000120c8   Number         0  anon$$obj.o(Region$$Table)
    __MW_NET_VER                             0x06070007   Number         0  net_version.o ABSOLUTE
    LEDrun                                   0x10000000   Data           1  http_server.o(.data)
    LCDupdate                                0x10000001   Data           1  http_server.o(.data)
    SPIdrv                                   0x1000000c   Data           4  lcd.o(.data)
    posicionL2                               0x10000010   Data           4  lcd.o(.data)
    posicionL1                               0x10000014   Data           4  lcd.o(.data)
    seg                                      0x1000001c   Data           4  rtc.o(.data)
    min                                      0x10000020   Data           4  rtc.o(.data)
    hora                                     0x10000024   Data           4  rtc.o(.data)
    dia                                      0x10000028   Data           4  rtc.o(.data)
    mes                                      0x1000002c   Data           4  rtc.o(.data)
    ano                                      0x10000030   Data           4  rtc.o(.data)
    m_tmr                                    0x10000034   Data           4  rtx_conf_cm.o(.data)
    osThreadId_osTimerThread                 0x10000038   Data           4  rtx_conf_cm.o(.data)
    osMessageQId_osTimerMessageQ             0x1000003c   Data           4  rtx_conf_cm.o(.data)
    iap_entry                                0x10000040   Data           4  emac_lpc17xx.o(.data)
    SystemCoreClock                          0x10000070   Data           4  system_lpc17xx_1.o(.data)
    lhost_name                               0x10000074   Data          16  net_config.o(.data)
    os_initialized                           0x1000008c   Data           1  rt_cmsis.o(.data)
    os_running                               0x1000008d   Data           1  rt_cmsis.o(.data)
    os_timer_head                            0x10000090   Data           4  rt_cmsis.o(.data)
    os_tsk                                   0x100000b4   Data           8  rt_task.o(.data)
    os_tick_irqn                             0x100000c0   Data           4  rt_system.o(.data)
    os_time                                  0x100000c4   Data           4  rt_time.o(.data)
    dbg_msg                                  0x100000c8   Data           1  hal_cm.o(.data)
    os_robin                                 0x100000cc   Data           8  rt_robin.o(.data)
    lcd_text                                 0x100000d8   Data          42  http_server.o(.bss)
    buffer                                   0x10000102   Data         512  lcd.o(.bss)
    hora_t                                   0x10000302   Data          60  rtc.o(.bss)
    fecha_t                                  0x1000033e   Data          60  rtc.o(.bss)
    os_messageQ_q_osTimerMessageQ            0x1000037c   Data          32  rtx_conf_cm.o(.bss)
    mp_tcb                                   0x1000039c   Data         272  rtx_conf_cm.o(.bss)
    mp_stk                                   0x100004b0   Data        1200  rtx_conf_cm.o(.bss)
    os_stack_mem                             0x10000960   Data        1032  rtx_conf_cm.o(.bss)
    os_fifo                                  0x10000d68   Data         132  rtx_conf_cm.o(.bss)
    os_active_TCB                            0x10000dec   Data          20  rtx_conf_cm.o(.bss)
    eth_control                              0x10006bd8   Data         136  net_eth.o(.bss)
    localm                                   0x10006ca0   Data          60  net_sys.o(.bss)
    sys_control                              0x10006cdc   Data          24  net_sys.o(.bss)
    os_timer_cb_net_tick                     0x10006cf4   Data          24  net_sys.o(.bss)
    os_idle_TCB                              0x10006d0c   Data          52  rt_task.o(.bss)
    os_rdy                                   0x10006d40   Data          24  rt_list.o(.bss)
    os_dly                                   0x10006d58   Data          24  rt_list.o(.bss)
    __initial_sp                             0x10006f98   Data           0  startup_lpc17xx_1.o(STACK)



==============================================================================

Memory Map of the image

  Image Entry point : 0x000000cd

  Load Region LR_IROM1 (Base: 0x00000000, Size: 0x000121a0, Max: 0x00080000, ABSOLUTE)

    Execution Region ER_IROM1 (Exec base: 0x00000000, Load base: 0x00000000, Size: 0x000120c8, Max: 0x00080000, ABSOLUTE)

    Exec Addr    Load Addr    Size         Type   Attr      Idx    E Section Name        Object

    0x00000000   0x00000000   0x000000cc   Data   RO          616    RESET               startup_lpc17xx_1.o
    0x000000cc   0x000000cc   0x00000000   Code   RO         2350  * .ARM.Collect$$$$00000000  mc_w.l(entry.o)
    0x000000cc   0x000000cc   0x00000004   Code   RO         2646    .ARM.Collect$$$$00000001  mc_w.l(entry2.o)
    0x000000d0   0x000000d0   0x00000004   Code   RO         2649    .ARM.Collect$$$$00000004  mc_w.l(entry5.o)
    0x000000d4   0x000000d4   0x00000000   Code   RO         2651    .ARM.Collect$$$$00000008  mc_w.l(entry7b.o)
    0x000000d4   0x000000d4   0x00000000   Code   RO         2653    .ARM.Collect$$$$0000000A  mc_w.l(entry8b.o)
    0x000000d4   0x000000d4   0x00000004   Code   RO         2659    .ARM.Collect$$$$0000000E  mc_w.l(entry12b.o)
    0x000000d8   0x000000d8   0x00000000   Code   RO         2654    .ARM.Collect$$$$0000000F  mc_w.l(entry10a.o)
    0x000000d8   0x000000d8   0x00000000   Code   RO         2656    .ARM.Collect$$$$00000011  mc_w.l(entry11a.o)
    0x000000d8   0x000000d8   0x00000018   Code   RO          383    .ARM.Collect$$$$000000FF  rtx_conf_cm.o
    0x000000f0   0x000000f0   0x00000004   Code   RO         2647    .ARM.Collect$$$$00002712  mc_w.l(entry2.o)
    0x000000f4   0x000000f4   0x00000130   Code   RO         2337    .emb_text           RTX_CM3.lib(hal_cm3.o)
    0x00000224   0x00000224   0x0000005c   Code   RO          162    .text               web.o
    0x00000280   0x00000280   0x00000002   Code   RO          343    .text               lpc17xx_libcfg_default.o
    0x00000282   0x00000282   0x00000004   Code   RO          384    .text               rtx_conf_cm.o
    0x00000286   0x00000286   0x00000002   PAD
    0x00000288   0x00000288   0x00000024   Code   RO          618    .text               startup_lpc17xx_1.o
    0x000002ac   0x000002ac   0x00000024   Code   RO         2355    .text               mc_w.l(memcpya.o)
    0x000002d0   0x000002d0   0x00000024   Code   RO         2357    .text               mc_w.l(memseta.o)
    0x000002f4   0x000002f4   0x00000000   Code   RO         2684    .text               mc_w.l(iusefp.o)
    0x000002f4   0x000002f4   0x00000008   Code   RO         2704    .text               mc_w.l(ctype_o.o)
    0x000002fc   0x000002fc   0x00000004   Code   RO          617    .ARM.__at_0x02FC    startup_lpc17xx_1.o
    0x00000300   0x00000300   0x00000118   Code   RO            4    .text               http_server.o
    0x00000418   0x00000418   0x0000051e   Code   RO          116    .text               http_server_cgi.o
    0x00000936   0x00000936   0x00000002   PAD
    0x00000938   0x00000938   0x000000e8   Code   RO          185    .text               leds.o
    0x00000a20   0x00000a20   0x00000300   Code   RO          212    .text               lcd.o
    0x00000d20   0x00000d20   0x000000dc   Code   RO          253    .text               adc.o
    0x00000dfc   0x00000dfc   0x00000890   Code   RO          285    .text               lpc17xx_rtc.o
    0x0000168c   0x0000168c   0x0000010c   Code   RO          321    .text               lpc17xx_clkpwr.o
    0x00001798   0x00001798   0x000000a4   Code   RO          358    .text               rtc.o
    0x0000183c   0x0000183c   0x000001b0   Code   RO          435    .text               phy_dp83848c.o
    0x000019ec   0x000019ec   0x000009e4   Code   RO          457    .text               emac_lpc17xx.o
    0x000023d0   0x000023d0   0x00000b8c   Code   RO          500    .text               ssp_lpc17xx.o
    0x00002f5c   0x00002f5c   0x00000368   Code   RO          542    .text               gpdma_lpc17xx.o
    0x000032c4   0x000032c4   0x0000007c   Code   RO          569    .text               gpio_lpc17xx.o
    0x00003340   0x00003340   0x00000098   Code   RO          593    .text               pin_lpc17xx.o
    0x000033d8   0x000033d8   0x0000019c   Code   RO          627    .text               system_lpc17xx_1.o
    0x00003574   0x00003574   0x0000006a   Code   RO          654    .text               net_config.o
    0x000035de   0x000035de   0x00000062   Code   RO         2353    .text               mc_w.l(uldiv.o)
    0x00003640   0x00003640   0x0000000e   Code   RO         2359    .text               mc_w.l(strlen.o)
    0x0000364e   0x0000364e   0x0000001c   Code   RO         2361    .text               mc_w.l(strcmp.o)
    0x0000366a   0x0000366a   0x0000001a   Code   RO         2363    .text               mc_w.l(memcmp.o)
    0x00003684   0x00003684   0x00000012   Code   RO         2365    .text               mc_w.l(strcpy.o)
    0x00003696   0x00003696   0x0000001e   Code   RO         2367    .text               mc_w.l(strncmp.o)
    0x000036b4   0x000036b4   0x00000038   Code   RO         2632    .text               mc_w.l(__0sscanf.o)
    0x000036ec   0x000036ec   0x0000014c   Code   RO         2634    .text               mc_w.l(_scanf_int.o)
    0x00003838   0x00003838   0x0000001a   Code   RO         2636    .text               mc_w.l(atoi.o)
    0x00003852   0x00003852   0x00000064   Code   RO         2638    .text               mf_w.l(fmul.o)
    0x000038b6   0x000038b6   0x00000018   Code   RO         2640    .text               mf_w.l(fscalb.o)
    0x000038ce   0x000038ce   0x0000000a   Code   RO         2642    .text               mf_w.l(ffltui.o)
    0x000038d8   0x000038d8   0x00000026   Code   RO         2644    .text               mf_w.l(f2d.o)
    0x000038fe   0x000038fe   0x0000002c   Code   RO         2663    .text               mc_w.l(uidiv.o)
    0x0000392a   0x0000392a   0x0000001e   Code   RO         2665    .text               mc_w.l(llshl.o)
    0x00003948   0x00003948   0x00000020   Code   RO         2667    .text               mc_w.l(llushr.o)
    0x00003968   0x00003968   0x0000001c   Code   RO         2676    .text               mc_w.l(_chval.o)
    0x00003984   0x00003984   0x00000028   Code   RO         2678    .text               mc_w.l(scanf_char.o)
    0x000039ac   0x000039ac   0x00000040   Code   RO         2680    .text               mc_w.l(_sgetc.o)
    0x000039ec   0x000039ec   0x00000070   Code   RO         2682    .text               mc_w.l(strtol.o)
    0x00003a5c   0x00003a5c   0x0000006e   Code   RO         2685    .text               mf_w.l(fepilogue.o)
    0x00003aca   0x00003aca   0x0000014e   Code   RO         2687    .text               mf_w.l(dadd.o)
    0x00003c18   0x00003c18   0x000000e4   Code   RO         2689    .text               mf_w.l(dmul.o)
    0x00003cfc   0x00003cfc   0x000000de   Code   RO         2691    .text               mf_w.l(ddiv.o)
    0x00003dda   0x00003dda   0x00000030   Code   RO         2693    .text               mf_w.l(dfixul.o)
    0x00003e0a   0x00003e0a   0x00000002   PAD
    0x00003e0c   0x00003e0c   0x00000030   Code   RO         2695    .text               mf_w.l(cdrcmple.o)
    0x00003e3c   0x00003e3c   0x00000024   Code   RO         2697    .text               mc_w.l(init.o)
    0x00003e60   0x00003e60   0x00000024   Code   RO         2700    .text               mc_w.l(llsshr.o)
    0x00003e84   0x00003e84   0x00000012   Code   RO         2726    .text               mc_w.l(isspace_o.o)
    0x00003e96   0x00003e96   0x00000002   PAD
    0x00003e98   0x00003e98   0x00000330   Code   RO         2732    .text               mc_w.l(_scanf.o)
    0x000041c8   0x000041c8   0x0000009e   Code   RO         2734    .text               mc_w.l(_strtoul.o)
    0x00004266   0x00004266   0x000000ba   Code   RO         2737    .text               mf_w.l(depilogue.o)
    0x00004320   0x00004320   0x00000004   Code   RO         2347    SVC_TABLE           RTX_CM3.lib(svc_table.o)
    0x00004324   0x00004324   0x00000028   Code   RO         2606    i.__0sprintf        mc_w.l(printfa.o)
    0x0000434c   0x0000434c   0x00000008   Code   RO         2669    i.__aeabi_errno_addr  mc_w.l(errno.o)
    0x00004354   0x00004354   0x0000000e   Code   RO         2743    i.__scatterload_copy  mc_w.l(handlers.o)
    0x00004362   0x00004362   0x00000002   Code   RO         2744    i.__scatterload_null  mc_w.l(handlers.o)
    0x00004364   0x00004364   0x0000000e   Code   RO         2745    i.__scatterload_zeroinit  mc_w.l(handlers.o)
    0x00004372   0x00004372   0x00000002   PAD
    0x00004374   0x00004374   0x00000184   Code   RO         2611    i._fp_digits        mc_w.l(printfa.o)
    0x000044f8   0x000044f8   0x00000046   Code   RO         2145    i._init_box         RTX_CM3.lib(rt_membox.o)
    0x0000453e   0x0000453e   0x00000002   PAD
    0x00004540   0x00004540   0x000006b4   Code   RO         2612    i._printf_core      mc_w.l(printfa.o)
    0x00004bf4   0x00004bf4   0x00000024   Code   RO         2613    i._printf_post_padding  mc_w.l(printfa.o)
    0x00004c18   0x00004c18   0x0000002e   Code   RO         2614    i._printf_pre_padding  mc_w.l(printfa.o)
    0x00004c46   0x00004c46   0x0000000a   Code   RO         2616    i._sputc            mc_w.l(printfa.o)
    0x00004c50   0x00004c50   0x00000034   Code   RO         1570    i.add_server_id     Net_CM3_L.lib(net_http_server.o)
    0x00004c84   0x00004c84   0x000000a4   Code   RO         1357    i.arp_cache_add     Net_CM3_L.lib(net_arp.o)
    0x00004d28   0x00004d28   0x00000088   Code   RO         1358    i.arp_cache_alloc   Net_CM3_L.lib(net_arp.o)
    0x00004db0   0x00004db0   0x00000088   Code   RO         1359    i.arp_cache_early   Net_CM3_L.lib(net_arp.o)
    0x00004e38   0x00004e38   0x000000a0   Code   RO         1360    i.arp_cache_find    Net_CM3_L.lib(net_arp.o)
    0x00004ed8   0x00004ed8   0x000000e4   Code   RO         1363    i.arp_cache_update  Net_CM3_L.lib(net_arp.o)
    0x00004fbc   0x00004fbc   0x00000030   Code   RO         1367    i.arp_init          Net_CM3_L.lib(net_arp.o)
    0x00004fec   0x00004fec   0x0000003c   Code   RO         1368    i.arp_is_cacheable  Net_CM3_L.lib(net_arp.o)
    0x00005028   0x00005028   0x00000028   Code   RO         1369    i.arp_notify        Net_CM3_L.lib(net_arp.o)
    0x00005050   0x00005050   0x00000074   Code   RO         1371    i.arp_proc_response  Net_CM3_L.lib(net_arp.o)
    0x000050c4   0x000050c4   0x00000120   Code   RO         1372    i.arp_process       Net_CM3_L.lib(net_arp.o)
    0x000051e4   0x000051e4   0x00000088   Code   RO         1373    i.arp_send_reply    Net_CM3_L.lib(net_arp.o)
    0x0000526c   0x0000526c   0x000000b8   Code   RO         1374    i.arp_send_request  Net_CM3_L.lib(net_arp.o)
    0x00005324   0x00005324   0x0000007a   Code   RO         2278    i.b64_to_asc        Net_CM3_L.lib(net_common.o)
    0x0000539e   0x0000539e   0x00000004   Code   RO         1571    i.cgi_content_type  Net_CM3_L.lib(net_http_server.o)
    0x000053a2   0x000053a2   0x00000004   Code   RO         1575    i.cgx_content_type  Net_CM3_L.lib(net_http_server.o)
    0x000053a6   0x000053a6   0x00000002   PAD
    0x000053a8   0x000053a8   0x00000170   Code   RO         1576    i.chk_post_req      Net_CM3_L.lib(net_http_server.o)
    0x00005518   0x00005518   0x00000032   Code   RO         2280    i.chksum16          Net_CM3_L.lib(net_common.o)
    0x0000554a   0x0000554a   0x0000001e   Code   RO         1577    i.cmp_fname_ext     Net_CM3_L.lib(net_http_server.o)
    0x00005568   0x00005568   0x00000028   Code   RO         1578    i.cmp_header        Net_CM3_L.lib(net_http_server.o)
    0x00005590   0x00005590   0x00000030   Code   RO         2198    i.dbg_init          RTX_CM3.lib(hal_cm.o)
    0x000055c0   0x000055c0   0x00000020   Code   RO         2199    i.dbg_task_notify   RTX_CM3.lib(hal_cm.o)
    0x000055e0   0x000055e0   0x00000010   Code   RO         2200    i.dbg_task_switch   RTX_CM3.lib(hal_cm.o)
    0x000055f0   0x000055f0   0x000000e8   Code   RO         1324    i.eth_check_link    Net_CM3_L.lib(net_eth.o)
    0x000056d8   0x000056d8   0x00000020   Code   RO         1325    i.eth_chk_addr      Net_CM3_L.lib(net_eth.o)
    0x000056f8   0x000056f8   0x00000070   Code   RO         1326    i.eth_fetch_frame   Net_CM3_L.lib(net_eth.o)
    0x00005768   0x00005768   0x000000f8   Code   RO         1328    i.eth_init_link     Net_CM3_L.lib(net_eth.o)
    0x00005860   0x00005860   0x00000002   Code   RO         1329    i.eth_link_notify   Net_CM3_L.lib(net_eth.o)
    0x00005862   0x00005862   0x00000002   PAD
    0x00005864   0x00005864   0x00000014   Code   RO         1330    i.eth_notify        Net_CM3_L.lib(net_eth.o)
    0x00005878   0x00005878   0x00000064   Code   RO         1331    i.eth_output        Net_CM3_L.lib(net_eth.o)
    0x000058dc   0x000058dc   0x000000e4   Code   RO         1332    i.eth_run_link      Net_CM3_L.lib(net_eth.o)
    0x000059c0   0x000059c0   0x000000a4   Code   RO         1333    i.eth_send_frame    Net_CM3_L.lib(net_eth.o)
    0x00005a64   0x00005a64   0x0000000e   Code   RO         1335    i.eth_thread        Net_CM3_L.lib(net_eth.o)
    0x00005a72   0x00005a72   0x00000002   PAD
    0x00005a74   0x00005a74   0x0000001c   Code   RO         2282    i.get_crc32         Net_CM3_L.lib(net_common.o)
    0x00005a90   0x00005a90   0x00000028   Code   RO         1579    i.get_next_field    Net_CM3_L.lib(net_http_server.o)
    0x00005ab8   0x00005ab8   0x00000032   Code   RO         1580    i.get_next_par      Net_CM3_L.lib(net_http_server.o)
    0x00005aea   0x00005aea   0x00000002   PAD
    0x00005aec   0x00005aec   0x0000001c   Code   RO         1677    i.get_rnd32         Net_CM3_L.lib(net_sys.o)
    0x00005b08   0x00005b08   0x00000012   Code   RO         1581    i.hex2byte          Net_CM3_L.lib(net_http_server.o)
    0x00005b1a   0x00005b1a   0x00000004   Code   RO         1582    i.http_accept_client  Net_CM3_L.lib(net_http_server.o)
    0x00005b1e   0x00005b1e   0x00000002   PAD
    0x00005b20   0x00005b20   0x00000310   Code   RO         1583    i.http_add_header   Net_CM3_L.lib(net_http_server.o)
    0x00005e30   0x00005e30   0x00000004   Code   RO         1584    i.http_check_account  Net_CM3_L.lib(net_http_server.o)
    0x00005e34   0x00005e34   0x00000004   Code   RO         1585    i.http_encoding     Net_CM3_L.lib(net_http_server.o)
    0x00005e38   0x00005e38   0x00000178   Code   RO         1586    i.http_error_msg    Net_CM3_L.lib(net_http_server.o)
    0x00005fb0   0x00005fb0   0x00000004   Code   RO         1587    i.http_file_access  Net_CM3_L.lib(net_http_server.o)
    0x00005fb4   0x00005fb4   0x0000006c   Code   RO         1588    i.http_get_env_var  Net_CM3_L.lib(net_http_server.o)
    0x00006020   0x00006020   0x00000078   Code   RO         1589    i.http_get_ftype    Net_CM3_L.lib(net_http_server.o)
    0x00006098   0x00006098   0x0000005e   Code   RO         1591    i.http_kill_session  Net_CM3_L.lib(net_http_server.o)
    0x000060f6   0x000060f6   0x00000002   PAD
    0x000060f8   0x000060f8   0x00000214   Code   RO         1592    i.http_listener     Net_CM3_L.lib(net_http_server.o)
    0x0000630c   0x0000630c   0x000000f0   Code   RO         1593    i.http_open_file    Net_CM3_L.lib(net_http_server.o)
    0x000063fc   0x000063fc   0x0000014c   Code   RO         1594    i.http_proc_header  Net_CM3_L.lib(net_http_server.o)
    0x00006548   0x00006548   0x00000178   Code   RO         1595    i.http_proc_multipart  Net_CM3_L.lib(net_http_server.o)
    0x000066c0   0x000066c0   0x000000f4   Code   RO         1596    i.http_proc_post    Net_CM3_L.lib(net_http_server.o)
    0x000067b4   0x000067b4   0x00000024   Code   RO         1599    i.http_server_get_lang  Net_CM3_L.lib(net_http_server.o)
    0x000067d8   0x000067d8   0x0000005c   Code   RO         1601    i.http_server_init  Net_CM3_L.lib(net_http_server.o)
    0x00006834   0x00006834   0x00000334   Code   RO         1602    i.http_server_run   Net_CM3_L.lib(net_http_server.o)
    0x00006b68   0x00006b68   0x00000020   Code   RO         1603    i.http_strcpy       Net_CM3_L.lib(net_http_server.o)
    0x00006b88   0x00006b88   0x000000a4   Code   RO         1604    i.http_to_utc       Net_CM3_L.lib(net_http_server.o)
    0x00006c2c   0x00006c2c   0x000000dc   Code   RO         1434    i.icmp_process      Net_CM3_L.lib(net_icmp.o)
    0x00006d08   0x00006d08   0x00000080   Code   RO         1435    i.icmp_send_message  Net_CM3_L.lib(net_icmp.o)
    0x00006d88   0x00006d88   0x00000010   Code   RO         1436    i.icmp_service_init  Net_CM3_L.lib(net_icmp.o)
    0x00006d98   0x00006d98   0x00000048   Code   RO         1437    i.icmp_service_run  Net_CM3_L.lib(net_icmp.o)
    0x00006de0   0x00006de0   0x00000068   Code   RO         1658    i.ip4_aton          Net_CM3_L.lib(net_addr4.o)
    0x00006e48   0x00006e48   0x0000004c   Code   RO         1401    i.ip4_checksum      Net_CM3_L.lib(net_ip.o)
    0x00006e94   0x00006e94   0x00000038   Code   RO         1659    i.ip4_ntoa          Net_CM3_L.lib(net_addr4.o)
    0x00006ecc   0x00006ecc   0x000000d0   Code   RO         1402    i.ip_chk_frame      Net_CM3_L.lib(net_ip.o)
    0x00006f9c   0x00006f9c   0x0000000a   Code   RO         1404    i.ip_get_chksum     Net_CM3_L.lib(net_ip.o)
    0x00006fa6   0x00006fa6   0x00000002   PAD
    0x00006fa8   0x00006fa8   0x00000044   Code   RO         1405    i.ip_get_locadr     Net_CM3_L.lib(net_ip.o)
    0x00006fec   0x00006fec   0x0000007c   Code   RO         1406    i.ip_get_route      Net_CM3_L.lib(net_ip.o)
    0x00007068   0x00007068   0x00000050   Code   RO         1407    i.ip_localhost_init  Net_CM3_L.lib(net_ip.o)
    0x000070b8   0x000070b8   0x00000060   Code   RO         1408    i.ip_localhost_run  Net_CM3_L.lib(net_ip.o)
    0x00007118   0x00007118   0x00000140   Code   RO         1409    i.ip_send_frame     Net_CM3_L.lib(net_ip.o)
    0x00007258   0x00007258   0x00000030   Code   RO         1410    i.ip_tx_offload     Net_CM3_L.lib(net_ip.o)
    0x00007288   0x00007288   0x0000001a   Code   RO         1660    i.is_subnet         Net_CM3_L.lib(net_addr4.o)
    0x000072a2   0x000072a2   0x00000002   PAD
    0x000072a4   0x000072a4   0x00000028   Code   RO         1411    i.is_subnet_bcast   Net_CM3_L.lib(net_ip.o)
    0x000072cc   0x000072cc   0x0000002a   Code   RO          702    i.isrMessageGet     RTX_CM3.lib(rt_cmsis.o)
    0x000072f6   0x000072f6   0x0000002c   Code   RO          703    i.isrMessagePut     RTX_CM3.lib(rt_cmsis.o)
    0x00007322   0x00007322   0x00000024   Code   RO          705    i.isrSignalSet      RTX_CM3.lib(rt_cmsis.o)
    0x00007346   0x00007346   0x00000002   PAD
    0x00007348   0x00007348   0x00000028   Code   RO         1869    i.isr_evt_set       RTX_CM3.lib(rt_event.o)
    0x00007370   0x00007370   0x00000056   Code   RO         1991    i.isr_mbx_receive   RTX_CM3.lib(rt_mailbox.o)
    0x000073c6   0x000073c6   0x0000000e   Code   RO         1992    i.isr_mbx_send      RTX_CM3.lib(rt_mailbox.o)
    0x000073d4   0x000073d4   0x0000008c   Code   RO         2254    i.mem_alloc         Net_CM3_L.lib(net_mem.o)
    0x00007460   0x00007460   0x0000001c   Code   RO         2255    i.mem_avail         Net_CM3_L.lib(net_mem.o)
    0x0000747c   0x0000747c   0x00000020   Code   RO         2283    i.mem_crc32         Net_CM3_L.lib(net_common.o)
    0x0000749c   0x0000749c   0x0000006c   Code   RO         2256    i.mem_free          Net_CM3_L.lib(net_mem.o)
    0x00007508   0x00007508   0x00000064   Code   RO         2257    i.mem_init          Net_CM3_L.lib(net_mem.o)
    0x0000756c   0x0000756c   0x00000010   Code   RO         2258    i.mem_lock          Net_CM3_L.lib(net_mem.o)
    0x0000757c   0x0000757c   0x00000038   Code   RO         2259    i.mem_resize        Net_CM3_L.lib(net_mem.o)
    0x000075b4   0x000075b4   0x0000000c   Code   RO         2260    i.mem_unlock        Net_CM3_L.lib(net_mem.o)
    0x000075c0   0x000075c0   0x00000030   Code   RO         1558    i.nbns_client_init  Net_CM3_L.lib(net_nbns_client.o)
    0x000075f0   0x000075f0   0x00000160   Code   RO         1559    i.nbns_listener     Net_CM3_L.lib(net_nbns_client.o)
    0x00007750   0x00007750   0x0000004c   Code   RO         1678    i.net_initialize    Net_CM3_L.lib(net_sys.o)
    0x0000779c   0x0000779c   0x00000064   Code   RO         1679    i.net_main          Net_CM3_L.lib(net_sys.o)
    0x00007800   0x00007800   0x00000014   Code   RO         1680    i.net_timer_tick    Net_CM3_L.lib(net_sys.o)
    0x00007814   0x00007814   0x00000018   Code   RO          706    i.osDelay           RTX_CM3.lib(rt_cmsis.o)
    0x0000782c   0x0000782c   0x00000024   Code   RO          707    i.osKernelInitialize  RTX_CM3.lib(rt_cmsis.o)
    0x00007850   0x00007850   0x0000006c   Code   RO          709    i.osKernelStart     RTX_CM3.lib(rt_cmsis.o)
    0x000078bc   0x000078bc   0x00000018   Code   RO          710    i.osKernelSysTick   RTX_CM3.lib(rt_cmsis.o)
    0x000078d4   0x000078d4   0x00000018   Code   RO          718    i.osMessageGet      RTX_CM3.lib(rt_cmsis.o)
    0x000078ec   0x000078ec   0x0000002c   Code   RO          720    i.osMutexCreate     RTX_CM3.lib(rt_cmsis.o)
    0x00007918   0x00007918   0x00000018   Code   RO          722    i.osMutexRelease    RTX_CM3.lib(rt_cmsis.o)
    0x00007930   0x00007930   0x00000018   Code   RO          723    i.osMutexWait       RTX_CM3.lib(rt_cmsis.o)
    0x00007948   0x00007948   0x00000018   Code   RO          733    i.osSignalSet       RTX_CM3.lib(rt_cmsis.o)
    0x00007960   0x00007960   0x00000018   Code   RO          734    i.osSignalWait      RTX_CM3.lib(rt_cmsis.o)
    0x00007978   0x00007978   0x0000002c   Code   RO          735    i.osThreadCreate    RTX_CM3.lib(rt_cmsis.o)
    0x000079a4   0x000079a4   0x00000018   Code   RO          736    i.osThreadExit      RTX_CM3.lib(rt_cmsis.o)
    0x000079bc   0x000079bc   0x00000018   Code   RO          741    i.osThreadYield     RTX_CM3.lib(rt_cmsis.o)
    0x000079d4   0x000079d4   0x0000000c   Code   RO          742    i.osTimerCall       RTX_CM3.lib(rt_cmsis.o)
    0x000079e0   0x000079e0   0x0000002c   Code   RO          743    i.osTimerCreate     RTX_CM3.lib(rt_cmsis.o)
    0x00007a0c   0x00007a0c   0x00000018   Code   RO          745    i.osTimerStart      RTX_CM3.lib(rt_cmsis.o)
    0x00007a24   0x00007a24   0x0000002c   Code   RO          747    i.osTimerThread     RTX_CM3.lib(rt_cmsis.o)
    0x00007a50   0x00007a50   0x00000028   Code   RO         1779    i.os_tick_init      RTX_CM3.lib(rt_system.o)
    0x00007a78   0x00007a78   0x00000002   Code   RO         1780    i.os_tick_irqack    RTX_CM3.lib(rt_system.o)
    0x00007a7a   0x00007a7a   0x00000002   PAD
    0x00007a7c   0x00007a7c   0x00000010   Code   RO         1781    i.os_tick_ovf       RTX_CM3.lib(rt_system.o)
    0x00007a8c   0x00007a8c   0x00000014   Code   RO         1782    i.os_tick_val       RTX_CM3.lib(rt_system.o)
    0x00007aa0   0x00007aa0   0x00000028   Code   RO         1606    i.proc_req_line     Net_CM3_L.lib(net_http_server.o)
    0x00007ac8   0x00007ac8   0x000000a0   Code   RO         1607    i.read_script_line  Net_CM3_L.lib(net_http_server.o)
    0x00007b68   0x00007b68   0x0000001a   Code   RO         2146    i.rt_alloc_box      RTX_CM3.lib(rt_membox.o)
    0x00007b82   0x00007b82   0x0000003e   Code   RO         2174    i.rt_alloc_mem      RTX_CM3.lib(rt_memory.o)
    0x00007bc0   0x00007bc0   0x00000038   Code   RO         1694    i.rt_block          RTX_CM3.lib(rt_task.o)
    0x00007bf8   0x00007bf8   0x00000048   Code   RO         2316    i.rt_chk_robin      RTX_CM3.lib(rt_robin.o)
    0x00007c40   0x00007c40   0x00000070   Code   RO         1915    i.rt_dec_dly        RTX_CM3.lib(rt_list.o)
    0x00007cb0   0x00007cb0   0x00000044   Code   RO         1695    i.rt_dispatch       RTX_CM3.lib(rt_task.o)
    0x00007cf4   0x00007cf4   0x00000006   Code   RO         2081    i.rt_dly_wait       RTX_CM3.lib(rt_time.o)
    0x00007cfa   0x00007cfa   0x00000002   PAD
    0x00007cfc   0x00007cfc   0x00000050   Code   RO         1872    i.rt_evt_psh        RTX_CM3.lib(rt_event.o)
    0x00007d4c   0x00007d4c   0x0000005c   Code   RO         1873    i.rt_evt_set        RTX_CM3.lib(rt_event.o)
    0x00007da8   0x00007da8   0x0000003c   Code   RO         1874    i.rt_evt_wait       RTX_CM3.lib(rt_event.o)
    0x00007de4   0x00007de4   0x0000002c   Code   RO         2147    i.rt_free_box       RTX_CM3.lib(rt_membox.o)
    0x00007e10   0x00007e10   0x00000028   Code   RO         2175    i.rt_free_mem       RTX_CM3.lib(rt_memory.o)
    0x00007e38   0x00007e38   0x00000028   Code   RO         1916    i.rt_get_first      RTX_CM3.lib(rt_list.o)
    0x00007e60   0x00007e60   0x00000024   Code   RO         1917    i.rt_get_same_rdy_prio  RTX_CM3.lib(rt_list.o)
    0x00007e84   0x00007e84   0x00000008   Code   RO          752    i.rt_id2obj         RTX_CM3.lib(rt_cmsis.o)
    0x00007e8c   0x00007e8c   0x00000048   Code   RO         1696    i.rt_init_context   RTX_CM3.lib(rt_task.o)
    0x00007ed4   0x00007ed4   0x0000001a   Code   RO         2176    i.rt_init_mem       RTX_CM3.lib(rt_memory.o)
    0x00007eee   0x00007eee   0x00000002   PAD
    0x00007ef0   0x00007ef0   0x00000018   Code   RO         2317    i.rt_init_robin     RTX_CM3.lib(rt_robin.o)
    0x00007f08   0x00007f08   0x00000080   Code   RO         2201    i.rt_init_stack     RTX_CM3.lib(hal_cm.o)
    0x00007f88   0x00007f88   0x00000008   Code   RO         1993    i.rt_mbx_check      RTX_CM3.lib(rt_mailbox.o)
    0x00007f90   0x00007f90   0x0000001a   Code   RO         1994    i.rt_mbx_init       RTX_CM3.lib(rt_mailbox.o)
    0x00007faa   0x00007faa   0x00000002   PAD
    0x00007fac   0x00007fac   0x000000f0   Code   RO         1995    i.rt_mbx_psh        RTX_CM3.lib(rt_mailbox.o)
    0x0000809c   0x0000809c   0x000000b4   Code   RO         1997    i.rt_mbx_wait       RTX_CM3.lib(rt_mailbox.o)
    0x00008150   0x00008150   0x00000044   Code   RO          753    i.rt_ms2tick        RTX_CM3.lib(rt_cmsis.o)
    0x00008194   0x00008194   0x00000010   Code   RO         2115    i.rt_mut_init       RTX_CM3.lib(rt_mutex.o)
    0x000081a4   0x000081a4   0x000000d8   Code   RO         2116    i.rt_mut_release    RTX_CM3.lib(rt_mutex.o)
    0x0000827c   0x0000827c   0x00000078   Code   RO         2117    i.rt_mut_wait       RTX_CM3.lib(rt_mutex.o)
    0x000082f4   0x000082f4   0x0000007c   Code   RO         1783    i.rt_pop_req        RTX_CM3.lib(rt_system.o)
    0x00008370   0x00008370   0x00000020   Code   RO         1784    i.rt_psh_req        RTX_CM3.lib(rt_system.o)
    0x00008390   0x00008390   0x0000005c   Code   RO         1918    i.rt_psq_enq        RTX_CM3.lib(rt_list.o)
    0x000083ec   0x000083ec   0x00000048   Code   RO         1919    i.rt_put_dly        RTX_CM3.lib(rt_list.o)
    0x00008434   0x00008434   0x00000036   Code   RO         1920    i.rt_put_prio       RTX_CM3.lib(rt_list.o)
    0x0000846a   0x0000846a   0x00000002   PAD
    0x0000846c   0x0000846c   0x00000014   Code   RO         1921    i.rt_put_rdy_first  RTX_CM3.lib(rt_list.o)
    0x00008480   0x00008480   0x00000034   Code   RO         1922    i.rt_resort_prio    RTX_CM3.lib(rt_list.o)
    0x000084b4   0x000084b4   0x00000006   Code   RO         2202    i.rt_ret_val        RTX_CM3.lib(hal_cm.o)
    0x000084ba   0x000084ba   0x00000008   Code   RO         2203    i.rt_ret_val2       RTX_CM3.lib(hal_cm.o)
    0x000084c2   0x000084c2   0x00000028   Code   RO         1923    i.rt_rmv_dly        RTX_CM3.lib(rt_list.o)
    0x000084ea   0x000084ea   0x00000002   PAD
    0x000084ec   0x000084ec   0x00000030   Code   RO         1924    i.rt_rmv_list       RTX_CM3.lib(rt_list.o)
    0x0000851c   0x0000851c   0x00000034   Code   RO         2042    i.rt_sem_psh        RTX_CM3.lib(rt_semaphore.o)
    0x00008550   0x00008550   0x00000024   Code   RO         1786    i.rt_stk_check      RTX_CM3.lib(rt_system.o)
    0x00008574   0x00008574   0x00000028   Code   RO         1697    i.rt_switch_req     RTX_CM3.lib(rt_task.o)
    0x0000859c   0x0000859c   0x000000cc   Code   RO         1698    i.rt_sys_init       RTX_CM3.lib(rt_task.o)
    0x00008668   0x00008668   0x00000078   Code   RO         1699    i.rt_sys_start      RTX_CM3.lib(rt_task.o)
    0x000086e0   0x000086e0   0x00000040   Code   RO         1788    i.rt_systick        RTX_CM3.lib(rt_system.o)
    0x00008720   0x00008720   0x00000012   Code   RO          754    i.rt_tid2ptcb       RTX_CM3.lib(rt_cmsis.o)
    0x00008732   0x00008732   0x00000002   PAD
    0x00008734   0x00008734   0x00000034   Code   RO          755    i.rt_timer_insert   RTX_CM3.lib(rt_cmsis.o)
    0x00008768   0x00008768   0x0000003c   Code   RO          756    i.rt_timer_remove   RTX_CM3.lib(rt_cmsis.o)
    0x000087a4   0x000087a4   0x00000088   Code   RO         1700    i.rt_tsk_create     RTX_CM3.lib(rt_task.o)
    0x0000882c   0x0000882c   0x0000017c   Code   RO         1701    i.rt_tsk_delete     RTX_CM3.lib(rt_task.o)
    0x000089a8   0x000089a8   0x00000030   Code   RO         1702    i.rt_tsk_pass       RTX_CM3.lib(rt_task.o)
    0x000089d8   0x000089d8   0x0000007c   Code   RO         1703    i.rt_tsk_prio       RTX_CM3.lib(rt_task.o)
    0x00008a54   0x00008a54   0x00000010   Code   RO         1704    i.rt_tsk_self       RTX_CM3.lib(rt_task.o)
    0x00008a64   0x00008a64   0x00000048   Code   RO         1608    i.search_delim      Net_CM3_L.lib(net_http_server.o)
    0x00008aac   0x00008aac   0x00000012   Code   RO         2284    i.str_copy          Net_CM3_L.lib(net_common.o)
    0x00008abe   0x00008abe   0x00000016   Code   RO         2286    i.str_pos           Net_CM3_L.lib(net_common.o)
    0x00008ad4   0x00008ad4   0x0000001a   Code   RO         2287    i.str_scomp         Net_CM3_L.lib(net_common.o)
    0x00008aee   0x00008aee   0x0000001a   Code   RO         2289    i.str_up_case       Net_CM3_L.lib(net_common.o)
    0x00008b08   0x00008b08   0x00000012   Code   RO          757    i.svcDelay          RTX_CM3.lib(rt_cmsis.o)
    0x00008b1a   0x00008b1a   0x00000002   PAD
    0x00008b1c   0x00008b1c   0x00000070   Code   RO          758    i.svcKernelInitialize  RTX_CM3.lib(rt_cmsis.o)
    0x00008b8c   0x00008b8c   0x00000048   Code   RO          760    i.svcKernelStart    RTX_CM3.lib(rt_cmsis.o)
    0x00008bd4   0x00008bd4   0x00000038   Code   RO          761    i.svcKernelSysTick  RTX_CM3.lib(rt_cmsis.o)
    0x00008c0c   0x00008c0c   0x00000024   Code   RO          763    i.svcMessageCreate  RTX_CM3.lib(rt_cmsis.o)
    0x00008c30   0x00008c30   0x0000003a   Code   RO          764    i.svcMessageGet     RTX_CM3.lib(rt_cmsis.o)
    0x00008c6a   0x00008c6a   0x0000001c   Code   RO          766    i.svcMutexCreate    RTX_CM3.lib(rt_cmsis.o)
    0x00008c86   0x00008c86   0x00000022   Code   RO          768    i.svcMutexRelease   RTX_CM3.lib(rt_cmsis.o)
    0x00008ca8   0x00008ca8   0x0000003a   Code   RO          769    i.svcMutexWait      RTX_CM3.lib(rt_cmsis.o)
    0x00008ce2   0x00008ce2   0x00000024   Code   RO          776    i.svcSignalSet      RTX_CM3.lib(rt_cmsis.o)
    0x00008d06   0x00008d06   0x00000002   PAD
    0x00008d08   0x00008d08   0x00000054   Code   RO          777    i.svcSignalWait     RTX_CM3.lib(rt_cmsis.o)
    0x00008d5c   0x00008d5c   0x0000006c   Code   RO          778    i.svcThreadCreate   RTX_CM3.lib(rt_cmsis.o)
    0x00008dc8   0x00008dc8   0x0000001c   Code   RO          779    i.svcThreadGetId    RTX_CM3.lib(rt_cmsis.o)
    0x00008de4   0x00008de4   0x00000038   Code   RO          782    i.svcThreadTerminate  RTX_CM3.lib(rt_cmsis.o)
    0x00008e1c   0x00008e1c   0x0000000a   Code   RO          783    i.svcThreadYield    RTX_CM3.lib(rt_cmsis.o)
    0x00008e26   0x00008e26   0x00000018   Code   RO          784    i.svcTimerCall      RTX_CM3.lib(rt_cmsis.o)
    0x00008e3e   0x00008e3e   0x00000002   PAD
    0x00008e40   0x00008e40   0x00000038   Code   RO          785    i.svcTimerCreate    RTX_CM3.lib(rt_cmsis.o)
    0x00008e78   0x00008e78   0x00000064   Code   RO          787    i.svcTimerStart     RTX_CM3.lib(rt_cmsis.o)
    0x00008edc   0x00008edc   0x0000005c   Code   RO          793    i.sysTimerTick      RTX_CM3.lib(rt_cmsis.o)
    0x00008f38   0x00008f38   0x00000058   Code   RO         1481    i.tcp_abort         Net_CM3_L.lib(net_tcp.o)
    0x00008f90   0x00008f90   0x000000a0   Code   RO         1483    i.tcp_close         Net_CM3_L.lib(net_tcp.o)
    0x00009030   0x00009030   0x0000001e   Code   RO         1486    i.tcp_get_buf       Net_CM3_L.lib(net_tcp.o)
    0x0000904e   0x0000904e   0x00000002   PAD
    0x00009050   0x00009050   0x00000050   Code   RO         1488    i.tcp_get_socket    Net_CM3_L.lib(net_tcp.o)
    0x000090a0   0x000090a0   0x00000028   Code   RO         1489    i.tcp_get_state     Net_CM3_L.lib(net_tcp.o)
    0x000090c8   0x000090c8   0x0000006c   Code   RO         1491    i.tcp_listen        Net_CM3_L.lib(net_tcp.o)
    0x00009134   0x00009134   0x0000007c   Code   RO         1492    i.tcp_map_socket    Net_CM3_L.lib(net_tcp.o)
    0x000091b0   0x000091b0   0x00000024   Code   RO         1493    i.tcp_max_data_size  Net_CM3_L.lib(net_tcp.o)
    0x000091d4   0x000091d4   0x0000000c   Code   RO         1495    i.tcp_ntoa          Net_CM3_L.lib(net_tcp.o)
    0x000091e0   0x000091e0   0x0000005e   Code   RO         1496    i.tcp_parse_opt     Net_CM3_L.lib(net_tcp.o)
    0x0000923e   0x0000923e   0x00000002   PAD
    0x00009240   0x00009240   0x000000c4   Code   RO         1497    i.tcp_proc_acknr    Net_CM3_L.lib(net_tcp.o)
    0x00009304   0x00009304   0x00000052   Code   RO         1498    i.tcp_proc_dupack   Net_CM3_L.lib(net_tcp.o)
    0x00009356   0x00009356   0x00000002   PAD
    0x00009358   0x00009358   0x0000049a   Code   RO         1499    i.tcp_process       Net_CM3_L.lib(net_tcp.o)
    0x000097f2   0x000097f2   0x0000001a   Code   RO         1500    i.tcp_que_free      Net_CM3_L.lib(net_tcp.o)
    0x0000980c   0x0000980c   0x0000001a   Code   RO         1501    i.tcp_que_init      Net_CM3_L.lib(net_tcp.o)
    0x00009826   0x00009826   0x00000002   PAD
    0x00009828   0x00009828   0x00000094   Code   RO         1502    i.tcp_que_resend    Net_CM3_L.lib(net_tcp.o)
    0x000098bc   0x000098bc   0x000000e0   Code   RO         1506    i.tcp_send          Net_CM3_L.lib(net_tcp.o)
    0x0000999c   0x0000999c   0x00000066   Code   RO         1507    i.tcp_send_ctrl     Net_CM3_L.lib(net_tcp.o)
    0x00009a02   0x00009a02   0x0000004c   Code   RO         1508    i.tcp_send_data     Net_CM3_L.lib(net_tcp.o)
    0x00009a4e   0x00009a4e   0x00000060   Code   RO         1509    i.tcp_send_reset    Net_CM3_L.lib(net_tcp.o)
    0x00009aae   0x00009aae   0x00000026   Code   RO         1510    i.tcp_set_cwnd      Net_CM3_L.lib(net_tcp.o)
    0x00009ad4   0x00009ad4   0x00000014   Code   RO         1511    i.tcp_socket_init   Net_CM3_L.lib(net_tcp.o)
    0x00009ae8   0x00009ae8   0x000002a8   Code   RO         1512    i.tcp_socket_poll   Net_CM3_L.lib(net_tcp.o)
    0x00009d90   0x00009d90   0x00000068   Code   RO         1513    i.tcp_transit       Net_CM3_L.lib(net_tcp.o)
    0x00009df8   0x00009df8   0x000000a4   Code   RO         1514    i.tcp_write         Net_CM3_L.lib(net_tcp.o)
    0x00009e9c   0x00009e9c   0x0000001e   Code   RO         1452    i.udp_get_buf       Net_CM3_L.lib(net_udp.o)
    0x00009eba   0x00009eba   0x00000002   PAD
    0x00009ebc   0x00009ebc   0x00000048   Code   RO         1453    i.udp_get_socket    Net_CM3_L.lib(net_udp.o)
    0x00009f04   0x00009f04   0x0000006c   Code   RO         1456    i.udp_open          Net_CM3_L.lib(net_udp.o)
    0x00009f70   0x00009f70   0x0000002c   Code   RO         1457    i.udp_port_in_use   Net_CM3_L.lib(net_udp.o)
    0x00009f9c   0x00009f9c   0x00000098   Code   RO         1458    i.udp_process       Net_CM3_L.lib(net_udp.o)
    0x0000a034   0x0000a034   0x00000108   Code   RO         1460    i.udp_send          Net_CM3_L.lib(net_udp.o)
    0x0000a13c   0x0000a13c   0x00000014   Code   RO         1461    i.udp_socket_init   Net_CM3_L.lib(net_udp.o)
    0x0000a150   0x0000a150   0x000000f0   Code   RO         1609    i.utc_to_http       Net_CM3_L.lib(net_http_server.o)
    0x0000a240   0x0000a240   0x00000020   Data   RO            6    .constdata          http_server.o
    0x0000a260   0x0000a260   0x00000004   Data   RO          163    .constdata          web.o
    0x0000a264   0x0000a264   0x00006cc7   Data   RO          164    .constdata          web.o
    0x00010f2b   0x00010f2b   0x00000001   PAD
    0x00010f2c   0x00010f2c   0x000000a0   Data   RO          165    .constdata          web.o
    0x00010fcc   0x00010fcc   0x00000008   Data   RO          186    .constdata          leds.o
    0x00010fd4   0x00010fd4   0x00000960   Data   RO          214    .constdata          lcd.o
    0x00011934   0x00011934   0x00000002   Data   RO          391    .constdata          rtx_conf_cm.o
    0x00011936   0x00011936   0x00000002   PAD
    0x00011938   0x00011938   0x00000004   Data   RO          392    .constdata          rtx_conf_cm.o
    0x0001193c   0x0001193c   0x00000004   Data   RO          393    .constdata          rtx_conf_cm.o
    0x00011940   0x00011940   0x00000002   Data   RO          395    .constdata          rtx_conf_cm.o
    0x00011942   0x00011942   0x00000002   Data   RO          396    .constdata          rtx_conf_cm.o
    0x00011944   0x00011944   0x00000004   Data   RO          397    .constdata          rtx_conf_cm.o
    0x00011948   0x00011948   0x00000001   Data   RO          398    .constdata          rtx_conf_cm.o
    0x00011949   0x00011949   0x00000003   PAD
    0x0001194c   0x0001194c   0x00000020   Data   RO          399    .constdata          rtx_conf_cm.o
    0x0001196c   0x0001196c   0x00000002   Data   RO          400    .constdata          rtx_conf_cm.o
    0x0001196e   0x0001196e   0x00000002   PAD
    0x00011970   0x00011970   0x00000004   Data   RO          401    .constdata          rtx_conf_cm.o
    0x00011974   0x00011974   0x00000004   Data   RO          402    .constdata          rtx_conf_cm.o
    0x00011978   0x00011978   0x00000001   Data   RO          403    .constdata          rtx_conf_cm.o
    0x00011979   0x00011979   0x00000003   PAD
    0x0001197c   0x0001197c   0x00000010   Data   RO          404    .constdata          rtx_conf_cm.o
    0x0001198c   0x0001198c   0x00000008   Data   RO          405    .constdata          rtx_conf_cm.o
    0x00011994   0x00011994   0x00000002   Data   RO          406    .constdata          rtx_conf_cm.o
    0x00011996   0x00011996   0x00000004   Data   RO          437    .constdata          phy_dp83848c.o
    0x0001199a   0x0001199a   0x00000002   PAD
    0x0001199c   0x0001199c   0x00000020   Data   RO          438    .constdata          phy_dp83848c.o
    0x000119bc   0x000119bc   0x00000008   Data   RO          459    .constdata          emac_lpc17xx.o
    0x000119c4   0x000119c4   0x00000044   Data   RO          460    .constdata          emac_lpc17xx.o
    0x00011a08   0x00011a08   0x00000050   Data   RO          503    .constdata          ssp_lpc17xx.o
    0x00011a58   0x00011a58   0x0000002c   Data   RO          504    .constdata          ssp_lpc17xx.o
    0x00011a84   0x00011a84   0x0000003c   Data   RO          661    .constdata          net_config.o
    0x00011ac0   0x00011ac0   0x00000010   Data   RO          662    .constdata          net_config.o
    0x00011ad0   0x00011ad0   0x00000028   Data   RO          663    .constdata          net_config.o
    0x00011af8   0x00011af8   0x00000008   Data   RO          664    .constdata          net_config.o
    0x00011b00   0x00011b00   0x00000018   Data   RO          665    .constdata          net_config.o
    0x00011b18   0x00011b18   0x00000018   Data   RO          666    .constdata          net_config.o
    0x00011b30   0x00011b30   0x0000001c   Data   RO         1337    .constdata          Net_CM3_L.lib(net_eth.o)
    0x00011b4c   0x00011b4c   0x00000008   Data   RO         1414    .constdata          Net_CM3_L.lib(net_ip.o)
    0x00011b54   0x00011b54   0x0000002c   Data   RO         1515    .constdata          Net_CM3_L.lib(net_tcp.o)
    0x00011b80   0x00011b80   0x00000008   Data   RO         1560    .constdata          Net_CM3_L.lib(net_nbns_client.o)
    0x00011b88   0x00011b88   0x000000fa   Data   RO         1610    .constdata          Net_CM3_L.lib(net_http_server.o)
    0x00011c82   0x00011c82   0x00000008   Data   RO         1664    .constdata          Net_CM3_L.lib(net_addr4.o)
    0x00011c8a   0x00011c8a   0x00000002   PAD
    0x00011c8c   0x00011c8c   0x00000008   Data   RO         1683    .constdata          Net_CM3_L.lib(net_sys.o)
    0x00011c94   0x00011c94   0x00000018   Data   RO         2246    .constdata          Net_CM3_L.lib(net_http_server_err.o)
    0x00011cac   0x00011cac   0x00000004   Data   RO         2263    .constdata          Net_CM3_L.lib(net_mem.o)
    0x00011cb0   0x00011cb0   0x00000081   Data   RO         2705    .constdata          mc_w.l(ctype_o.o)
    0x00011d31   0x00011d31   0x00000003   PAD
    0x00011d34   0x00011d34   0x00000004   Data   RO         2706    .constdata          mc_w.l(ctype_o.o)
    0x00011d38   0x00011d38   0x000000da   Data   RO          117    .conststring        http_server_cgi.o
    0x00011e12   0x00011e12   0x00000002   PAD
    0x00011e14   0x00011e14   0x0000001d   Data   RO          667    .conststring        net_config.o
    0x00011e31   0x00011e31   0x00000003   PAD
    0x00011e34   0x00011e34   0x0000006d   Data   RO         1516    .conststring        Net_CM3_L.lib(net_tcp.o)
    0x00011ea1   0x00011ea1   0x00000003   PAD
    0x00011ea4   0x00011ea4   0x00000203   Data   RO         2247    .conststring        Net_CM3_L.lib(net_http_server_err.o)
    0x000120a7   0x000120a7   0x00000001   PAD
    0x000120a8   0x000120a8   0x00000020   Data   RO         2742    Region$$Table       anon$$obj.o


    Execution Region RW_IRAM1 (Exec base: 0x10000000, Load base: 0x000120c8, Size: 0x00006f98, Max: 0x00008000, ABSOLUTE)

    Exec Addr    Load Addr    Size         Type   Attr      Idx    E Section Name        Object

    0x10000000   0x000120c8   0x00000002   Data   RW            7    .data               http_server.o
    0x10000002   0x000120ca   0x00000002   PAD
    0x10000004   0x000120cc   0x00000008   Data   RW          118    .data               http_server_cgi.o
    0x1000000c   0x000120d4   0x0000000c   Data   RW          215    .data               lcd.o
    0x10000018   0x000120e0   0x00000004   Data   RW          255    .data               adc.o
    0x1000001c   0x000120e4   0x00000018   Data   RW          360    .data               rtc.o
    0x10000034   0x000120fc   0x00000004   Data   RW          408    .data               rtx_conf_cm.o
    0x10000038   0x00012100   0x00000004   Data   RW          409    .data               rtx_conf_cm.o
    0x1000003c   0x00012104   0x00000004   Data   RW          410    .data               rtx_conf_cm.o
    0x10000040   0x00012108   0x00000018   Data   RW          461    .data               emac_lpc17xx.o
    0x10000058   0x00012120   0x00000002   Data   RW          505    .data               ssp_lpc17xx.o
    0x1000005a   0x00012122   0x00000002   Data   RW          506    .data               ssp_lpc17xx.o
    0x1000005c   0x00012124   0x00000002   Data   RW          507    .data               ssp_lpc17xx.o
    0x1000005e   0x00012126   0x00000002   Data   RW          508    .data               ssp_lpc17xx.o
    0x10000060   0x00012128   0x00000008   Data   RW          509    .data               ssp_lpc17xx.o
    0x10000068   0x00012130   0x00000008   Data   RW          544    .data               gpdma_lpc17xx.o
    0x10000070   0x00012138   0x00000004   Data   RW          628    .data               system_lpc17xx_1.o
    0x10000074   0x0001213c   0x00000010   Data   RW          668    .data               net_config.o
    0x10000084   0x0001214c   0x00000006   Data   RW          669    .data               net_config.o
    0x1000008a   0x00012152   0x00000002   PAD
    0x1000008c   0x00012154   0x00000008   Data   RW          796    .data               RTX_CM3.lib(rt_cmsis.o)
    0x10000094   0x0001215c   0x00000004   Data   RW         1338    .data               Net_CM3_L.lib(net_eth.o)
    0x10000098   0x00012160   0x00000008   Data   RW         1375    .data               Net_CM3_L.lib(net_arp.o)
    0x100000a0   0x00012168   0x00000002   Data   RW         1462    .data               Net_CM3_L.lib(net_udp.o)
    0x100000a2   0x0001216a   0x00000004   Data   RW         1517    .data               Net_CM3_L.lib(net_tcp.o)
    0x100000a6   0x0001216e   0x00000001   Data   RW         1561    .data               Net_CM3_L.lib(net_nbns_client.o)
    0x100000a7   0x0001216f   0x00000001   PAD
    0x100000a8   0x00012170   0x0000000c   Data   RW         1611    .data               Net_CM3_L.lib(net_http_server.o)
    0x100000b4   0x0001217c   0x00000008   Data   RW         1706    .data               RTX_CM3.lib(rt_task.o)
    0x100000bc   0x00012184   0x00000008   Data   RW         1791    .data               RTX_CM3.lib(rt_system.o)
    0x100000c4   0x0001218c   0x00000004   Data   RW         2085    .data               RTX_CM3.lib(rt_time.o)
    0x100000c8   0x00012190   0x00000001   Data   RW         2204    .data               RTX_CM3.lib(hal_cm.o)
    0x100000c9   0x00012191   0x00000003   PAD
    0x100000cc   0x00012194   0x00000008   Data   RW         2318    .data               RTX_CM3.lib(rt_robin.o)
    0x100000d4   0x0001219c   0x00000004   Data   RW         2672    .data               mc_w.l(errno.o)
    0x100000d8        -       0x0000002a   Zero   RW            5    .bss                http_server.o
    0x10000102        -       0x00000200   Zero   RW          213    .bss                lcd.o
    0x10000302        -       0x00000078   Zero   RW          359    .bss                rtc.o
    0x1000037a   0x000121a0   0x00000002   PAD
    0x1000037c        -       0x00000020   Zero   RW          385    .bss                rtx_conf_cm.o
    0x1000039c        -       0x00000110   Zero   RW          386    .bss                rtx_conf_cm.o
    0x100004ac   0x000121a0   0x00000004   PAD
    0x100004b0        -       0x000004b0   Zero   RW          387    .bss                rtx_conf_cm.o
    0x10000960        -       0x00000408   Zero   RW          388    .bss                rtx_conf_cm.o
    0x10000d68        -       0x00000084   Zero   RW          389    .bss                rtx_conf_cm.o
    0x10000dec        -       0x00000014   Zero   RW          390    .bss                rtx_conf_cm.o
    0x10000e00        -       0x0000000c   Zero   RW          436    .bss                phy_dp83848c.o
    0x10000e0c   0x000121a0   0x00000004   PAD
    0x10000e10        -       0x00002a74   Zero   RW          458    .bss                emac_lpc17xx.o
    0x10003884        -       0x0000000c   Zero   RW          501    .bss                ssp_lpc17xx.o
    0x10003890        -       0x0000001c   Zero   RW          502    .bss                ssp_lpc17xx.o
    0x100038ac        -       0x000000a0   Zero   RW          543    .bss                gpdma_lpc17xx.o
    0x1000394c        -       0x00000014   Zero   RW          655    .bss                net_config.o
    0x10003960        -       0x00002ee0   Zero   RW          656    .bss                net_config.o
    0x10006840        -       0x0000008c   Zero   RW          657    .bss                net_config.o
    0x100068cc        -       0x0000003c   Zero   RW          658    .bss                net_config.o
    0x10006908        -       0x00000198   Zero   RW          659    .bss                net_config.o
    0x10006aa0        -       0x00000138   Zero   RW          660    .bss                net_config.o
    0x10006bd8        -       0x00000088   Zero   RW         1336    .bss                Net_CM3_L.lib(net_eth.o)
    0x10006c60        -       0x0000000c   Zero   RW         1413    .bss                Net_CM3_L.lib(net_ip.o)
    0x10006c6c        -       0x00000010   Zero   RW         1438    .bss                Net_CM3_L.lib(net_icmp.o)
    0x10006c7c        -       0x00000022   Zero   RW         1663    .bss                Net_CM3_L.lib(net_addr4.o)
    0x10006c9e   0x000121a0   0x00000002   PAD
    0x10006ca0        -       0x00000054   Zero   RW         1681    .bss                Net_CM3_L.lib(net_sys.o)
    0x10006cf4        -       0x00000018   Zero   RW         1682    .bss                Net_CM3_L.lib(net_sys.o)
    0x10006d0c        -       0x00000034   Zero   RW         1705    .bss                RTX_CM3.lib(rt_task.o)
    0x10006d40        -       0x00000030   Zero   RW         1925    .bss                RTX_CM3.lib(rt_list.o)
    0x10006d70        -       0x00000010   Zero   RW         2261    .bss                Net_CM3_L.lib(net_mem.o)
    0x10006d80        -       0x00000014   Zero   RW         2262    .bss                Net_CM3_L.lib(net_mem.o)
    0x10006d94   0x000121a0   0x00000004   PAD
    0x10006d98        -       0x00000200   Zero   RW          614    STACK               startup_lpc17xx_1.o


==============================================================================

Image component sizes


      Code (inc. data)   RO Data    RW Data    ZI Data      Debug   Object Name

       220         16          0          4          0      28824   adc.o
      2532        100         76         24      10868      41961   emac_lpc17xx.o
       872         20          0          8        160       5569   gpdma_lpc17xx.o
       124         10          0          0          0       1653   gpio_lpc17xx.o
       280         38         32          2         42      37459   http_server.o
      1310        274        218          8          0      22142   http_server_cgi.o
       768         18       2400         12        512       4281   lcd.o
       232          6          8          0          0       2216   leds.o
       268         18          0          0          0       2293   lpc17xx_clkpwr.o
         2          0          0          0          0        831   lpc17xx_libcfg_default.o
      2192         94          0          0          0      11859   lpc17xx_rtc.o
       106          0        201         22      12940       4618   net_config.o
       432         10         36          0         12       6334   phy_dp83848c.o
       152          6          0          0          0       1448   pin_lpc17xx.o
       164         42          0         24        120       1418   rtc.o
        28          6         88         12       2688       7466   rtx_conf_cm.o
      2956         26        124         16         40      17586   ssp_lpc17xx.o
        40         12        204          0        512       1132   startup_lpc17xx_1.o
       412         32          0          4          0       1253   system_lpc17xx_1.o
        92         10      28011          0          0       1792   web.o

    ----------------------------------------------------------------------
     13186        738      31448        140      27904     202135   Object Totals
         0          0         32          0          0          0   (incl. Generated)
         4          0         18          4         10          0   (incl. Padding)

    ----------------------------------------------------------------------

      Code (inc. data)   RO Data    RW Data    ZI Data      Debug   Library Member Name

       186         44          8          0         34        224   net_addr4.o
      1696        128          0          8          0       1024   net_arp.o
       324          4          0          0          0        584   net_common.o
      1152        110         28          4        136        792   net_eth.o
      5484       1186        250         12          0       2476   net_http_server.o
         0          0        539          0          0          0   net_http_server_err.o
       436         34          0          0         16        308   net_icmp.o
      1070         88          8          0         12        816   net_ip.o
       460         52          4          0         36        556   net_mem.o
       400         26          8          1          0        184   net_nbns_client.o
       224         48          8          0        108        288   net_sys.o
      3932        164        153          4          0       2068   net_tcp.o
       690         36          0          2          0        556   net_udp.o
       238         24          0          1          0       3244   hal_cm.o
       304         36          0          0          0        756   hal_cm3.o
      1966        228          0          8          0      46016   rt_cmsis.o
       272         18          0          0          0       2606   rt_event.o
       566         44          0          0         48       8688   rt_list.o
       554         10          0          0          0       3889   rt_mailbox.o
       140          0          0          0          0       1889   rt_membox.o
       128          0          0          0          0       2267   rt_memory.o
       352         14          0          0          0       2073   rt_mutex.o
        96         22          0          8          0       1134   rt_robin.o
        52          4          0          0          0        565   rt_semaphore.o
       334         64          0          8          0       6991   rt_system.o
      1264        184          0          8         52      10023   rt_task.o
         6          0          0          4          0        636   rt_time.o
         4          4          0          0          0        196   svc_table.o
        56          8          0          0          0         84   __0sscanf.o
        28          0          0          0          0         68   _chval.o
       816          6          0          0          0        112   _scanf.o
       332          0          0          0          0         96   _scanf_int.o
        64          0          0          0          0         84   _sgetc.o
       158          0          0          0          0         92   _strtoul.o
        26          0          0          0          0         80   atoi.o
         8          4        133          0          0         68   ctype_o.o
         0          0          0          0          0          0   entry.o
         0          0          0          0          0          0   entry10a.o
         0          0          0          0          0          0   entry11a.o
         4          0          0          0          0          0   entry12b.o
         8          4          0          0          0          0   entry2.o
         4          0          0          0          0          0   entry5.o
         0          0          0          0          0          0   entry7b.o
         0          0          0          0          0          0   entry8b.o
         8          4          0          4          0         68   errno.o
        30          0          0          0          0          0   handlers.o
        36          8          0          0          0         68   init.o
        18          0          0          0          0         76   isspace_o.o
         0          0          0          0          0          0   iusefp.o
        30          0          0          0          0         68   llshl.o
        36          0          0          0          0         68   llsshr.o
        32          0          0          0          0         68   llushr.o
        26          0          0          0          0         80   memcmp.o
        36          0          0          0          0         68   memcpya.o
        36          0          0          0          0        108   memseta.o
      2236         86          0          0          0        532   printfa.o
        40          8          0          0          0         84   scanf_char.o
        28          0          0          0          0         76   strcmp.o
        18          0          0          0          0         68   strcpy.o
        14          0          0          0          0         68   strlen.o
        30          0          0          0          0         80   strncmp.o
       112          0          0          0          0         88   strtol.o
        44          0          0          0          0         80   uidiv.o
        98          0          0          0          0         92   uldiv.o
        48          0          0          0          0         68   cdrcmple.o
       334          0          0          0          0        148   dadd.o
       222          0          0          0          0        100   ddiv.o
       186          0          0          0          0        176   depilogue.o
        48          0          0          0          0         68   dfixul.o
       228          0          0          0          0         96   dmul.o
        38          0          0          0          0         68   f2d.o
       110          0          0          0          0        168   fepilogue.o
        10          0          0          0          0         68   ffltui.o
       100          0          0          0          0         76   fmul.o
        24          0          0          0          0         68   fscalb.o

    ----------------------------------------------------------------------
     28146       2700       1148         76        448     104477   Library Totals
        56          0          9          4          6          0   (incl. Padding)

    ----------------------------------------------------------------------

      Code (inc. data)   RO Data    RW Data    ZI Data      Debug   Library Name

     16054       1920       1006         31        342       9876   Net_CM3_L.lib
      6276        652          0         37        100      90973   RTX_CM3.lib
      4412        128        133          4          0       2524   mc_w.l
      1348          0          0          0          0       1104   mf_w.l

    ----------------------------------------------------------------------
     28146       2700       1148         76        448     104477   Library Totals

    ----------------------------------------------------------------------

==============================================================================


      Code (inc. data)   RO Data    RW Data    ZI Data      Debug   

     41332       3438      32596        216      28352     291008   Grand Totals
     41332       3438      32596        216      28352     291008   ELF Image Totals
     41332       3438      32596        216          0          0   ROM Totals

==============================================================================

    Total RO  Size (Code + RO Data)                73928 (  72.20kB)
    Total RW  Size (RW Data + ZI Data)             28568 (  27.90kB)
    Total ROM Size (Code + RO Data + RW Data)      74144 (  72.41kB)

==============================================================================

