Component: ARM Compiler 5.06 update 6 (build 750) Tool: armlink [4d35ed]

==============================================================================

Section Cross References

    http_server.o(.text) refers to lcd.o(.text) for EscribeFrase
    http_server.o(.text) refers to localtime.o(.text) for localtime
    http_server.o(.text) refers to memcpya.o(.text) for __aeabi_memcpy4
    http_server.o(.text) refers to rtc.o(.text) for RTC_Set_Time
    http_server.o(.text) refers to net_sntp_client.o(i.sntp_get_time) for sntp_get_time
    http_server.o(.text) refers to rt_cmsis.o(i.osTimerCreate) for osTimerCreate
    http_server.o(.text) refers to rt_cmsis.o(i.osTimerStart) for osTimerStart
    http_server.o(.text) refers to rt_cmsis.o(i.osSignalSet) for osSignalSet
    http_server.o(.text) refers to adc.o(.text) for ADC_StartConversion
    http_server.o(.text) refers to printfa.o(i.__0sprintf) for __2sprintf
    http_server.o(.text) refers to net_addr4.o(i.ip4_ntoa) for ip4_ntoa
    http_server.o(.text) refers to rt_cmsis.o(i.osDelay) for osDelay
    http_server.o(.text) refers to leds.o(.text) for LED_SetOut
    http_server.o(.text) refers to net_sys.o(i.net_initialize) for net_initialize
    http_server.o(.text) refers to rt_cmsis.o(i.osThreadCreate) for osThreadCreate
    http_server.o(.text) refers to rebotes.o(.text) for Inicializar_Pulsadores
    http_server.o(.text) refers to net_sys.o(i.net_main) for net_main
    http_server.o(.text) refers to rt_cmsis.o(i.osThreadYield) for osThreadYield
    http_server.o(.text) refers to http_server.o(.bss) for .bss
    http_server.o(.text) refers to http_server.o(.data) for .data
    http_server.o(.text) refers to http_server.o(.constdata) for .constdata
    http_server.o(.text) refers to rebotes.o(.data) for rebotes_id
    http_server.o(.constdata) refers to http_server.o(.text) for Timer2_Callback
    http_server.o(.constdata) refers to http_server.o(.bss) for os_timer_cb_Timer2
    http_server_cgi.o(.text) refers to net_http_server.o(i.http_get_env_var) for http_get_env_var
    http_server_cgi.o(.text) refers to strncmp.o(.text) for strncmp
    http_server_cgi.o(.text) refers to net_addr4.o(i.ip4_aton) for ip4_aton
    http_server_cgi.o(.text) refers to strcmp.o(.text) for strcmp
    http_server_cgi.o(.text) refers to leds.o(.text) for LED_SetOut
    http_server_cgi.o(.text) refers to strcpy.o(.text) for strcpy
    http_server_cgi.o(.text) refers to net_addr4.o(i.ip4_ntoa) for ip4_ntoa
    http_server_cgi.o(.text) refers to printfa.o(i.__0sprintf) for __2sprintf
    http_server_cgi.o(.text) refers to net_tcp.o(i.tcp_ntoa) for tcp_ntoa
    http_server_cgi.o(.text) refers to net_http_server.o(i.http_server_get_lang) for http_server_get_lang
    http_server_cgi.o(.text) refers to http_server.o(.text) for AD_in
    http_server_cgi.o(.text) refers to ffltui.o(.text) for __aeabi_ui2f
    http_server_cgi.o(.text) refers to fmul.o(.text) for __aeabi_fmul
    http_server_cgi.o(.text) refers to fscalb.o(.text) for __ARM_scalbnf
    http_server_cgi.o(.text) refers to f2d.o(.text) for __aeabi_f2d
    http_server_cgi.o(.text) refers to net_sys.o(.bss) for localm
    http_server_cgi.o(.text) refers to http_server_cgi.o(.data) for .data
    http_server_cgi.o(.text) refers to http_server.o(.data) for LEDrun
    http_server_cgi.o(.text) refers to net_config.o(.constdata) for http_config
    http_server_cgi.o(.text) refers to http_server.o(.bss) for lcd_text
    http_server_cgi.o(.text) refers to net_config.o(.constdata) for tcp_config
    http_server_cgi.o(.text) refers to http_server_cgi.o(.conststring) for .conststring
    web.o(.text) refers to web.o(.constdata) for .constdata
    web.o(.constdata) refers to web.o(.constdata) for imageFileData
    leds.o(.text) refers to gpio_lpc17xx.o(.text) for GPIO_PortClock
    leds.o(.text) refers to pin_lpc17xx.o(.text) for PIN_Configure
    leds.o(.text) refers to leds.o(.constdata) for .constdata
    lcd.o(.text) refers to gpio_lpc17xx.o(.text) for GPIO_PinWrite
    lcd.o(.text) refers to strlen.o(.text) for strlen
    lcd.o(.text) refers to lcd.o(.data) for .data
    lcd.o(.text) refers to lcd.o(.bss) for .bss
    lcd.o(.text) refers to lcd.o(.constdata) for .constdata
    lcd.o(.data) refers to ssp_lpc17xx.o(.constdata) for Driver_SPI1
    adc.o(.text) refers to pin_lpc17xx.o(.text) for PIN_Configure
    adc.o(.text) refers to adc.o(.data) for .data
    lpc17xx_rtc.o(.text) refers to lpc17xx_libcfg_default.o(.text) for check_failed
    lpc17xx_rtc.o(.text) refers to lpc17xx_clkpwr.o(.text) for CLKPWR_ConfigPPWR
    lpc17xx_clkpwr.o(.text) refers to system_lpc17xx_1.o(.data) for SystemCoreClock
    rtc.o(.text) refers to lpc17xx_rtc.o(.text) for RTC_GetIntPending
    rtc.o(.text) refers to printfa.o(i.__0sprintf) for __2sprintf
    rtc.o(.text) refers to lcd.o(.text) for EscribeFrase
    rtc.o(.text) refers to http_server.o(.bss) for tiempo
    rtc.o(.text) refers to http_server.o(.data) for alarma
[...]
    GPDMA_ChannelGetStatus                   0x0000357b   Thumb Code    24  gpdma_lpc17xx.o(.text)
    GPDMA_ChannelGetCount                    0x00003593   Thumb Code    38  gpdma_lpc17xx.o(.text)
    DMA_IRQHandler                           0x000035b9   Thumb Code   220  gpdma_lpc17xx.o(.text)
    GPIO_PortClock                           0x00003701   Thumb Code    24  gpio_lpc17xx.o(.text)
    GPIO_SetDir                              0x00003719   Thumb Code    26  gpio_lpc17xx.o(.text)
    GPIO_PinWrite                            0x00003733   Thumb Code    20  gpio_lpc17xx.o(.text)
    GPIO_PinRead                             0x00003747   Thumb Code    20  gpio_lpc17xx.o(.text)
    GPIO_PortWrite                           0x0000375b   Thumb Code    14  gpio_lpc17xx.o(.text)
    GPIO_PortRead                            0x00003769   Thumb Code    10  gpio_lpc17xx.o(.text)
    PIN_Configure                            0x0000377d   Thumb Code   100  pin_lpc17xx.o(.text)
    PIN_ConfigureTPIU                        0x000037e1   Thumb Code    24  pin_lpc17xx.o(.text)
    PIN_ConfigureI2C0Pins                    0x000037f9   Thumb Code    22  pin_lpc17xx.o(.text)
    SystemCoreClockUpdate                    0x00003815   Thumb Code   184  system_lpc17xx_1.o(.text)
    SystemInit                               0x000038cd   Thumb Code   196  system_lpc17xx_1.o(.text)
    net_sys_init                             0x000039b1   Thumb Code    42  net_config.o(.text)
    net_sys_run                              0x000039db   Thumb Code    30  net_config.o(.text)
    igmp_is_member                           0x000039f9   Thumb Code     4  net_config.o(.text)
    igmp_process                             0x000039fd   Thumb Code     2  net_config.o(.text)
    dhcp_disable                             0x000039ff   Thumb Code     4  net_config.o(.text)
    ppp_send_frame                           0x00003a03   Thumb Code     4  net_config.o(.text)
    slip_send_frame                          0x00003a07   Thumb Code     4  net_config.o(.text)
    http_server_fopen                        0x00003a0b   Thumb Code     4  net_config.o(.text)
    http_server_fclose                       0x00003a0f   Thumb Code     2  net_config.o(.text)
    http_server_fread                        0x00003a11   Thumb Code     4  net_config.o(.text)
    http_server_fgets                        0x00003a15   Thumb Code     4  net_config.o(.text)
    http_server_ftime                        0x00003a19   Thumb Code     4  net_config.o(.text)
    net_sys_error                            0x00003a1d   Thumb Code     2  net_config.o(.text)
    __aeabi_uldivmod                         0x00003a1f   Thumb Code    98  uldiv.o(.text)
    localtime                                0x00003a81   Thumb Code   138  localtime.o(.text)
    strlen                                   0x00003b15   Thumb Code    14  strlen.o(.text)
    strcmp                                   0x00003b23   Thumb Code    28  strcmp.o(.text)
    memcmp                                   0x00003b3f   Thumb Code    26  memcmp.o(.text)
    strcpy                                   0x00003b59   Thumb Code    18  strcpy.o(.text)
    strncmp                                  0x00003b6b   Thumb Code    30  strncmp.o(.text)
    __0sscanf                                0x00003b89   Thumb Code    48  __0sscanf.o(.text)
    _scanf_int                               0x00003bc1   Thumb Code   332  _scanf_int.o(.text)
    atoi                                     0x00003d0d   Thumb Code    26  atoi.o(.text)
    __aeabi_fmul                             0x00003d27   Thumb Code   100  fmul.o(.text)
    __ARM_scalbnf                            0x00003d8b   Thumb Code    24  fscalb.o(.text)
    scalbnf                                  0x00003d8b   Thumb Code     0  fscalb.o(.text)
    __aeabi_f2d                              0x00003da3   Thumb Code    38  f2d.o(.text)
    __aeabi_uidiv                            0x00003dc9   Thumb Code     0  uidiv.o(.text)
    __aeabi_uidivmod                         0x00003dc9   Thumb Code    44  uidiv.o(.text)
    __aeabi_llsl                             0x00003df5   Thumb Code    30  llshl.o(.text)
    _ll_shift_l                              0x00003df5   Thumb Code     0  llshl.o(.text)
    __aeabi_llsr                             0x00003e13   Thumb Code    32  llushr.o(.text)
    _ll_ushift_r                             0x00003e13   Thumb Code     0  llushr.o(.text)
    _chval                                   0x00003e33   Thumb Code    28  _chval.o(.text)
    __vfscanf_char                           0x00003e5d   Thumb Code    20  scanf_char.o(.text)
    _sgetc                                   0x00003e79   Thumb Code    30  _sgetc.o(.text)
    _sbackspace                              0x00003e97   Thumb Code    34  _sgetc.o(.text)
    strtol                                   0x00003eb9   Thumb Code   112  strtol.o(.text)
    _float_round                             0x00003f29   Thumb Code    18  fepilogue.o(.text)
    _float_epilogue                          0x00003f3b   Thumb Code    92  fepilogue.o(.text)
    __aeabi_dadd                             0x00003f97   Thumb Code   322  dadd.o(.text)
    __aeabi_dsub                             0x000040d9   Thumb Code     6  dadd.o(.text)
    __aeabi_drsub                            0x000040df   Thumb Code     6  dadd.o(.text)
    __aeabi_dmul                             0x000040e5   Thumb Code   228  dmul.o(.text)
    __aeabi_ddiv                             0x000041c9   Thumb Code   222  ddiv.o(.text)
    __aeabi_d2ulz                            0x000042a7   Thumb Code    48  dfixul.o(.text)
    __aeabi_cdrcmple                         0x000042d9   Thumb Code    48  cdrcmple.o(.text)
    __scatterload                            0x00004309   Thumb Code    28  init.o(.text)
    __scatterload_rt2                        0x00004309   Thumb Code     0  init.o(.text)
    __aeabi_lasr                             0x0000432d   Thumb Code    36  llsshr.o(.text)
    _ll_sshift_r                             0x0000432d   Thumb Code     0  llsshr.o(.text)
    __rt_ctype_table                         0x00004351   Thumb Code     4  ctype_o.o(.text)
    isspace                                  0x00004359   Thumb Code    18  isspace_o.o(.text)
    __vfscanf                                0x0000436d   Thumb Code   808  _scanf.o(.text)
    _strtoul                                 0x00004699   Thumb Code   158  _strtoul.o(.text)
    _double_round                            0x00004737   Thumb Code    30  depilogue.o(.text)
    _double_epilogue                         0x00004755   Thumb Code   156  depilogue.o(.text)
    SVC_Count                                0x000047f0   Data           4  svc_table.o(SVC_TABLE)
    SVC_Table                                0x000047f4   Data           0  svc_table.o(SVC_TABLE)
    __0sprintf                               0x000047f5   Thumb Code    34  printfa.o(i.__0sprintf)
    __1sprintf                               0x000047f5   Thumb Code     0  printfa.o(i.__0sprintf)
    __2sprintf                               0x000047f5   Thumb Code     0  printfa.o(i.__0sprintf)
    __c89sprintf                             0x000047f5   Thumb Code     0  printfa.o(i.__0sprintf)
    sprintf                                  0x000047f5   Thumb Code     0  printfa.o(i.__0sprintf)
    __aeabi_errno_addr                       0x0000481d   Thumb Code     4  errno.o(i.__aeabi_errno_addr)
    __rt_errno_addr                          0x0000481d   Thumb Code     0  errno.o(i.__aeabi_errno_addr)
    __scatterload_copy                       0x00004825   Thumb Code    14  handlers.o(i.__scatterload_copy)
    __scatterload_zeroinit                   0x00004833   Thumb Code    14  handlers.o(i.__scatterload_zeroinit)
    _init_box                                0x000049c5   Thumb Code    70  rt_membox.o(i._init_box)
    arp_cache_add                            0x00005179   Thumb Code   156  net_arp.o(i.arp_cache_add)
    arp_cache_early                          0x000052a5   Thumb Code   128  net_arp.o(i.arp_cache_early)
    arp_cache_find                           0x0000532d   Thumb Code   148  net_arp.o(i.arp_cache_find)
    arp_cache_update                         0x000053cd   Thumb Code   212  net_arp.o(i.arp_cache_update)
    arp_init                                 0x000054b1   Thumb Code    38  net_arp.o(i.arp_init)
    arp_notify                               0x0000551d   Thumb Code    26  net_arp.o(i.arp_notify)
    arp_process                              0x000055b9   Thumb Code   276  net_arp.o(i.arp_process)
    b64_to_asc                               0x00005819   Thumb Code   122  net_common.o(i.b64_to_asc)
    cgi_content_type                         0x00005893   Thumb Code     4  net_http_server.o(i.cgi_content_type)
    cgx_content_type                         0x00005897   Thumb Code     4  net_http_server.o(i.cgx_content_type)
    chksum16                                 0x00005a0d   Thumb Code    50  net_common.o(i.chksum16)
    dbg_init                                 0x00005a85   Thumb Code    34  hal_cm.o(i.dbg_init)
    dbg_task_notify                          0x00005ab5   Thumb Code    32  hal_cm.o(i.dbg_task_notify)
    dbg_task_switch                          0x00005ad5   Thumb Code    16  hal_cm.o(i.dbg_task_switch)
    eth_chk_addr                             0x00005bcd   Thumb Code    28  net_eth.o(i.eth_chk_addr)
    eth_init_link                            0x00005c5d   Thumb Code   222  net_eth.o(i.eth_init_link)
    eth_link_notify                          0x00005d55   Thumb Code     2  net_eth.o(i.eth_link_notify)
    eth_output                               0x00005d6d   Thumb Code    86  net_eth.o(i.eth_output)
    eth_run_link                             0x00005dd1   Thumb Code   210  net_eth.o(i.eth_run_link)
    eth_send_frame                           0x00005eb5   Thumb Code   146  net_eth.o(i.eth_send_frame)
    eth_thread                               0x00005f59   Thumb Code    14  net_eth.o(i.eth_thread)
    get_rnd32                                0x00005fe1   Thumb Code    18  net_sys.o(i.get_rnd32)
    http_accept_client                       0x0000600f   Thumb Code     4  net_http_server.o(i.http_accept_client)
    http_check_account                       0x00006325   Thumb Code     4  net_http_server.o(i.http_check_account)
    http_encoding                            0x00006329   Thumb Code     4  net_http_server.o(i.http_encoding)
    http_file_access                         0x000064a5   Thumb Code     4  net_http_server.o(i.http_file_access)
    http_get_env_var                         0x000064a9   Thumb Code   104  net_http_server.o(i.http_get_env_var)
    http_server_get_lang                     0x00006ca9   Thumb Code    28  net_http_server.o(i.http_server_get_lang)
    http_server_init                         0x00006ccd   Thumb Code    82  net_http_server.o(i.http_server_init)
    http_server_run                          0x00006d29   Thumb Code   808  net_http_server.o(i.http_server_run)
    icmp_process                             0x00007121   Thumb Code   210  net_icmp.o(i.icmp_process)
    icmp_service_init                        0x0000727d   Thumb Code    10  net_icmp.o(i.icmp_service_init)
    icmp_service_run                         0x0000728d   Thumb Code    58  net_icmp.o(i.icmp_service_run)
    ip4_aton                                 0x000072d5   Thumb Code    82  net_addr4.o(i.ip4_aton)
    ip4_checksum                             0x0000733d   Thumb Code    76  net_ip.o(i.ip4_checksum)
    ip4_ntoa                                 0x00007389   Thumb Code    34  net_addr4.o(i.ip4_ntoa)
    ip_chk_frame                             0x000073c1   Thumb Code   196  net_ip.o(i.ip_chk_frame)
    ip_get_locadr                            0x0000749d   Thumb Code    54  net_ip.o(i.ip_get_locadr)
    ip_localhost_init                        0x0000755d   Thumb Code    68  net_ip.o(i.ip_localhost_init)
    ip_localhost_run                         0x000075ad   Thumb Code    86  net_ip.o(i.ip_localhost_run)
    ip_send_frame                            0x0000760d   Thumb Code   312  net_ip.o(i.ip_send_frame)
    ip_tx_offload                            0x0000774d   Thumb Code    40  net_ip.o(i.ip_tx_offload)
    is_subnet                                0x0000777d   Thumb Code    26  net_addr4.o(i.is_subnet)
    is_subnet_bcast                          0x00007799   Thumb Code    34  net_ip.o(i.is_subnet_bcast)
    isrMessageGet                            0x000077c1   Thumb Code    42  rt_cmsis.o(i.isrMessageGet)
    isrMessagePut                            0x000077eb   Thumb Code    44  rt_cmsis.o(i.isrMessagePut)
    isrSignalSet                             0x00007817   Thumb Code    36  rt_cmsis.o(i.isrSignalSet)
    isr_evt_set                              0x0000783d   Thumb Code    34  rt_event.o(i.isr_evt_set)
    isr_mbx_receive                          0x00007865   Thumb Code    86  rt_mailbox.o(i.isr_mbx_receive)
    isr_mbx_send                             0x000078bb   Thumb Code    14  rt_mailbox.o(i.isr_mbx_send)
    mem_alloc                                0x000078c9   Thumb Code   130  net_mem.o(i.mem_alloc)
    mem_avail                                0x00007955   Thumb Code    22  net_mem.o(i.mem_avail)
    mem_crc32                                0x00007971   Thumb Code    32  net_common.o(i.mem_crc32)
    mem_free                                 0x00007991   Thumb Code   100  net_mem.o(i.mem_free)
    mem_init                                 0x000079fd   Thumb Code    86  net_mem.o(i.mem_init)
    mem_resize                               0x00007a71   Thumb Code    50  net_mem.o(i.mem_resize)
    nbns_client_init                         0x00007ab5   Thumb Code    40  net_nbns_client.o(i.nbns_client_init)
    net_initialize                           0x00007c45   Thumb Code    58  net_sys.o(i.net_initialize)
    net_main                                 0x00007c91   Thumb Code    86  net_sys.o(i.net_main)
    osDelay                                  0x00007d09   Thumb Code    18  rt_cmsis.o(i.osDelay)
    osKernelInitialize                       0x00007d21   Thumb Code    30  rt_cmsis.o(i.osKernelInitialize)
    osKernelStart                            0x00007d45   Thumb Code    98  rt_cmsis.o(i.osKernelStart)
    osKernelSysTick                          0x00007db1   Thumb Code    18  rt_cmsis.o(i.osKernelSysTick)
    osMessageGet                             0x00007dc9   Thumb Code    18  rt_cmsis.o(i.osMessageGet)
    osMutexCreate                            0x00007de1   Thumb Code    36  rt_cmsis.o(i.osMutexCreate)
    osMutexRelease                           0x00007e0d   Thumb Code    18  rt_cmsis.o(i.osMutexRelease)
    osMutexWait                              0x00007e25   Thumb Code    18  rt_cmsis.o(i.osMutexWait)
    osSignalSet                              0x00007e3d   Thumb Code    18  rt_cmsis.o(i.osSignalSet)
    osSignalWait                             0x00007e55   Thumb Code    18  rt_cmsis.o(i.osSignalWait)
    osThreadCreate                           0x00007e6d   Thumb Code    36  rt_cmsis.o(i.osThreadCreate)
    osThreadExit                             0x00007e99   Thumb Code    14  rt_cmsis.o(i.osThreadExit)
    osThreadYield                            0x00007eb1   Thumb Code    18  rt_cmsis.o(i.osThreadYield)
    osTimerCall                              0x00007ec9   Thumb Code     8  rt_cmsis.o(i.osTimerCall)
    osTimerCreate                            0x00007ed5   Thumb Code    36  rt_cmsis.o(i.osTimerCreate)
    osTimerStart                             0x00007f01   Thumb Code    18  rt_cmsis.o(i.osTimerStart)
    osTimerThread                            0x00007f19   Thumb Code    38  rt_cmsis.o(i.osTimerThread)
    os_tick_init                             0x00007f45   Thumb Code    32  rt_system.o(i.os_tick_init)
    os_tick_irqack                           0x00007f6d   Thumb Code     2  rt_system.o(i.os_tick_irqack)
    os_tick_ovf                              0x00007f71   Thumb Code    10  rt_system.o(i.os_tick_ovf)
    os_tick_val                              0x00007f81   Thumb Code    14  rt_system.o(i.os_tick_val)
    rt_alloc_box                             0x0000805d   Thumb Code    26  rt_membox.o(i.rt_alloc_box)
    rt_alloc_mem                             0x00008077   Thumb Code    62  rt_memory.o(i.rt_alloc_mem)
    rt_block                                 0x000080b5   Thumb Code    48  rt_task.o(i.rt_block)
    rt_chk_robin                             0x000080ed   Thumb Code    60  rt_robin.o(i.rt_chk_robin)
    rt_dec_dly                               0x00008135   Thumb Code   102  rt_list.o(i.rt_dec_dly)
    rt_dispatch                              0x000081a5   Thumb Code    60  rt_task.o(i.rt_dispatch)
    rt_dly_wait                              0x000081e9   Thumb Code     6  rt_time.o(i.rt_dly_wait)
    rt_evt_psh                               0x000081f1   Thumb Code    76  rt_event.o(i.rt_evt_psh)
    rt_evt_set                               0x00008241   Thumb Code    88  rt_event.o(i.rt_evt_set)
    rt_evt_wait                              0x0000829d   Thumb Code    56  rt_event.o(i.rt_evt_wait)
    rt_free_box                              0x000082d9   Thumb Code    44  rt_membox.o(i.rt_free_box)
    rt_free_mem                              0x00008305   Thumb Code    40  rt_memory.o(i.rt_free_mem)
    rt_get_first                             0x0000832d   Thumb Code    40  rt_list.o(i.rt_get_first)
    rt_get_same_rdy_prio                     0x00008355   Thumb Code    26  rt_list.o(i.rt_get_same_rdy_prio)
    rt_init_mem                              0x000083c9   Thumb Code    26  rt_memory.o(i.rt_init_mem)
    rt_init_robin                            0x000083e5   Thumb Code    14  rt_robin.o(i.rt_init_robin)
    rt_init_stack                            0x000083fd   Thumb Code   118  hal_cm.o(i.rt_init_stack)
    rt_mbx_check                             0x0000847d   Thumb Code     8  rt_mailbox.o(i.rt_mbx_check)
    rt_mbx_init                              0x00008485   Thumb Code    26  rt_mailbox.o(i.rt_mbx_init)
    rt_mbx_psh                               0x000084a1   Thumb Code   236  rt_mailbox.o(i.rt_mbx_psh)
    rt_mbx_wait                              0x00008591   Thumb Code   174  rt_mailbox.o(i.rt_mbx_wait)
    rt_mut_init                              0x00008689   Thumb Code    16  rt_mutex.o(i.rt_mut_init)
    rt_mut_release                           0x00008699   Thumb Code   208  rt_mutex.o(i.rt_mut_release)
    rt_mut_wait                              0x00008771   Thumb Code   114  rt_mutex.o(i.rt_mut_wait)
    rt_pop_req                               0x000087e9   Thumb Code   112  rt_system.o(i.rt_pop_req)
    rt_psh_req                               0x00008865   Thumb Code    22  rt_system.o(i.rt_psh_req)
    rt_psq_enq                               0x00008885   Thumb Code    88  rt_list.o(i.rt_psq_enq)
    rt_put_dly                               0x000088e1   Thumb Code    68  rt_list.o(i.rt_put_dly)
    rt_put_prio                              0x00008929   Thumb Code    54  rt_list.o(i.rt_put_prio)
    rt_put_rdy_first                         0x00008961   Thumb Code    14  rt_list.o(i.rt_put_rdy_first)
    rt_resort_prio                           0x00008975   Thumb Code    46  rt_list.o(i.rt_resort_prio)
    rt_ret_val                               0x000089a9   Thumb Code     6  hal_cm.o(i.rt_ret_val)
    rt_ret_val2                              0x000089af   Thumb Code     8  hal_cm.o(i.rt_ret_val2)
    rt_rmv_dly                               0x000089b7   Thumb Code    40  rt_list.o(i.rt_rmv_dly)
    rt_rmv_list                              0x000089e1   Thumb Code    44  rt_list.o(i.rt_rmv_list)
    rt_sem_psh                               0x00008a11   Thumb Code    48  rt_semaphore.o(i.rt_sem_psh)
    rt_switch_req                            0x00008a45   Thumb Code    30  rt_task.o(i.rt_switch_req)
    rt_sys_init                              0x00008a6d   Thumb Code   138  rt_task.o(i.rt_sys_init)
    rt_sys_start                             0x00008b39   Thumb Code   110  rt_task.o(i.rt_sys_start)
    rt_systick                               0x00008bb1   Thumb Code    50  rt_system.o(i.rt_systick)
    rt_tsk_create                            0x00008c75   Thumb Code   118  rt_task.o(i.rt_tsk_create)
    rt_tsk_delete                            0x00008cfd   Thumb Code   352  rt_task.o(i.rt_tsk_delete)
    rt_tsk_pass                              0x00008e79   Thumb Code    38  rt_task.o(i.rt_tsk_pass)
    rt_tsk_prio                              0x00008ea9   Thumb Code   108  rt_task.o(i.rt_tsk_prio)
    rt_tsk_self                              0x00008f25   Thumb Code    12  rt_task.o(i.rt_tsk_self)
    sntp_client_init                         0x00008f7d   Thumb Code    32  net_sntp_client.o(i.sntp_client_init)
    sntp_client_run                          0x00008fa5   Thumb Code    66  net_sntp_client.o(i.sntp_client_run)
    sntp_get_time                            0x00008ff5   Thumb Code   112  net_sntp_client.o(i.sntp_get_time)
    str_copy                                 0x0000912d   Thumb Code    18  net_common.o(i.str_copy)
    str_pos                                  0x0000913f   Thumb Code    22  net_common.o(i.str_pos)
    str_scomp                                0x00009155   Thumb Code    26  net_common.o(i.str_scomp)
    str_up_case                              0x0000916f   Thumb Code    26  net_common.o(i.str_up_case)
    svcDelay                                 0x00009189   Thumb Code    18  rt_cmsis.o(i.svcDelay)
    svcKernelInitialize                      0x0000919d   Thumb Code    80  rt_cmsis.o(i.svcKernelInitialize)
    svcKernelStart                           0x0000920d   Thumb Code    62  rt_cmsis.o(i.svcKernelStart)
    svcKernelSysTick                         0x00009255   Thumb Code    46  rt_cmsis.o(i.svcKernelSysTick)
    svcMessageCreate                         0x0000928d   Thumb Code    36  rt_cmsis.o(i.svcMessageCreate)
    svcMessageGet                            0x000092b1   Thumb Code    58  rt_cmsis.o(i.svcMessageGet)
    svcMutexCreate                           0x000092eb   Thumb Code    28  rt_cmsis.o(i.svcMutexCreate)
    svcMutexRelease                          0x00009307   Thumb Code    34  rt_cmsis.o(i.svcMutexRelease)
    svcMutexWait                             0x00009329   Thumb Code    58  rt_cmsis.o(i.svcMutexWait)
    svcSignalSet                             0x00009363   Thumb Code    36  rt_cmsis.o(i.svcSignalSet)
    svcSignalWait                            0x00009389   Thumb Code    80  rt_cmsis.o(i.svcSignalWait)
    svcThreadCreate                          0x000093dd   Thumb Code    96  rt_cmsis.o(i.svcThreadCreate)
    svcThreadGetId                           0x00009449   Thumb Code    22  rt_cmsis.o(i.svcThreadGetId)
    svcThreadTerminate                       0x00009465   Thumb Code    50  rt_cmsis.o(i.svcThreadTerminate)
    svcThreadYield                           0x0000949d   Thumb Code    10  rt_cmsis.o(i.svcThreadYield)
    svcTimerCall                             0x000094a7   Thumb Code    24  rt_cmsis.o(i.svcTimerCall)
    svcTimerCreate                           0x000094c1   Thumb Code    52  rt_cmsis.o(i.svcTimerCreate)
    svcTimerStart                            0x000094f9   Thumb Code    96  rt_cmsis.o(i.svcTimerStart)
    sysTimerTick                             0x0000955d   Thumb Code    84  rt_cmsis.o(i.sysTimerTick)
    tcp_abort                                0x000095b9   Thumb Code    82  net_tcp.o(i.tcp_abort)
    tcp_close                                0x00009611   Thumb Code   154  net_tcp.o(i.tcp_close)
    tcp_get_buf                              0x000096b1   Thumb Code    30  net_tcp.o(i.tcp_get_buf)
    tcp_get_socket                           0x000096d1   Thumb Code    76  net_tcp.o(i.tcp_get_socket)
    tcp_get_state                            0x00009721   Thumb Code    34  net_tcp.o(i.tcp_get_state)
    tcp_listen                               0x00009749   Thumb Code   102  net_tcp.o(i.tcp_listen)
    tcp_max_data_size                        0x00009831   Thumb Code    30  net_tcp.o(i.tcp_max_data_size)
    tcp_ntoa                                 0x00009855   Thumb Code     8  net_tcp.o(i.tcp_ntoa)
    tcp_process                              0x000099d9   Thumb Code  1178  net_tcp.o(i.tcp_process)
    tcp_send                                 0x00009f3d   Thumb Code   214  net_tcp.o(i.tcp_send)
    tcp_socket_init                          0x0000a155   Thumb Code    16  net_tcp.o(i.tcp_socket_init)
    tcp_socket_poll                          0x0000a169   Thumb Code   668  net_tcp.o(i.tcp_socket_poll)
    udp_close                                0x0000a51d   Thumb Code    40  net_udp.o(i.udp_close)
    udp_get_buf                              0x0000a549   Thumb Code    30  net_udp.o(i.udp_get_buf)
    udp_get_socket                           0x0000a569   Thumb Code    68  net_udp.o(i.udp_get_socket)
    udp_open                                 0x0000a5b1   Thumb Code    98  net_udp.o(i.udp_open)
    udp_process                              0x0000a649   Thumb Code   142  net_udp.o(i.udp_process)
    udp_send                                 0x0000a6e1   Thumb Code   260  net_udp.o(i.udp_send)
    udp_socket_init                          0x0000a7e9   Thumb Code    16  net_udp.o(i.udp_socket_init)
    os_timer_def_Timer2                      0x0000a8ec   Data           8  http_server.o(.constdata)
    os_thread_def_BlinkLed                   0x0000a8f4   Data          16  http_server.o(.constdata)
    os_thread_def_Display                    0x0000a904   Data          16  http_server.o(.constdata)
    imageLastModified                        0x0000a914   Data           4  web.o(.constdata)
    Arial12x12                               0x00011614   Data        2400  lcd.o(.constdata)
    os_thread_def_Rebotes                    0x00011f74   Data          16  rebotes.o(.constdata)
    os_maxtaskrun                            0x00011f84   Data           2  rtx_conf_cm.o(.constdata)
    os_stackinfo                             0x00011f88   Data           4  rtx_conf_cm.o(.constdata)
    os_rrobin                                0x00011f8c   Data           4  rtx_conf_cm.o(.constdata)
    os_tickus_i                              0x00011f90   Data           2  rtx_conf_cm.o(.constdata)
    os_tickus_f                              0x00011f92   Data           2  rtx_conf_cm.o(.constdata)
    os_trv                                   0x00011f94   Data           4  rtx_conf_cm.o(.constdata)
    os_flags                                 0x00011f98   Data           1  rtx_conf_cm.o(.constdata)
    CMSIS_RTOS_API_Version                   0x00011f9c   Data           4  rtx_conf_cm.o(.constdata)
    CMSIS_RTOS_RTX_Version                   0x00011fa0   Data           4  rtx_conf_cm.o(.constdata)
    os_clockrate                             0x00011fa4   Data           4  rtx_conf_cm.o(.constdata)
    os_timernum                              0x00011fa8   Data           4  rtx_conf_cm.o(.constdata)
    os_thread_def_main                       0x00011fac   Data          16  rtx_conf_cm.o(.constdata)
    mp_tcb_size                              0x00011fbc   Data           2  rtx_conf_cm.o(.constdata)
    mp_stk_size                              0x00011fc0   Data           4  rtx_conf_cm.o(.constdata)
    os_stack_sz                              0x00011fc4   Data           4  rtx_conf_cm.o(.constdata)
    os_fifo_size                             0x00011fc8   Data           1  rtx_conf_cm.o(.constdata)
    os_thread_def_osTimerThread              0x00011fcc   Data          16  rtx_conf_cm.o(.constdata)
    os_messageQ_def_osTimerMessageQ          0x00011fdc   Data           8  rtx_conf_cm.o(.constdata)
    mp_tmr_size                              0x00011fe4   Data           2  rtx_conf_cm.o(.constdata)
    Driver_ETH_PHY0                          0x00011fec   Data          32  phy_dp83848c.o(.constdata)
    Driver_ETH_MAC0                          0x00012014   Data          68  emac_lpc17xx.o(.constdata)
    Driver_SPI1                              0x000120a8   Data          44  ssp_lpc17xx.o(.constdata)
    nlocalm                                  0x000120d4   Data          60  net_config.o(.constdata)
    sys_config                               0x00012110   Data          16  net_config.o(.constdata)
    eth0_config                              0x00012120   Data          40  net_config.o(.constdata)
    udp_config                               0x00012148   Data           8  net_config.o(.constdata)
    tcp_config                               0x00012150   Data          24  net_config.o(.constdata)
    http_config                              0x00012168   Data          24  net_config.o(.constdata)
    sntp_config                              0x00012180   Data           5  net_config.o(.constdata)
    eth_bcast                                0x00012188   Data           6  net_eth.o(.constdata)
    os_thread_def_eth_thread                 0x00012194   Data          16  net_eth.o(.constdata)
    ip_bcast                                 0x000121a4   Data           4  net_ip.o(.constdata)
    net_addr_null                            0x000122da   Data           8  net_addr4.o(.constdata)
    os_timer_def_net_tick                    0x000122e4   Data           8  net_sys.o(.constdata)
    http_error                               0x000122ec   Data          24  net_http_server_err.o(.constdata)
    os_mutex_def_mem_lock                    0x00012304   Data           4  net_mem.o(.constdata)
    __ctype_table                            0x00012314   Data         129  ctype_o.o(.constdata)
    Region$$Table$$Base                      0x0001270c   Number         0  anon$$obj.o(Region$$Table)
    Region$$Table$$Limit                     0x0001272c   Number         0  anon$$obj.o(Region$$Table)
    __MW_NET_VER                             0x06070007   Number         0  net_version.o ABSOLUTE
    LEDrun                                   0x10000000   Data           1  http_server.o(.data)
    LCDupdate                                0x10000001   Data           1  http_server.o(.data)
    alarma                                   0x10000002   Data           1  http_server.o(.data)
    ledSNTP                                  0x10000003   Data           1  http_server.o(.data)
    SPIdrv                                   0x10000014   Data           4  lcd.o(.data)
    posicionL2                               0x10000018   Data           4  lcd.o(.data)
    posicionL1                               0x1000001c   Data           4  lcd.o(.data)
    rebotes_id                               0x10000024   Data           4  rebotes.o(.data)
    m_tmr                                    0x10000028   Data           4  rtx_conf_cm.o(.data)
    osThreadId_osTimerThread                 0x1000002c   Data           4  rtx_conf_cm.o(.data)
    osMessageQId_osTimerMessageQ             0x10000030   Data           4  rtx_conf_cm.o(.data)
    iap_entry                                0x10000034   Data           4  emac_lpc17xx.o(.data)
    SystemCoreClock                          0x10000064   Data           4  system_lpc17xx_1.o(.data)
    lhost_name                               0x10000068   Data          16  net_config.o(.data)
    os_initialized                           0x10000080   Data           1  rt_cmsis.o(.data)
    os_running                               0x10000081   Data           1  rt_cmsis.o(.data)
    os_timer_head                            0x10000084   Data           4  rt_cmsis.o(.data)
    os_tsk                                   0x100000a8   Data           8  rt_task.o(.data)
    os_tick_irqn                             0x100000b4   Data           4  rt_system.o(.data)
    os_time                                  0x100000b8   Data           4  rt_time.o(.data)
    dbg_msg                                  0x100000bc   Data           1  hal_cm.o(.data)
    os_robin                                 0x100000c0   Data           8  rt_robin.o(.data)
    tiempo                                   0x100000cc   Data          24  http_server.o(.bss)
    horaSNTP                                 0x100000e4   Data          44  http_server.o(.bss)
    lcd_text                                 0x10000110   Data          42  http_server.o(.bss)
    buffer                                   0x10000154   Data         512  lcd.o(.bss)
    hora                                     0x10000354   Data          20  rtc.o(.bss)
    fecha                                    0x10000368   Data          20  rtc.o(.bss)
    os_messageQ_q_osTimerMessageQ            0x1000037c   Data          32  rtx_conf_cm.o(.bss)
    mp_tcb                                   0x1000039c   Data         376  rtx_conf_cm.o(.bss)
    mp_stk                                   0x10000518   Data        4816  rtx_conf_cm.o(.bss)
    os_stack_mem                             0x100017e8   Data        1032  rtx_conf_cm.o(.bss)
    os_fifo                                  0x10001bf0   Data         132  rtx_conf_cm.o(.bss)
    os_active_TCB                            0x10001c74   Data          28  rtx_conf_cm.o(.bss)
    eth_control                              0x10007a68   Data         136  net_eth.o(.bss)
    localm                                   0x10007b40   Data          60  net_sys.o(.bss)
    sys_control                              0x10007b7c   Data          24  net_sys.o(.bss)
    os_timer_cb_net_tick                     0x10007b94   Data          24  net_sys.o(.bss)
    os_idle_TCB                              0x10007bac   Data          52  rt_task.o(.bss)
    os_rdy                                   0x10007be0   Data          24  rt_list.o(.bss)
    os_dly                                   0x10007bf8   Data          24  rt_list.o(.bss)
    __initial_sp                             0x10007e60   Data           0  startup_lpc17xx_1.o(STACK)



==============================================================================

Memory Map of the image

  Image Entry point : 0x000000cd

  Load Region LR_IROM1 (Base: 0x00000000, Size: 0x000127f8, Max: 0x00080000, ABSOLUTE)

    Execution Region ER_IROM1 (Exec base: 0x00000000, Load base: 0x00000000, Size: 0x0001272c, Max: 0x00080000, ABSOLUTE)

    Exec Addr    Load Addr    Size         Type   Attr      Idx    E Section Name        Object

    0x00000000   0x00000000   0x000000cc   Data   RO          666    RESET               startup_lpc17xx_1.o
    0x000000cc   0x000000cc   0x00000000   Code   RO         2423  * .ARM.Collect$$$$00000000  mc_w.l(entry.o)
    0x000000cc   0x000000cc   0x00000004   Code   RO         2723    .ARM.Collect$$$$00000001  mc_w.l(entry2.o)
    0x000000d0   0x000000d0   0x00000004   Code   RO         2726    .ARM.Collect$$$$00000004  mc_w.l(entry5.o)
    0x000000d4   0x000000d4   0x00000000   Code   RO         2728    .ARM.Collect$$$$00000008  mc_w.l(entry7b.o)
    0x000000d4   0x000000d4   0x00000000   Code   RO         2730    .ARM.Collect$$$$0000000A  mc_w.l(entry8b.o)
    0x000000d4   0x000000d4   0x00000000   Code   RO         2731    .ARM.Collect$$$$0000000D  mc_w.l(entry10a.o)
    0x000000d4   0x000000d4   0x00000000   Code   RO         2733    .ARM.Collect$$$$0000000F  mc_w.l(entry11a.o)
    0x000000d4   0x000000d4   0x00000018   Code   RO          433    .ARM.Collect$$$$000000FF  rtx_conf_cm.o
    0x000000ec   0x000000ec   0x00000004   Code   RO         2724    .ARM.Collect$$$$00002712  mc_w.l(entry2.o)
    0x000000f0   0x000000f0   0x00000130   Code   RO         2410    .emb_text           RTX_CM3.lib(hal_cm3.o)
    0x00000220   0x00000220   0x0000005c   Code   RO          171    .text               web.o
    0x0000027c   0x0000027c   0x00000002   Code   RO          352    .text               lpc17xx_libcfg_default.o
    0x0000027e   0x0000027e   0x00000006   Code   RO          434    .text               rtx_conf_cm.o
    0x00000284   0x00000284   0x00000024   Code   RO          668    .text               startup_lpc17xx_1.o
    0x000002a8   0x000002a8   0x00000024   Code   RO         2432    .text               mc_w.l(memcpya.o)
    0x000002cc   0x000002cc   0x00000024   Code   RO         2434    .text               mc_w.l(memseta.o)
    0x000002f0   0x000002f0   0x0000000a   Code   RO         2719    .text               mf_w.l(ffltui.o)
    0x000002fa   0x000002fa   0x00000000   Code   RO         2759    .text               mc_w.l(iusefp.o)
    0x000002fa   0x000002fa   0x00000002   Code   RO         2819    i.__scatterload_null  mc_w.l(handlers.o)
    0x000002fc   0x000002fc   0x00000004   Code   RO          667    .ARM.__at_0x02FC    startup_lpc17xx_1.o
    0x00000300   0x00000300   0x000002b4   Code   RO            4    .text               http_server.o
    0x000005b4   0x000005b4   0x00000540   Code   RO          125    .text               http_server_cgi.o
    0x00000af4   0x00000af4   0x000000e8   Code   RO          194    .text               leds.o
    0x00000bdc   0x00000bdc   0x00000300   Code   RO          221    .text               lcd.o
    0x00000edc   0x00000edc   0x000000dc   Code   RO          262    .text               adc.o
    0x00000fb8   0x00000fb8   0x00000890   Code   RO          294    .text               lpc17xx_rtc.o
    0x00001848   0x00001848   0x0000010c   Code   RO          330    .text               lpc17xx_clkpwr.o
    0x00001954   0x00001954   0x000001f4   Code   RO          367    .text               rtc.o
    0x00001b48   0x00001b48   0x00000130   Code   RO          405    .text               rebotes.o
    0x00001c78   0x00001c78   0x000001b0   Code   RO          485    .text               phy_dp83848c.o
    0x00001e28   0x00001e28   0x000009e4   Code   RO          507    .text               emac_lpc17xx.o
    0x0000280c   0x0000280c   0x00000b8c   Code   RO          550    .text               ssp_lpc17xx.o
    0x00003398   0x00003398   0x00000368   Code   RO          592    .text               gpdma_lpc17xx.o
    0x00003700   0x00003700   0x0000007c   Code   RO          619    .text               gpio_lpc17xx.o
    0x0000377c   0x0000377c   0x00000098   Code   RO          643    .text               pin_lpc17xx.o
    0x00003814   0x00003814   0x0000019c   Code   RO          677    .text               system_lpc17xx_1.o
    0x000039b0   0x000039b0   0x0000006e   Code   RO          704    .text               net_config.o
    0x00003a1e   0x00003a1e   0x00000062   Code   RO         2426    .text               mc_w.l(uldiv.o)
    0x00003a80   0x00003a80   0x00000094   Code   RO         2428    .text               mc_w.l(localtime.o)
    0x00003b14   0x00003b14   0x0000000e   Code   RO         2436    .text               mc_w.l(strlen.o)
    0x00003b22   0x00003b22   0x0000001c   Code   RO         2438    .text               mc_w.l(strcmp.o)
    0x00003b3e   0x00003b3e   0x0000001a   Code   RO         2440    .text               mc_w.l(memcmp.o)
    0x00003b58   0x00003b58   0x00000012   Code   RO         2442    .text               mc_w.l(strcpy.o)
    0x00003b6a   0x00003b6a   0x0000001e   Code   RO         2444    .text               mc_w.l(strncmp.o)
    0x00003b88   0x00003b88   0x00000038   Code   RO         2709    .text               mc_w.l(__0sscanf.o)
    0x00003bc0   0x00003bc0   0x0000014c   Code   RO         2711    .text               mc_w.l(_scanf_int.o)
    0x00003d0c   0x00003d0c   0x0000001a   Code   RO         2713    .text               mc_w.l(atoi.o)
    0x00003d26   0x00003d26   0x00000064   Code   RO         2715    .text               mf_w.l(fmul.o)
    0x00003d8a   0x00003d8a   0x00000018   Code   RO         2717    .text               mf_w.l(fscalb.o)
    0x00003da2   0x00003da2   0x00000026   Code   RO         2721    .text               mf_w.l(f2d.o)
    0x00003dc8   0x00003dc8   0x0000002c   Code   RO         2738    .text               mc_w.l(uidiv.o)
    0x00003df4   0x00003df4   0x0000001e   Code   RO         2740    .text               mc_w.l(llshl.o)
    0x00003e12   0x00003e12   0x00000020   Code   RO         2742    .text               mc_w.l(llushr.o)
    0x00003e32   0x00003e32   0x0000001c   Code   RO         2751    .text               mc_w.l(_chval.o)
    0x00003e4e   0x00003e4e   0x00000002   PAD
    0x00003e50   0x00003e50   0x00000028   Code   RO         2753    .text               mc_w.l(scanf_char.o)
    0x00003e78   0x00003e78   0x00000040   Code   RO         2755    .text               mc_w.l(_sgetc.o)
    0x00003eb8   0x00003eb8   0x00000070   Code   RO         2757    .text               mc_w.l(strtol.o)
    0x00003f28   0x00003f28   0x0000006e   Code   RO         2760    .text               mf_w.l(fepilogue.o)
    0x00003f96   0x00003f96   0x0000014e   Code   RO         2762    .text               mf_w.l(dadd.o)
    0x000040e4   0x000040e4   0x000000e4   Code   RO         2764    .text               mf_w.l(dmul.o)
    0x000041c8   0x000041c8   0x000000de   Code   RO         2766    .text               mf_w.l(ddiv.o)
    0x000042a6   0x000042a6   0x00000030   Code   RO         2768    .text               mf_w.l(dfixul.o)
    0x000042d6   0x000042d6   0x00000002   PAD
    0x000042d8   0x000042d8   0x00000030   Code   RO         2770    .text               mf_w.l(cdrcmple.o)
    0x00004308   0x00004308   0x00000024   Code   RO         2772    .text               mc_w.l(init.o)
    0x0000432c   0x0000432c   0x00000024   Code   RO         2775    .text               mc_w.l(llsshr.o)
    0x00004350   0x00004350   0x00000008   Code   RO         2779    .text               mc_w.l(ctype_o.o)
    0x00004358   0x00004358   0x00000012   Code   RO         2801    .text               mc_w.l(isspace_o.o)
    0x0000436a   0x0000436a   0x00000002   PAD
    0x0000436c   0x0000436c   0x0000032c   Code   RO         2807    .text               mc_w.l(_scanf.o)
    0x00004698   0x00004698   0x0000009e   Code   RO         2809    .text               mc_w.l(_strtoul.o)
    0x00004736   0x00004736   0x000000ba   Code   RO         2812    .text               mf_w.l(depilogue.o)
    0x000047f0   0x000047f0   0x00000004   Code   RO         2420    SVC_TABLE           RTX_CM3.lib(svc_table.o)
    0x000047f4   0x000047f4   0x00000028   Code   RO         2683    i.__0sprintf        mc_w.l(printfa.o)
    0x0000481c   0x0000481c   0x00000008   Code   RO         2744    i.__aeabi_errno_addr  mc_w.l(errno.o)
    0x00004824   0x00004824   0x0000000e   Code   RO         2818    i.__scatterload_copy  mc_w.l(handlers.o)
    0x00004832   0x00004832   0x0000000e   Code   RO         2820    i.__scatterload_zeroinit  mc_w.l(handlers.o)
    0x00004840   0x00004840   0x00000184   Code   RO         2688    i._fp_digits        mc_w.l(printfa.o)
    0x000049c4   0x000049c4   0x00000046   Code   RO         2218    i._init_box         RTX_CM3.lib(rt_membox.o)
    0x00004a0a   0x00004a0a   0x00000002   PAD
    0x00004a0c   0x00004a0c   0x000006dc   Code   RO         2689    i._printf_core      mc_w.l(printfa.o)
    0x000050e8   0x000050e8   0x00000024   Code   RO         2690    i._printf_post_padding  mc_w.l(printfa.o)
    0x0000510c   0x0000510c   0x0000002e   Code   RO         2691    i._printf_pre_padding  mc_w.l(printfa.o)
    0x0000513a   0x0000513a   0x0000000a   Code   RO         2693    i._sputc            mc_w.l(printfa.o)
    0x00005144   0x00005144   0x00000034   Code   RO         1624    i.add_server_id     Net_CM3_L.lib(net_http_server.o)
    0x00005178   0x00005178   0x000000a4   Code   RO         1411    i.arp_cache_add     Net_CM3_L.lib(net_arp.o)
    0x0000521c   0x0000521c   0x00000088   Code   RO         1412    i.arp_cache_alloc   Net_CM3_L.lib(net_arp.o)
    0x000052a4   0x000052a4   0x00000088   Code   RO         1413    i.arp_cache_early   Net_CM3_L.lib(net_arp.o)
    0x0000532c   0x0000532c   0x000000a0   Code   RO         1414    i.arp_cache_find    Net_CM3_L.lib(net_arp.o)
    0x000053cc   0x000053cc   0x000000e4   Code   RO         1417    i.arp_cache_update  Net_CM3_L.lib(net_arp.o)
    0x000054b0   0x000054b0   0x00000030   Code   RO         1421    i.arp_init          Net_CM3_L.lib(net_arp.o)
    0x000054e0   0x000054e0   0x0000003c   Code   RO         1422    i.arp_is_cacheable  Net_CM3_L.lib(net_arp.o)
    0x0000551c   0x0000551c   0x00000028   Code   RO         1423    i.arp_notify        Net_CM3_L.lib(net_arp.o)
    0x00005544   0x00005544   0x00000074   Code   RO         1425    i.arp_proc_response  Net_CM3_L.lib(net_arp.o)
    0x000055b8   0x000055b8   0x00000120   Code   RO         1426    i.arp_process       Net_CM3_L.lib(net_arp.o)
    0x000056d8   0x000056d8   0x00000088   Code   RO         1427    i.arp_send_reply    Net_CM3_L.lib(net_arp.o)
    0x00005760   0x00005760   0x000000b8   Code   RO         1428    i.arp_send_request  Net_CM3_L.lib(net_arp.o)
    0x00005818   0x00005818   0x0000007a   Code   RO         2351    i.b64_to_asc        Net_CM3_L.lib(net_common.o)
    0x00005892   0x00005892   0x00000004   Code   RO         1625    i.cgi_content_type  Net_CM3_L.lib(net_http_server.o)
    0x00005896   0x00005896   0x00000004   Code   RO         1629    i.cgx_content_type  Net_CM3_L.lib(net_http_server.o)
    0x0000589a   0x0000589a   0x00000002   PAD
    0x0000589c   0x0000589c   0x00000170   Code   RO         1630    i.chk_post_req      Net_CM3_L.lib(net_http_server.o)
    0x00005a0c   0x00005a0c   0x00000032   Code   RO         2353    i.chksum16          Net_CM3_L.lib(net_common.o)
    0x00005a3e   0x00005a3e   0x0000001e   Code   RO         1631    i.cmp_fname_ext     Net_CM3_L.lib(net_http_server.o)
    0x00005a5c   0x00005a5c   0x00000028   Code   RO         1632    i.cmp_header        Net_CM3_L.lib(net_http_server.o)
    0x00005a84   0x00005a84   0x00000030   Code   RO         2271    i.dbg_init          RTX_CM3.lib(hal_cm.o)
    0x00005ab4   0x00005ab4   0x00000020   Code   RO         2272    i.dbg_task_notify   RTX_CM3.lib(hal_cm.o)
    0x00005ad4   0x00005ad4   0x00000010   Code   RO         2273    i.dbg_task_switch   RTX_CM3.lib(hal_cm.o)
    0x00005ae4   0x00005ae4   0x000000e8   Code   RO         1378    i.eth_check_link    Net_CM3_L.lib(net_eth.o)
    0x00005bcc   0x00005bcc   0x00000020   Code   RO         1379    i.eth_chk_addr      Net_CM3_L.lib(net_eth.o)
    0x00005bec   0x00005bec   0x00000070   Code   RO         1380    i.eth_fetch_frame   Net_CM3_L.lib(net_eth.o)
    0x00005c5c   0x00005c5c   0x000000f8   Code   RO         1382    i.eth_init_link     Net_CM3_L.lib(net_eth.o)
    0x00005d54   0x00005d54   0x00000002   Code   RO         1383    i.eth_link_notify   Net_CM3_L.lib(net_eth.o)
    0x00005d56   0x00005d56   0x00000002   PAD
    0x00005d58   0x00005d58   0x00000014   Code   RO         1384    i.eth_notify        Net_CM3_L.lib(net_eth.o)
    0x00005d6c   0x00005d6c   0x00000064   Code   RO         1385    i.eth_output        Net_CM3_L.lib(net_eth.o)
    0x00005dd0   0x00005dd0   0x000000e4   Code   RO         1386    i.eth_run_link      Net_CM3_L.lib(net_eth.o)
    0x00005eb4   0x00005eb4   0x000000a4   Code   RO         1387    i.eth_send_frame    Net_CM3_L.lib(net_eth.o)
    0x00005f58   0x00005f58   0x0000000e   Code   RO         1389    i.eth_thread        Net_CM3_L.lib(net_eth.o)
    0x00005f66   0x00005f66   0x00000002   PAD
    0x00005f68   0x00005f68   0x0000001c   Code   RO         2355    i.get_crc32         Net_CM3_L.lib(net_common.o)
    0x00005f84   0x00005f84   0x00000028   Code   RO         1633    i.get_next_field    Net_CM3_L.lib(net_http_server.o)
    0x00005fac   0x00005fac   0x00000032   Code   RO         1634    i.get_next_par      Net_CM3_L.lib(net_http_server.o)
    0x00005fde   0x00005fde   0x00000002   PAD
    0x00005fe0   0x00005fe0   0x0000001c   Code   RO         1750    i.get_rnd32         Net_CM3_L.lib(net_sys.o)
    0x00005ffc   0x00005ffc   0x00000012   Code   RO         1635    i.hex2byte          Net_CM3_L.lib(net_http_server.o)
    0x0000600e   0x0000600e   0x00000004   Code   RO         1636    i.http_accept_client  Net_CM3_L.lib(net_http_server.o)
    0x00006012   0x00006012   0x00000002   PAD
    0x00006014   0x00006014   0x00000310   Code   RO         1637    i.http_add_header   Net_CM3_L.lib(net_http_server.o)
    0x00006324   0x00006324   0x00000004   Code   RO         1638    i.http_check_account  Net_CM3_L.lib(net_http_server.o)
    0x00006328   0x00006328   0x00000004   Code   RO         1639    i.http_encoding     Net_CM3_L.lib(net_http_server.o)
    0x0000632c   0x0000632c   0x00000178   Code   RO         1640    i.http_error_msg    Net_CM3_L.lib(net_http_server.o)
    0x000064a4   0x000064a4   0x00000004   Code   RO         1641    i.http_file_access  Net_CM3_L.lib(net_http_server.o)
    0x000064a8   0x000064a8   0x0000006c   Code   RO         1642    i.http_get_env_var  Net_CM3_L.lib(net_http_server.o)
    0x00006514   0x00006514   0x00000078   Code   RO         1643    i.http_get_ftype    Net_CM3_L.lib(net_http_server.o)
    0x0000658c   0x0000658c   0x0000005e   Code   RO         1645    i.http_kill_session  Net_CM3_L.lib(net_http_server.o)
    0x000065ea   0x000065ea   0x00000002   PAD
    0x000065ec   0x000065ec   0x00000214   Code   RO         1646    i.http_listener     Net_CM3_L.lib(net_http_server.o)
    0x00006800   0x00006800   0x000000f0   Code   RO         1647    i.http_open_file    Net_CM3_L.lib(net_http_server.o)
    0x000068f0   0x000068f0   0x0000014c   Code   RO         1648    i.http_proc_header  Net_CM3_L.lib(net_http_server.o)
    0x00006a3c   0x00006a3c   0x00000178   Code   RO         1649    i.http_proc_multipart  Net_CM3_L.lib(net_http_server.o)
    0x00006bb4   0x00006bb4   0x000000f4   Code   RO         1650    i.http_proc_post    Net_CM3_L.lib(net_http_server.o)
    0x00006ca8   0x00006ca8   0x00000024   Code   RO         1653    i.http_server_get_lang  Net_CM3_L.lib(net_http_server.o)
    0x00006ccc   0x00006ccc   0x0000005c   Code   RO         1655    i.http_server_init  Net_CM3_L.lib(net_http_server.o)
    0x00006d28   0x00006d28   0x00000334   Code   RO         1656    i.http_server_run   Net_CM3_L.lib(net_http_server.o)
    0x0000705c   0x0000705c   0x00000020   Code   RO         1657    i.http_strcpy       Net_CM3_L.lib(net_http_server.o)
    0x0000707c   0x0000707c   0x000000a4   Code   RO         1658    i.http_to_utc       Net_CM3_L.lib(net_http_server.o)
    0x00007120   0x00007120   0x000000dc   Code   RO         1488    i.icmp_process      Net_CM3_L.lib(net_icmp.o)
    0x000071fc   0x000071fc   0x00000080   Code   RO         1489    i.icmp_send_message  Net_CM3_L.lib(net_icmp.o)
    0x0000727c   0x0000727c   0x00000010   Code   RO         1490    i.icmp_service_init  Net_CM3_L.lib(net_icmp.o)
    0x0000728c   0x0000728c   0x00000048   Code   RO         1491    i.icmp_service_run  Net_CM3_L.lib(net_icmp.o)
    0x000072d4   0x000072d4   0x00000068   Code   RO         1731    i.ip4_aton          Net_CM3_L.lib(net_addr4.o)
    0x0000733c   0x0000733c   0x0000004c   Code   RO         1455    i.ip4_checksum      Net_CM3_L.lib(net_ip.o)
    0x00007388   0x00007388   0x00000038   Code   RO         1732    i.ip4_ntoa          Net_CM3_L.lib(net_addr4.o)
    0x000073c0   0x000073c0   0x000000d0   Code   RO         1456    i.ip_chk_frame      Net_CM3_L.lib(net_ip.o)
    0x00007490   0x00007490   0x0000000a   Code   RO         1458    i.ip_get_chksum     Net_CM3_L.lib(net_ip.o)
    0x0000749a   0x0000749a   0x00000002   PAD
    0x0000749c   0x0000749c   0x00000044   Code   RO         1459    i.ip_get_locadr     Net_CM3_L.lib(net_ip.o)
    0x000074e0   0x000074e0   0x0000007c   Code   RO         1460    i.ip_get_route      Net_CM3_L.lib(net_ip.o)
    0x0000755c   0x0000755c   0x00000050   Code   RO         1461    i.ip_localhost_init  Net_CM3_L.lib(net_ip.o)
    0x000075ac   0x000075ac   0x00000060   Code   RO         1462    i.ip_localhost_run  Net_CM3_L.lib(net_ip.o)
    0x0000760c   0x0000760c   0x00000140   Code   RO         1463    i.ip_send_frame     Net_CM3_L.lib(net_ip.o)
    0x0000774c   0x0000774c   0x00000030   Code   RO         1464    i.ip_tx_offload     Net_CM3_L.lib(net_ip.o)
    0x0000777c   0x0000777c   0x0000001a   Code   RO         1733    i.is_subnet         Net_CM3_L.lib(net_addr4.o)
    0x00007796   0x00007796   0x00000002   PAD
    0x00007798   0x00007798   0x00000028   Code   RO         1465    i.is_subnet_bcast   Net_CM3_L.lib(net_ip.o)
    0x000077c0   0x000077c0   0x0000002a   Code   RO          756    i.isrMessageGet     RTX_CM3.lib(rt_cmsis.o)
    0x000077ea   0x000077ea   0x0000002c   Code   RO          757    i.isrMessagePut     RTX_CM3.lib(rt_cmsis.o)
    0x00007816   0x00007816   0x00000024   Code   RO          759    i.isrSignalSet      RTX_CM3.lib(rt_cmsis.o)
    0x0000783a   0x0000783a   0x00000002   PAD
    0x0000783c   0x0000783c   0x00000028   Code   RO         1942    i.isr_evt_set       RTX_CM3.lib(rt_event.o)
    0x00007864   0x00007864   0x00000056   Code   RO         2064    i.isr_mbx_receive   RTX_CM3.lib(rt_mailbox.o)
    0x000078ba   0x000078ba   0x0000000e   Code   RO         2065    i.isr_mbx_send      RTX_CM3.lib(rt_mailbox.o)
    0x000078c8   0x000078c8   0x0000008c   Code   RO         2327    i.mem_alloc         Net_CM3_L.lib(net_mem.o)
    0x00007954   0x00007954   0x0000001c   Code   RO         2328    i.mem_avail         Net_CM3_L.lib(net_mem.o)
    0x00007970   0x00007970   0x00000020   Code   RO         2356    i.mem_crc32         Net_CM3_L.lib(net_common.o)
    0x00007990   0x00007990   0x0000006c   Code   RO         2329    i.mem_free          Net_CM3_L.lib(net_mem.o)
    0x000079fc   0x000079fc   0x00000064   Code   RO         2330    i.mem_init          Net_CM3_L.lib(net_mem.o)
    0x00007a60   0x00007a60   0x00000010   Code   RO         2331    i.mem_lock          Net_CM3_L.lib(net_mem.o)
    0x00007a70   0x00007a70   0x00000038   Code   RO         2332    i.mem_resize        Net_CM3_L.lib(net_mem.o)
    0x00007aa8   0x00007aa8   0x0000000c   Code   RO         2333    i.mem_unlock        Net_CM3_L.lib(net_mem.o)
    0x00007ab4   0x00007ab4   0x00000030   Code   RO         1612    i.nbns_client_init  Net_CM3_L.lib(net_nbns_client.o)
    0x00007ae4   0x00007ae4   0x00000160   Code   RO         1613    i.nbns_listener     Net_CM3_L.lib(net_nbns_client.o)
    0x00007c44   0x00007c44   0x0000004c   Code   RO         1751    i.net_initialize    Net_CM3_L.lib(net_sys.o)
    0x00007c90   0x00007c90   0x00000064   Code   RO         1752    i.net_main          Net_CM3_L.lib(net_sys.o)
    0x00007cf4   0x00007cf4   0x00000014   Code   RO         1753    i.net_timer_tick    Net_CM3_L.lib(net_sys.o)
    0x00007d08   0x00007d08   0x00000018   Code   RO          760    i.osDelay           RTX_CM3.lib(rt_cmsis.o)
    0x00007d20   0x00007d20   0x00000024   Code   RO          761    i.osKernelInitialize  RTX_CM3.lib(rt_cmsis.o)
    0x00007d44   0x00007d44   0x0000006c   Code   RO          763    i.osKernelStart     RTX_CM3.lib(rt_cmsis.o)
    0x00007db0   0x00007db0   0x00000018   Code   RO          764    i.osKernelSysTick   RTX_CM3.lib(rt_cmsis.o)
    0x00007dc8   0x00007dc8   0x00000018   Code   RO          772    i.osMessageGet      RTX_CM3.lib(rt_cmsis.o)
    0x00007de0   0x00007de0   0x0000002c   Code   RO          774    i.osMutexCreate     RTX_CM3.lib(rt_cmsis.o)
    0x00007e0c   0x00007e0c   0x00000018   Code   RO          776    i.osMutexRelease    RTX_CM3.lib(rt_cmsis.o)
    0x00007e24   0x00007e24   0x00000018   Code   RO          777    i.osMutexWait       RTX_CM3.lib(rt_cmsis.o)
    0x00007e3c   0x00007e3c   0x00000018   Code   RO          787    i.osSignalSet       RTX_CM3.lib(rt_cmsis.o)
    0x00007e54   0x00007e54   0x00000018   Code   RO          788    i.osSignalWait      RTX_CM3.lib(rt_cmsis.o)
    0x00007e6c   0x00007e6c   0x0000002c   Code   RO          789    i.osThreadCreate    RTX_CM3.lib(rt_cmsis.o)
    0x00007e98   0x00007e98   0x00000018   Code   RO          790    i.osThreadExit      RTX_CM3.lib(rt_cmsis.o)
    0x00007eb0   0x00007eb0   0x00000018   Code   RO          795    i.osThreadYield     RTX_CM3.lib(rt_cmsis.o)
    0x00007ec8   0x00007ec8   0x0000000c   Code   RO          796    i.osTimerCall       RTX_CM3.lib(rt_cmsis.o)
    0x00007ed4   0x00007ed4   0x0000002c   Code   RO          797    i.osTimerCreate     RTX_CM3.lib(rt_cmsis.o)
    0x00007f00   0x00007f00   0x00000018   Code   RO          799    i.osTimerStart      RTX_CM3.lib(rt_cmsis.o)
    0x00007f18   0x00007f18   0x0000002c   Code   RO          801    i.osTimerThread     RTX_CM3.lib(rt_cmsis.o)
    0x00007f44   0x00007f44   0x00000028   Code   RO         1852    i.os_tick_init      RTX_CM3.lib(rt_system.o)
    0x00007f6c   0x00007f6c   0x00000002   Code   RO         1853    i.os_tick_irqack    RTX_CM3.lib(rt_system.o)
    0x00007f6e   0x00007f6e   0x00000002   PAD
    0x00007f70   0x00007f70   0x00000010   Code   RO         1854    i.os_tick_ovf       RTX_CM3.lib(rt_system.o)
    0x00007f80   0x00007f80   0x00000014   Code   RO         1855    i.os_tick_val       RTX_CM3.lib(rt_system.o)
    0x00007f94   0x00007f94   0x00000028   Code   RO         1660    i.proc_req_line     Net_CM3_L.lib(net_http_server.o)
    0x00007fbc   0x00007fbc   0x000000a0   Code   RO         1661    i.read_script_line  Net_CM3_L.lib(net_http_server.o)
    0x0000805c   0x0000805c   0x0000001a   Code   RO         2219    i.rt_alloc_box      RTX_CM3.lib(rt_membox.o)
    0x00008076   0x00008076   0x0000003e   Code   RO         2247    i.rt_alloc_mem      RTX_CM3.lib(rt_memory.o)
    0x000080b4   0x000080b4   0x00000038   Code   RO         1767    i.rt_block          RTX_CM3.lib(rt_task.o)
    0x000080ec   0x000080ec   0x00000048   Code   RO         2389    i.rt_chk_robin      RTX_CM3.lib(rt_robin.o)
    0x00008134   0x00008134   0x00000070   Code   RO         1988    i.rt_dec_dly        RTX_CM3.lib(rt_list.o)
    0x000081a4   0x000081a4   0x00000044   Code   RO         1768    i.rt_dispatch       RTX_CM3.lib(rt_task.o)
    0x000081e8   0x000081e8   0x00000006   Code   RO         2154    i.rt_dly_wait       RTX_CM3.lib(rt_time.o)
    0x000081ee   0x000081ee   0x00000002   PAD
    0x000081f0   0x000081f0   0x00000050   Code   RO         1945    i.rt_evt_psh        RTX_CM3.lib(rt_event.o)
    0x00008240   0x00008240   0x0000005c   Code   RO         1946    i.rt_evt_set        RTX_CM3.lib(rt_event.o)
    0x0000829c   0x0000829c   0x0000003c   Code   RO         1947    i.rt_evt_wait       RTX_CM3.lib(rt_event.o)
    0x000082d8   0x000082d8   0x0000002c   Code   RO         2220    i.rt_free_box       RTX_CM3.lib(rt_membox.o)
    0x00008304   0x00008304   0x00000028   Code   RO         2248    i.rt_free_mem       RTX_CM3.lib(rt_memory.o)
    0x0000832c   0x0000832c   0x00000028   Code   RO         1989    i.rt_get_first      RTX_CM3.lib(rt_list.o)
    0x00008354   0x00008354   0x00000024   Code   RO         1990    i.rt_get_same_rdy_prio  RTX_CM3.lib(rt_list.o)
    0x00008378   0x00008378   0x00000008   Code   RO          806    i.rt_id2obj         RTX_CM3.lib(rt_cmsis.o)
    0x00008380   0x00008380   0x00000048   Code   RO         1769    i.rt_init_context   RTX_CM3.lib(rt_task.o)
    0x000083c8   0x000083c8   0x0000001a   Code   RO         2249    i.rt_init_mem       RTX_CM3.lib(rt_memory.o)
    0x000083e2   0x000083e2   0x00000002   PAD
    0x000083e4   0x000083e4   0x00000018   Code   RO         2390    i.rt_init_robin     RTX_CM3.lib(rt_robin.o)
    0x000083fc   0x000083fc   0x00000080   Code   RO         2274    i.rt_init_stack     RTX_CM3.lib(hal_cm.o)
    0x0000847c   0x0000847c   0x00000008   Code   RO         2066    i.rt_mbx_check      RTX_CM3.lib(rt_mailbox.o)
    0x00008484   0x00008484   0x0000001a   Code   RO         2067    i.rt_mbx_init       RTX_CM3.lib(rt_mailbox.o)
    0x0000849e   0x0000849e   0x00000002   PAD
    0x000084a0   0x000084a0   0x000000f0   Code   RO         2068    i.rt_mbx_psh        RTX_CM3.lib(rt_mailbox.o)
    0x00008590   0x00008590   0x000000b4   Code   RO         2070    i.rt_mbx_wait       RTX_CM3.lib(rt_mailbox.o)
    0x00008644   0x00008644   0x00000044   Code   RO          807    i.rt_ms2tick        RTX_CM3.lib(rt_cmsis.o)
    0x00008688   0x00008688   0x00000010   Code   RO         2188    i.rt_mut_init       RTX_CM3.lib(rt_mutex.o)
    0x00008698   0x00008698   0x000000d8   Code   RO         2189    i.rt_mut_release    RTX_CM3.lib(rt_mutex.o)
    0x00008770   0x00008770   0x00000078   Code   RO         2190    i.rt_mut_wait       RTX_CM3.lib(rt_mutex.o)
    0x000087e8   0x000087e8   0x0000007c   Code   RO         1856    i.rt_pop_req        RTX_CM3.lib(rt_system.o)
    0x00008864   0x00008864   0x00000020   Code   RO         1857    i.rt_psh_req        RTX_CM3.lib(rt_system.o)
    0x00008884   0x00008884   0x0000005c   Code   RO         1991    i.rt_psq_enq        RTX_CM3.lib(rt_list.o)
    0x000088e0   0x000088e0   0x00000048   Code   RO         1992    i.rt_put_dly        RTX_CM3.lib(rt_list.o)
    0x00008928   0x00008928   0x00000036   Code   RO         1993    i.rt_put_prio       RTX_CM3.lib(rt_list.o)
    0x0000895e   0x0000895e   0x00000002   PAD
    0x00008960   0x00008960   0x00000014   Code   RO         1994    i.rt_put_rdy_first  RTX_CM3.lib(rt_list.o)
    0x00008974   0x00008974   0x00000034   Code   RO         1995    i.rt_resort_prio    RTX_CM3.lib(rt_list.o)
    0x000089a8   0x000089a8   0x00000006   Code   RO         2275    i.rt_ret_val        RTX_CM3.lib(hal_cm.o)
    0x000089ae   0x000089ae   0x00000008   Code   RO         2276    i.rt_ret_val2       RTX_CM3.lib(hal_cm.o)
    0x000089b6   0x000089b6   0x00000028   Code   RO         1996    i.rt_rmv_dly        RTX_CM3.lib(rt_list.o)
    0x000089de   0x000089de   0x00000002   PAD
    0x000089e0   0x000089e0   0x00000030   Code   RO         1997    i.rt_rmv_list       RTX_CM3.lib(rt_list.o)
    0x00008a10   0x00008a10   0x00000034   Code   RO         2115    i.rt_sem_psh        RTX_CM3.lib(rt_semaphore.o)
    0x00008a44   0x00008a44   0x00000028   Code   RO         1770    i.rt_switch_req     RTX_CM3.lib(rt_task.o)
    0x00008a6c   0x00008a6c   0x000000cc   Code   RO         1771    i.rt_sys_init       RTX_CM3.lib(rt_task.o)
    0x00008b38   0x00008b38   0x00000078   Code   RO         1772    i.rt_sys_start      RTX_CM3.lib(rt_task.o)
    0x00008bb0   0x00008bb0   0x00000040   Code   RO         1861    i.rt_systick        RTX_CM3.lib(rt_system.o)
    0x00008bf0   0x00008bf0   0x00000012   Code   RO          808    i.rt_tid2ptcb       RTX_CM3.lib(rt_cmsis.o)
    0x00008c02   0x00008c02   0x00000002   PAD
    0x00008c04   0x00008c04   0x00000034   Code   RO          809    i.rt_timer_insert   RTX_CM3.lib(rt_cmsis.o)
    0x00008c38   0x00008c38   0x0000003c   Code   RO          810    i.rt_timer_remove   RTX_CM3.lib(rt_cmsis.o)
    0x00008c74   0x00008c74   0x00000088   Code   RO         1773    i.rt_tsk_create     RTX_CM3.lib(rt_task.o)
    0x00008cfc   0x00008cfc   0x0000017c   Code   RO         1774    i.rt_tsk_delete     RTX_CM3.lib(rt_task.o)
    0x00008e78   0x00008e78   0x00000030   Code   RO         1775    i.rt_tsk_pass       RTX_CM3.lib(rt_task.o)
    0x00008ea8   0x00008ea8   0x0000007c   Code   RO         1776    i.rt_tsk_prio       RTX_CM3.lib(rt_task.o)
    0x00008f24   0x00008f24   0x00000010   Code   RO         1777    i.rt_tsk_self       RTX_CM3.lib(rt_task.o)
    0x00008f34   0x00008f34   0x00000048   Code   RO         1662    i.search_delim      Net_CM3_L.lib(net_http_server.o)
    0x00008f7c   0x00008f7c   0x00000028   Code   RO         1712    i.sntp_client_init  Net_CM3_L.lib(net_sntp_client.o)
    0x00008fa4   0x00008fa4   0x00000050   Code   RO         1713    i.sntp_client_run   Net_CM3_L.lib(net_sntp_client.o)
    0x00008ff4   0x00008ff4   0x0000007c   Code   RO         1714    i.sntp_get_time     Net_CM3_L.lib(net_sntp_client.o)
    0x00009070   0x00009070   0x00000078   Code   RO         1715    i.sntp_listener     Net_CM3_L.lib(net_sntp_client.o)
    0x000090e8   0x000090e8   0x0000002c   Code   RO         1716    i.sntp_send_message  Net_CM3_L.lib(net_sntp_client.o)
    0x00009114   0x00009114   0x00000018   Code   RO         1717    i.sntp_stop         Net_CM3_L.lib(net_sntp_client.o)
    0x0000912c   0x0000912c   0x00000012   Code   RO         2357    i.str_copy          Net_CM3_L.lib(net_common.o)
    0x0000913e   0x0000913e   0x00000016   Code   RO         2359    i.str_pos           Net_CM3_L.lib(net_common.o)
    0x00009154   0x00009154   0x0000001a   Code   RO         2360    i.str_scomp         Net_CM3_L.lib(net_common.o)
    0x0000916e   0x0000916e   0x0000001a   Code   RO         2362    i.str_up_case       Net_CM3_L.lib(net_common.o)
    0x00009188   0x00009188   0x00000012   Code   RO          811    i.svcDelay          RTX_CM3.lib(rt_cmsis.o)
    0x0000919a   0x0000919a   0x00000002   PAD
    0x0000919c   0x0000919c   0x00000070   Code   RO          812    i.svcKernelInitialize  RTX_CM3.lib(rt_cmsis.o)
    0x0000920c   0x0000920c   0x00000048   Code   RO          814    i.svcKernelStart    RTX_CM3.lib(rt_cmsis.o)
    0x00009254   0x00009254   0x00000038   Code   RO          815    i.svcKernelSysTick  RTX_CM3.lib(rt_cmsis.o)
    0x0000928c   0x0000928c   0x00000024   Code   RO          817    i.svcMessageCreate  RTX_CM3.lib(rt_cmsis.o)
    0x000092b0   0x000092b0   0x0000003a   Code   RO          818    i.svcMessageGet     RTX_CM3.lib(rt_cmsis.o)
    0x000092ea   0x000092ea   0x0000001c   Code   RO          820    i.svcMutexCreate    RTX_CM3.lib(rt_cmsis.o)
    0x00009306   0x00009306   0x00000022   Code   RO          822    i.svcMutexRelease   RTX_CM3.lib(rt_cmsis.o)
    0x00009328   0x00009328   0x0000003a   Code   RO          823    i.svcMutexWait      RTX_CM3.lib(rt_cmsis.o)
    0x00009362   0x00009362   0x00000024   Code   RO          830    i.svcSignalSet      RTX_CM3.lib(rt_cmsis.o)
    0x00009386   0x00009386   0x00000002   PAD
    0x00009388   0x00009388   0x00000054   Code   RO          831    i.svcSignalWait     RTX_CM3.lib(rt_cmsis.o)
    0x000093dc   0x000093dc   0x0000006c   Code   RO          832    i.svcThreadCreate   RTX_CM3.lib(rt_cmsis.o)
    0x00009448   0x00009448   0x0000001c   Code   RO          833    i.svcThreadGetId    RTX_CM3.lib(rt_cmsis.o)
    0x00009464   0x00009464   0x00000038   Code   RO          836    i.svcThreadTerminate  RTX_CM3.lib(rt_cmsis.o)
    0x0000949c   0x0000949c   0x0000000a   Code   RO          837    i.svcThreadYield    RTX_CM3.lib(rt_cmsis.o)
    0x000094a6   0x000094a6   0x00000018   Code   RO          838    i.svcTimerCall      RTX_CM3.lib(rt_cmsis.o)
    0x000094be   0x000094be   0x00000002   PAD
    0x000094c0   0x000094c0   0x00000038   Code   RO          839    i.svcTimerCreate    RTX_CM3.lib(rt_cmsis.o)
    0x000094f8   0x000094f8   0x00000064   Code   RO          841    i.svcTimerStart     RTX_CM3.lib(rt_cmsis.o)
    0x0000955c   0x0000955c   0x0000005c   Code   RO          847    i.sysTimerTick      RTX_CM3.lib(rt_cmsis.o)
    0x000095b8   0x000095b8   0x00000058   Code   RO         1535    i.tcp_abort         Net_CM3_L.lib(net_tcp.o)
    0x00009610   0x00009610   0x000000a0   Code   RO         1537    i.tcp_close         Net_CM3_L.lib(net_tcp.o)
    0x000096b0   0x000096b0   0x0000001e   Code   RO         1540    i.tcp_get_buf       Net_CM3_L.lib(net_tcp.o)
    0x000096ce   0x000096ce   0x00000002   PAD
    0x000096d0   0x000096d0   0x00000050   Code   RO         1542    i.tcp_get_socket    Net_CM3_L.lib(net_tcp.o)
    0x00009720   0x00009720   0x00000028   Code   RO         1543    i.tcp_get_state     Net_CM3_L.lib(net_tcp.o)
    0x00009748   0x00009748   0x0000006c   Code   RO         1545    i.tcp_listen        Net_CM3_L.lib(net_tcp.o)
    0x000097b4   0x000097b4   0x0000007c   Code   RO         1546    i.tcp_map_socket    Net_CM3_L.lib(net_tcp.o)
    0x00009830   0x00009830   0x00000024   Code   RO         1547    i.tcp_max_data_size  Net_CM3_L.lib(net_tcp.o)
    0x00009854   0x00009854   0x0000000c   Code   RO         1549    i.tcp_ntoa          Net_CM3_L.lib(net_tcp.o)
    0x00009860   0x00009860   0x0000005e   Code   RO         1550    i.tcp_parse_opt     Net_CM3_L.lib(net_tcp.o)
    0x000098be   0x000098be   0x00000002   PAD
    0x000098c0   0x000098c0   0x000000c4   Code   RO         1551    i.tcp_proc_acknr    Net_CM3_L.lib(net_tcp.o)
    0x00009984   0x00009984   0x00000052   Code   RO         1552    i.tcp_proc_dupack   Net_CM3_L.lib(net_tcp.o)
    0x000099d6   0x000099d6   0x00000002   PAD
    0x000099d8   0x000099d8   0x0000049a   Code   RO         1553    i.tcp_process       Net_CM3_L.lib(net_tcp.o)
    0x00009e72   0x00009e72   0x0000001a   Code   RO         1554    i.tcp_que_free      Net_CM3_L.lib(net_tcp.o)
    0x00009e8c   0x00009e8c   0x0000001a   Code   RO         1555    i.tcp_que_init      Net_CM3_L.lib(net_tcp.o)
    0x00009ea6   0x00009ea6   0x00000002   PAD
    0x00009ea8   0x00009ea8   0x00000094   Code   RO         1556    i.tcp_que_resend    Net_CM3_L.lib(net_tcp.o)
    0x00009f3c   0x00009f3c   0x000000e0   Code   RO         1560    i.tcp_send          Net_CM3_L.lib(net_tcp.o)
    0x0000a01c   0x0000a01c   0x00000066   Code   RO         1561    i.tcp_send_ctrl     Net_CM3_L.lib(net_tcp.o)
    0x0000a082   0x0000a082   0x0000004c   Code   RO         1562    i.tcp_send_data     Net_CM3_L.lib(net_tcp.o)
    0x0000a0ce   0x0000a0ce   0x00000060   Code   RO         1563    i.tcp_send_reset    Net_CM3_L.lib(net_tcp.o)
    0x0000a12e   0x0000a12e   0x00000026   Code   RO         1564    i.tcp_set_cwnd      Net_CM3_L.lib(net_tcp.o)
    0x0000a154   0x0000a154   0x00000014   Code   RO         1565    i.tcp_socket_init   Net_CM3_L.lib(net_tcp.o)
    0x0000a168   0x0000a168   0x000002a8   Code   RO         1566    i.tcp_socket_poll   Net_CM3_L.lib(net_tcp.o)
    0x0000a410   0x0000a410   0x00000068   Code   RO         1567    i.tcp_transit       Net_CM3_L.lib(net_tcp.o)
    0x0000a478   0x0000a478   0x000000a4   Code   RO         1568    i.tcp_write         Net_CM3_L.lib(net_tcp.o)
    0x0000a51c   0x0000a51c   0x0000002c   Code   RO         1504    i.udp_close         Net_CM3_L.lib(net_udp.o)
    0x0000a548   0x0000a548   0x0000001e   Code   RO         1506    i.udp_get_buf       Net_CM3_L.lib(net_udp.o)
    0x0000a566   0x0000a566   0x00000002   PAD
    0x0000a568   0x0000a568   0x00000048   Code   RO         1507    i.udp_get_socket    Net_CM3_L.lib(net_udp.o)
    0x0000a5b0   0x0000a5b0   0x0000006c   Code   RO         1510    i.udp_open          Net_CM3_L.lib(net_udp.o)
    0x0000a61c   0x0000a61c   0x0000002c   Code   RO         1511    i.udp_port_in_use   Net_CM3_L.lib(net_udp.o)
    0x0000a648   0x0000a648   0x00000098   Code   RO         1512    i.udp_process       Net_CM3_L.lib(net_udp.o)
    0x0000a6e0   0x0000a6e0   0x00000108   Code   RO         1514    i.udp_send          Net_CM3_L.lib(net_udp.o)
    0x0000a7e8   0x0000a7e8   0x00000014   Code   RO         1515    i.udp_socket_init   Net_CM3_L.lib(net_udp.o)
    0x0000a7fc   0x0000a7fc   0x000000f0   Code   RO         1663    i.utc_to_http       Net_CM3_L.lib(net_http_server.o)
    0x0000a8ec   0x0000a8ec   0x00000028   Data   RO            7    .constdata          http_server.o
    0x0000a914   0x0000a914   0x00000004   Data   RO          172    .constdata          web.o
    0x0000a918   0x0000a918   0x00006c53   Data   RO          173    .constdata          web.o
    0x0001156b   0x0001156b   0x00000001   PAD
    0x0001156c   0x0001156c   0x000000a0   Data   RO          174    .constdata          web.o
    0x0001160c   0x0001160c   0x00000008   Data   RO          195    .constdata          leds.o
    0x00011614   0x00011614   0x00000960   Data   RO          223    .constdata          lcd.o
    0x00011f74   0x00011f74   0x00000010   Data   RO          406    .constdata          rebotes.o
    0x00011f84   0x00011f84   0x00000002   Data   RO          441    .constdata          rtx_conf_cm.o
    0x00011f86   0x00011f86   0x00000002   PAD
    0x00011f88   0x00011f88   0x00000004   Data   RO          442    .constdata          rtx_conf_cm.o
    0x00011f8c   0x00011f8c   0x00000004   Data   RO          443    .constdata          rtx_conf_cm.o
    0x00011f90   0x00011f90   0x00000002   Data   RO          445    .constdata          rtx_conf_cm.o
    0x00011f92   0x00011f92   0x00000002   Data   RO          446    .constdata          rtx_conf_cm.o
    0x00011f94   0x00011f94   0x00000004   Data   RO          447    .constdata          rtx_conf_cm.o
    0x00011f98   0x00011f98   0x00000001   Data   RO          448    .constdata          rtx_conf_cm.o
    0x00011f99   0x00011f99   0x00000003   PAD
    0x00011f9c   0x00011f9c   0x00000020   Data   RO          449    .constdata          rtx_conf_cm.o
    0x00011fbc   0x00011fbc   0x00000002   Data   RO          450    .constdata          rtx_conf_cm.o
    0x00011fbe   0x00011fbe   0x00000002   PAD
    0x00011fc0   0x00011fc0   0x00000004   Data   RO          451    .constdata          rtx_conf_cm.o
    0x00011fc4   0x00011fc4   0x00000004   Data   RO          452    .constdata          rtx_conf_cm.o
    0x00011fc8   0x00011fc8   0x00000001   Data   RO          453    .constdata          rtx_conf_cm.o
    0x00011fc9   0x00011fc9   0x00000003   PAD
    0x00011fcc   0x00011fcc   0x00000010   Data   RO          454    .constdata          rtx_conf_cm.o
    0x00011fdc   0x00011fdc   0x00000008   Data   RO          455    .constdata          rtx_conf_cm.o
    0x00011fe4   0x00011fe4   0x00000002   Data   RO          456    .constdata          rtx_conf_cm.o
    0x00011fe6   0x00011fe6   0x00000004   Data   RO          487    .constdata          phy_dp83848c.o
    0x00011fea   0x00011fea   0x00000002   PAD
    0x00011fec   0x00011fec   0x00000020   Data   RO          488    .constdata          phy_dp83848c.o
    0x0001200c   0x0001200c   0x00000008   Data   RO          509    .constdata          emac_lpc17xx.o
    0x00012014   0x00012014   0x00000044   Data   RO          510    .constdata          emac_lpc17xx.o
    0x00012058   0x00012058   0x00000050   Data   RO          553    .constdata          ssp_lpc17xx.o
    0x000120a8   0x000120a8   0x0000002c   Data   RO          554    .constdata          ssp_lpc17xx.o
    0x000120d4   0x000120d4   0x0000003c   Data   RO          711    .constdata          net_config.o
    0x00012110   0x00012110   0x00000010   Data   RO          712    .constdata          net_config.o
    0x00012120   0x00012120   0x00000028   Data   RO          713    .constdata          net_config.o
    0x00012148   0x00012148   0x00000008   Data   RO          714    .constdata          net_config.o
    0x00012150   0x00012150   0x00000018   Data   RO          715    .constdata          net_config.o
    0x00012168   0x00012168   0x00000018   Data   RO          716    .constdata          net_config.o
    0x00012180   0x00012180   0x00000005   Data   RO          717    .constdata          net_config.o
    0x00012185   0x00012185   0x00000003   PAD
    0x00012188   0x00012188   0x0000001c   Data   RO         1391    .constdata          Net_CM3_L.lib(net_eth.o)
    0x000121a4   0x000121a4   0x00000008   Data   RO         1468    .constdata          Net_CM3_L.lib(net_ip.o)
    0x000121ac   0x000121ac   0x0000002c   Data   RO         1569    .constdata          Net_CM3_L.lib(net_tcp.o)
    0x000121d8   0x000121d8   0x00000008   Data   RO         1614    .constdata          Net_CM3_L.lib(net_nbns_client.o)
    0x000121e0   0x000121e0   0x000000fa   Data   RO         1664    .constdata          Net_CM3_L.lib(net_http_server.o)
    0x000122da   0x000122da   0x00000008   Data   RO         1737    .constdata          Net_CM3_L.lib(net_addr4.o)
    0x000122e2   0x000122e2   0x00000002   PAD
    0x000122e4   0x000122e4   0x00000008   Data   RO         1756    .constdata          Net_CM3_L.lib(net_sys.o)
    0x000122ec   0x000122ec   0x00000018   Data   RO         2319    .constdata          Net_CM3_L.lib(net_http_server_err.o)
    0x00012304   0x00012304   0x00000004   Data   RO         2336    .constdata          Net_CM3_L.lib(net_mem.o)
    0x00012308   0x00012308   0x0000000c   Data   RO         2430    .constdata          mc_w.l(localtime.o)
    0x00012314   0x00012314   0x00000081   Data   RO         2780    .constdata          mc_w.l(ctype_o.o)
    0x00012395   0x00012395   0x00000003   PAD
    0x00012398   0x00012398   0x00000004   Data   RO         2781    .constdata          mc_w.l(ctype_o.o)
    0x0001239c   0x0001239c   0x000000da   Data   RO          126    .conststring        http_server_cgi.o
    0x00012476   0x00012476   0x00000002   PAD
    0x00012478   0x00012478   0x0000001d   Data   RO          718    .conststring        net_config.o
    0x00012495   0x00012495   0x00000003   PAD
    0x00012498   0x00012498   0x0000006d   Data   RO         1570    .conststring        Net_CM3_L.lib(net_tcp.o)
    0x00012505   0x00012505   0x00000003   PAD
    0x00012508   0x00012508   0x00000203   Data   RO         2320    .conststring        Net_CM3_L.lib(net_http_server_err.o)
    0x0001270b   0x0001270b   0x00000001   PAD
    0x0001270c   0x0001270c   0x00000020   Data   RO         2817    Region$$Table       anon$$obj.o


    Execution Region RW_IRAM1 (Exec base: 0x10000000, Load base: 0x0001272c, Size: 0x00007e60, Max: 0x00008000, ABSOLUTE)

    Exec Addr    Load Addr    Size         Type   Attr      Idx    E Section Name        Object

    0x10000000   0x0001272c   0x0000000c   Data   RW            8    .data               http_server.o
    0x1000000c   0x00012738   0x00000008   Data   RW          127    .data               http_server_cgi.o
    0x10000014   0x00012740   0x0000000c   Data   RW          224    .data               lcd.o
    0x10000020   0x0001274c   0x00000004   Data   RW          264    .data               adc.o
    0x10000024   0x00012750   0x00000004   Data   RW          407    .data               rebotes.o
    0x10000028   0x00012754   0x00000004   Data   RW          458    .data               rtx_conf_cm.o
    0x1000002c   0x00012758   0x00000004   Data   RW          459    .data               rtx_conf_cm.o
    0x10000030   0x0001275c   0x00000004   Data   RW          460    .data               rtx_conf_cm.o
    0x10000034   0x00012760   0x00000018   Data   RW          511    .data               emac_lpc17xx.o
    0x1000004c   0x00012778   0x00000002   Data   RW          555    .data               ssp_lpc17xx.o
    0x1000004e   0x0001277a   0x00000002   Data   RW          556    .data               ssp_lpc17xx.o
    0x10000050   0x0001277c   0x00000002   Data   RW          557    .data               ssp_lpc17xx.o
    0x10000052   0x0001277e   0x00000002   Data   RW          558    .data               ssp_lpc17xx.o
    0x10000054   0x00012780   0x00000008   Data   RW          559    .data               ssp_lpc17xx.o
    0x1000005c   0x00012788   0x00000008   Data   RW          594    .data               gpdma_lpc17xx.o
    0x10000064   0x00012790   0x00000004   Data   RW          678    .data               system_lpc17xx_1.o
    0x10000068   0x00012794   0x00000010   Data   RW          719    .data               net_config.o
    0x10000078   0x000127a4   0x00000006   Data   RW          720    .data               net_config.o
    0x1000007e   0x000127aa   0x00000002   PAD
    0x10000080   0x000127ac   0x00000008   Data   RW          850    .data               RTX_CM3.lib(rt_cmsis.o)
    0x10000088   0x000127b4   0x00000004   Data   RW         1392    .data               Net_CM3_L.lib(net_eth.o)
    0x1000008c   0x000127b8   0x00000008   Data   RW         1429    .data               Net_CM3_L.lib(net_arp.o)
    0x10000094   0x000127c0   0x00000002   Data   RW         1516    .data               Net_CM3_L.lib(net_udp.o)
    0x10000096   0x000127c2   0x00000004   Data   RW         1571    .data               Net_CM3_L.lib(net_tcp.o)
    0x1000009a   0x000127c6   0x00000001   Data   RW         1615    .data               Net_CM3_L.lib(net_nbns_client.o)
    0x1000009b   0x000127c7   0x00000001   PAD
    0x1000009c   0x000127c8   0x0000000c   Data   RW         1665    .data               Net_CM3_L.lib(net_http_server.o)
    0x100000a8   0x000127d4   0x00000008   Data   RW         1779    .data               RTX_CM3.lib(rt_task.o)
    0x100000b0   0x000127dc   0x00000008   Data   RW         1864    .data               RTX_CM3.lib(rt_system.o)
    0x100000b8   0x000127e4   0x00000004   Data   RW         2158    .data               RTX_CM3.lib(rt_time.o)
    0x100000bc   0x000127e8   0x00000001   Data   RW         2277    .data               RTX_CM3.lib(hal_cm.o)
    0x100000bd   0x000127e9   0x00000003   PAD
    0x100000c0   0x000127ec   0x00000008   Data   RW         2391    .data               RTX_CM3.lib(rt_robin.o)
    0x100000c8   0x000127f4   0x00000004   Data   RW         2747    .data               mc_w.l(errno.o)
    0x100000cc        -       0x0000006e   Zero   RW            5    .bss                http_server.o
    0x1000013a   0x000127f8   0x00000002   PAD
    0x1000013c        -       0x00000018   Zero   RW            6    .bss                http_server.o
    0x10000154        -       0x00000200   Zero   RW          222    .bss                lcd.o
    0x10000354        -       0x00000028   Zero   RW          368    .bss                rtc.o
    0x1000037c        -       0x00000020   Zero   RW          435    .bss                rtx_conf_cm.o
    0x1000039c        -       0x00000178   Zero   RW          436    .bss                rtx_conf_cm.o
    0x10000514   0x000127f8   0x00000004   PAD
    0x10000518        -       0x000012d0   Zero   RW          437    .bss                rtx_conf_cm.o
    0x100017e8        -       0x00000408   Zero   RW          438    .bss                rtx_conf_cm.o
    0x10001bf0        -       0x00000084   Zero   RW          439    .bss                rtx_conf_cm.o
    0x10001c74        -       0x0000001c   Zero   RW          440    .bss                rtx_conf_cm.o
    0x10001c90        -       0x0000000c   Zero   RW          486    .bss                phy_dp83848c.o
    0x10001c9c   0x000127f8   0x00000004   PAD
    0x10001ca0        -       0x00002a74   Zero   RW          508    .bss                emac_lpc17xx.o
    0x10004714        -       0x0000000c   Zero   RW          551    .bss                ssp_lpc17xx.o
    0x10004720        -       0x0000001c   Zero   RW          552    .bss                ssp_lpc17xx.o
    0x1000473c        -       0x000000a0   Zero   RW          593    .bss                gpdma_lpc17xx.o
    0x100047dc        -       0x00000014   Zero   RW          705    .bss                net_config.o
    0x100047f0        -       0x00002ee0   Zero   RW          706    .bss                net_config.o
    0x100076d0        -       0x0000008c   Zero   RW          707    .bss                net_config.o
    0x1000775c        -       0x0000003c   Zero   RW          708    .bss                net_config.o
    0x10007798        -       0x00000198   Zero   RW          709    .bss                net_config.o
    0x10007930        -       0x00000138   Zero   RW          710    .bss                net_config.o
    0x10007a68        -       0x00000088   Zero   RW         1390    .bss                Net_CM3_L.lib(net_eth.o)
    0x10007af0        -       0x0000000c   Zero   RW         1467    .bss                Net_CM3_L.lib(net_ip.o)
    0x10007afc        -       0x00000010   Zero   RW         1492    .bss                Net_CM3_L.lib(net_icmp.o)
    0x10007b0c        -       0x00000010   Zero   RW         1718    .bss                Net_CM3_L.lib(net_sntp_client.o)
    0x10007b1c        -       0x00000022   Zero   RW         1736    .bss                Net_CM3_L.lib(net_addr4.o)
    0x10007b3e   0x000127f8   0x00000002   PAD
    0x10007b40        -       0x00000054   Zero   RW         1754    .bss                Net_CM3_L.lib(net_sys.o)
    0x10007b94        -       0x00000018   Zero   RW         1755    .bss                Net_CM3_L.lib(net_sys.o)
    0x10007bac        -       0x00000034   Zero   RW         1778    .bss                RTX_CM3.lib(rt_task.o)
    0x10007be0        -       0x00000030   Zero   RW         1998    .bss                RTX_CM3.lib(rt_list.o)
    0x10007c10        -       0x00000010   Zero   RW         2334    .bss                Net_CM3_L.lib(net_mem.o)
    0x10007c20        -       0x00000014   Zero   RW         2335    .bss                Net_CM3_L.lib(net_mem.o)
    0x10007c34        -       0x0000002c   Zero   RW         2429    .bss                mc_w.l(localtime.o)
    0x10007c60        -       0x00000200   Zero   RW          664    STACK               startup_lpc17xx_1.o


==============================================================================

Image component sizes


      Code (inc. data)   RO Data    RW Data    ZI Data      Debug   Object Name

       220         16          0          4          0      28740   adc.o
      2532        100         76         24      10868      42209   emac_lpc17xx.o
       872         20          0          8        160       5705   gpdma_lpc17xx.o
       124         10          0          0          0       1689   gpio_lpc17xx.o
       692        142         40         12        134      40414   http_server.o
      1344        284        218          8          0      22330   http_server_cgi.o
       768         18       2400         12        512       4113   lcd.o
       232          6          8          0          0       2088   leds.o
       268         18          0          0          0       2205   lpc17xx_clkpwr.o
         2          0          0          0          0        747   lpc17xx_libcfg_default.o
      2192         94          0          0          0      11711   lpc17xx_rtc.o
       110          0        206         22      12940       4508   net_config.o
       432         10         36          0         12       6498   phy_dp83848c.o
       152          6          0          0          0       1488   pin_lpc17xx.o
       304         14         16          4          0       1764   rebotes.o
       500         54          0          0         40      29530   rtc.o
        30          6         88         12       6416       7623   rtx_conf_cm.o
      2956         26        124         16         40      17846   ssp_lpc17xx.o
        40         12        204          0        512       1052   startup_lpc17xx_1.o
       412         32          0          4          0       1169   system_lpc17xx_1.o
        92         10      27895          0          0       1664   web.o

    ----------------------------------------------------------------------
     14274        878      31364        128      31644     235093   Object Totals
         0          0         32          0          0          0   (incl. Generated)
         0          0         21          2         10          0   (incl. Padding)

    ----------------------------------------------------------------------

      Code (inc. data)   RO Data    RW Data    ZI Data      Debug   Library Member Name

       186         44          8          0         34        224   net_addr4.o
      1696        128          0          8          0       1024   net_arp.o
       324          4          0          0          0        584   net_common.o
      1152        110         28          4        136        792   net_eth.o
      5484       1186        250         12          0       2476   net_http_server.o
         0          0        539          0          0          0   net_http_server_err.o
       436         34          0          0         16        308   net_icmp.o
      1070         88          8          0         12        816   net_ip.o
       460         52          4          0         36        556   net_mem.o
       400         26          8          1          0        184   net_nbns_client.o
       432         56          0          0         16        472   net_sntp_client.o
       224         48          8          0        108        288   net_sys.o
      3932        164        153          4          0       2068   net_tcp.o
       734         40          0          2          0        624   net_udp.o
       238         24          0          1          0       3244   hal_cm.o
       304         36          0          0          0        756   hal_cm3.o
      1966        228          0          8          0      46016   rt_cmsis.o
       272         18          0          0          0       2606   rt_event.o
       566         44          0          0         48       8688   rt_list.o
       554         10          0          0          0       3889   rt_mailbox.o
       140          0          0          0          0       1889   rt_membox.o
       128          0          0          0          0       2267   rt_memory.o
       352         14          0          0          0       2073   rt_mutex.o
        96         22          0          8          0       1134   rt_robin.o
        52          4          0          0          0        565   rt_semaphore.o
       298         56          0          8          0       6572   rt_system.o
      1264        184          0          8         52      10023   rt_task.o
         6          0          0          4          0        636   rt_time.o
         4          4          0          0          0        196   svc_table.o
        56          8          0          0          0         84   __0sscanf.o
        28          0          0          0          0         68   _chval.o
       812          4          0          0          0        112   _scanf.o
       332          0          0          0          0         96   _scanf_int.o
        64          0          0          0          0         84   _sgetc.o
       158          0          0          0          0         92   _strtoul.o
        26          0          0          0          0         80   atoi.o
         8          4        133          0          0         68   ctype_o.o
         0          0          0          0          0          0   entry.o
         0          0          0          0          0          0   entry10a.o
         0          0          0          0          0          0   entry11a.o
         8          4          0          0          0          0   entry2.o
         4          0          0          0          0          0   entry5.o
         0          0          0          0          0          0   entry7b.o
         0          0          0          0          0          0   entry8b.o
         8          4          0          4          0         68   errno.o
        30          0          0          0          0          0   handlers.o
        36          8          0          0          0         68   init.o
        18          0          0          0          0         76   isspace_o.o
         0          0          0          0          0          0   iusefp.o
        30          0          0          0          0         68   llshl.o
        36          0          0          0          0         68   llsshr.o
        32          0          0          0          0         68   llushr.o
       148         10         12          0         44         76   localtime.o
        26          0          0          0          0         80   memcmp.o
        36          0          0          0          0         68   memcpya.o
        36          0          0          0          0        108   memseta.o
      2276         86          0          0          0        520   printfa.o
        40          8          0          0          0         84   scanf_char.o
        28          0          0          0          0         76   strcmp.o
        18          0          0          0          0         68   strcpy.o
        14          0          0          0          0         68   strlen.o
        30          0          0          0          0         80   strncmp.o
       112          0          0          0          0         88   strtol.o
        44          0          0          0          0         80   uidiv.o
        98          0          0          0          0         92   uldiv.o
        48          0          0          0          0         68   cdrcmple.o
       334          0          0          0          0        148   dadd.o
       222          0          0          0          0        100   ddiv.o
       186          0          0          0          0        176   depilogue.o
        48          0          0          0          0         68   dfixul.o
       228          0          0          0          0         96   dmul.o
        38          0          0          0          0         68   f2d.o
       110          0          0          0          0        168   fepilogue.o
        10          0          0          0          0         68   ffltui.o
       100          0          0          0          0         76   fmul.o
        24          0          0          0          0         68   fscalb.o

    ----------------------------------------------------------------------
     28766       2760       1160         76        504     104662   Library Totals
        56          0          9          4          2          0   (incl. Padding)

    ----------------------------------------------------------------------

      Code (inc. data)   RO Data    RW Data    ZI Data      Debug   Library Name

     16530       1980       1006         31        358      10416   Net_CM3_L.lib
      6240        644          0         37        100      90554   RTX_CM3.lib
      4592        136        145          4         44       2588   mc_w.l
      1348          0          0          0          0       1104   mf_w.l

    ----------------------------------------------------------------------
     28766       2760       1160         76        504     104662   Library Totals

    ----------------------------------------------------------------------

==============================================================================


      Code (inc. data)   RO Data    RW Data    ZI Data      Debug   

     43040       3638      32524        204      32148     323735   Grand Totals
     43040       3638      32524        204      32148     323735   ELF Image Totals
     43040       3638      32524        204          0          0   ROM Totals

==============================================================================

    Total RO  Size (Code + RO Data)                75564 (  73.79kB)
    Total RW  Size (RW Data + ZI Data)             32352 (  31.59kB)
    Total ROM Size (Code + RO Data + RW Data)      75768 (  73.99kB)

==============================================================================

